Analyzing lib...                                                

   info - 'Future'-returning calls in a non-'async' function - lib\app\view\app.dart:56:16 - discarded_futures
   info - 'Future'-returning calls in a non-'async' function - lib\app\view\app.dart:61:18 - discarded_futures
   info - Unnecessary use of double quotes - lib\app\view\app.dart:87:16 - prefer_single_quotes
   info - The value of the argument is redundant because it matches the default value - lib\app\view\app.dart:166:26 - avoid_redundant_argument_values
   info - 'Future'-returning calls in a non-'async' function - lib\app\view\app.dart:200:16 - discarded_futures
   info - 'Future'-returning calls in a non-'async' function - lib\app\view\app.dart:201:19 - discarded_futures
   info - 'Future'-returning calls in a non-'async' function - lib\app\view\app.dart:202:18 - discarded_futures
   info - 'withOpacity' is deprecated and shouldn't be used. Use .withValues() to avoid precision loss - lib\app\view\app.dart:240:30 - deprecated_member_use
   info - 'withOpacity' is deprecated and shouldn't be used. Use .withValues() to avoid precision loss - lib\app\view\app.dart:241:31 - deprecated_member_use
   info - Missing a newline at the end of the file - lib\app\view\app.dart:246:2 - eol_at_end_of_file
   info - Constructor declarations should be before non-constructor declarations - lib\app\view\app_config.dart:21:11 - sort_constructors_first
   info - Constructor declarations should be before non-constructor declarations - lib\app\view\app_config.dart:31:11 - sort_constructors_first
   info - The value of the argument is redundant because it matches the default value - lib\app\view\app_config.dart:36:19 - avoid_redundant_argument_values
   info - Constructor declarations should be before non-constructor declarations - lib\app\view\app_config.dart:41:11 - sort_constructors_first
   info - The value of the argument is redundant because it matches the default value - lib\app\view\app_config.dart:45:22 - avoid_redundant_argument_values
   info - The value of the argument is redundant because it matches the default value - lib\app\view\app_config.dart:46:19 - avoid_redundant_argument_values
   info - The line length exceeds the 80-character limit - lib\app\view\app_config.dart:55:81 - lines_longer_than_80_chars
   info - Missing a newline at the end of the file - lib\app\view\app_config.dart:63:2 - eol_at_end_of_file
   info - Sort directive sections alphabetically - lib\app\view\app_router.dart:4:1 - directives_ordering
   info - Sort directive sections alphabetically - lib\app\view\app_router.dart:11:1 - directives_ordering
  error - The returned type 'SplashPage' isn't returnable from a 'Widget' function, as required by the closure's context - lib\app\view\app_router.dart:32:27 - return_of_invalid_type_from_closure
   info - The line length exceeds the 80-character limit - lib\app\view\app_router.dart:49:81 - lines_longer_than_80_chars
   info - Unnecessary use of multiple underscores - lib\app\view\app_router.dart:81:28 - unnecessary_underscores
   info - Unnecessary use of multiple underscores - lib\app\view\app_router.dart:81:32 - unnecessary_underscores
   info - Unnecessary use of a 'double' literal - lib\app\view\app_router.dart:83:35 - prefer_int_literals
   info - Unnecessary use of a 'double' literal - lib\app\view\app_router.dart:83:40 - prefer_int_literals
   info - Local variables should be final - lib\app\view\app_router.dart:87:13 - prefer_final_locals
   info - The line length exceeds the 80-character limit - lib\app\view\app_router.dart:87:81 - lines_longer_than_80_chars
   info - Local variables should be final - lib\app\view\app_router.dart:88:13 - prefer_final_locals
   info - Missing a newline at the end of the file - lib\app\view\app_router.dart:139:2 - eol_at_end_of_file
   info - Missing a newline at the end of the file - lib\core\constants\app_constants.dart:43:2 - eol_at_end_of_file
   info - The line length exceeds the 80-character limit - lib\core\constants\app_strings.dart:34:81 - lines_longer_than_80_chars
   info - Missing a newline at the end of the file - lib\core\constants\app_strings.dart:57:2 - eol_at_end_of_file
   info - 'Future'-returning calls in a non-'async' function - lib\core\locale\cubit\locale_cubit.dart:9:5 - discarded_futures
   info - Catch clause should use 'on' to specify the type of exception being caught - lib\core\locale\cubit\locale_cubit.dart:26:7 - avoid_catches_without_on_clauses
   info - Catch clause should use 'on' to specify the type of exception being caught - lib\core\locale\cubit\locale_cubit.dart:43:7 - avoid_catches_without_on_clauses
   info - The line length exceeds the 80-character limit - lib\core\locale\widgets\language_selector_bottom_sheet.dart:63:81 - lines_longer_than_80_chars
   info - 'Future'-returning calls in a non-'async' function - lib\core\locale\widgets\language_selector_bottom_sheet.dart:68:53 - discarded_futures
   info - 'withOpacity' is deprecated and shouldn't be used. Use .withValues() to avoid precision loss - lib\core\locale\widgets\language_selector_bottom_sheet.dart:112:49 - deprecated_member_use
   info - Use 'const' with the constructor to improve performance - lib\core\locale\widgets\language_selector_bottom_sheet.dart:149:17 - prefer_const_constructors
   info - Sort directive sections alphabetically - lib\core\services\audio_recording_service.dart:3:1 - directives_ordering
   info - Sort directive sections alphabetically - lib\core\services\audio_recording_service.dart:4:1 - directives_ordering
   info - Unnecessary 'await' - lib\core\services\audio_recording_service.dart:10:12 - unnecessary_await_in_return
   info - The line length exceeds the 80-character limit - lib\core\services\audio_recording_service.dart:21:81 - lines_longer_than_80_chars
   info - Don't invoke 'print' in production code - lib\core\services\audio_recording_service.dart:26:7 - avoid_print
   info - Catch clause should use 'on' to specify the type of exception being caught - lib\core\services\audio_recording_service.dart:35:7 - avoid_catches_without_on_clauses
   info - Don't invoke 'print' in production code - lib\core\services\audio_recording_service.dart:36:7 - avoid_print
   info - Use of an async 'dart:io' method - lib\core\services\audio_recording_service.dart:46:19 - avoid_slow_async_io
   info - Catch clause should use 'on' to specify the type of exception being caught - lib\core\services\audio_recording_service.dart:50:7 - avoid_catches_without_on_clauses
   info - Don't invoke 'print' in production code - lib\core\services\audio_recording_service.dart:51:7 - avoid_print
   info - 'Future'-returning calls in a non-'async' function - lib\core\services\audio_recording_service.dart:56:13 - discarded_futures
   info - The line length exceeds the 80-character limit - lib\core\theme\app_colors.dart:5:81 - lines_longer_than_80_chars
   info - The line length exceeds the 80-character limit - lib\core\theme\app_colors.dart:10:81 - lines_longer_than_80_chars
   info - The line length exceeds the 80-character limit - lib\core\theme\app_colors.dart:12:81 - lines_longer_than_80_chars
   info - The line length exceeds the 80-character limit - lib\core\theme\app_colors.dart:18:81 - lines_longer_than_80_chars
   info - The line length exceeds the 80-character limit - lib\core\theme\app_colors.dart:21:81 - lines_longer_than_80_chars
   info - The line length exceeds the 80-character limit - lib\core\theme\app_colors.dart:27:81 - lines_longer_than_80_chars
   info - The line length exceeds the 80-character limit - lib\core\theme\app_colors.dart:36:81 - lines_longer_than_80_chars
   info - Missing a newline at the end of the file - lib\core\theme\app_spacing.dart:24:2 - eol_at_end_of_file
   info - Sort directive sections alphabetically - lib\core\theme\app_text_styles.dart:5:1 - directives_ordering
   info - The value of the argument is redundant because it matches the default value - lib\core\theme\app_theme.dart:38:20 - avoid_redundant_argument_values
   info - The value of the argument is redundant because it matches the default value - lib\core\theme\app_theme.dart:42:18 - avoid_redundant_argument_values
   info - The value of the argument is redundant because it matches the default value - lib\core\theme\app_theme.dart:43:18 - avoid_redundant_argument_values
   info - The line length exceeds the 80-character limit - lib\core\theme\app_theme.dart:84:81 - lines_longer_than_80_chars
   info - The value of the argument is redundant because it matches the default value - lib\core\theme\app_theme.dart:87:77 - avoid_redundant_argument_values
   info - Unnecessary use of a 'double' literal - lib\core\theme\app_theme.dart:87:77 - prefer_int_literals
   info - The line length exceeds the 80-character limit - lib\core\theme\app_theme.dart:87:81 - lines_longer_than_80_chars
   info - The value of the argument is redundant because it matches the default value - lib\core\theme\app_theme.dart:91:77 - avoid_redundant_argument_values
   info - Unnecessary use of a 'double' literal - lib\core\theme\app_theme.dart:91:77 - prefer_int_literals
   info - The line length exceeds the 80-character limit - lib\core\theme\app_theme.dart:91:81 - lines_longer_than_80_chars
   info - The value of the argument is redundant because it matches the default value - lib\core\theme\app_theme.dart:95:79 - avoid_redundant_argument_values
   info - Unnecessary use of a 'double' literal - lib\core\theme\app_theme.dart:95:79 - prefer_int_literals
   info - The line length exceeds the 80-character limit - lib\core\theme\app_theme.dart:95:81 - lines_longer_than_80_chars
   info - The line length exceeds the 80-character limit - lib\core\theme\app_theme.dart:101:81 - lines_longer_than_80_chars
   info - The line length exceeds the 80-character limit - lib\core\theme\app_theme.dart:114:81 - lines_longer_than_80_chars
   info - The line length exceeds the 80-character limit - lib\core\theme\app_theme.dart:169:81 - lines_longer_than_80_chars
   info - The line length exceeds the 80-character limit - lib\core\theme\app_theme.dart:170:81 - lines_longer_than_80_chars
   info - The line length exceeds the 80-character limit - lib\core\theme\app_theme.dart:171:81 - lines_longer_than_80_chars
   info - The line length exceeds the 80-character limit - lib\core\theme\app_theme.dart:172:81 - lines_longer_than_80_chars
   info - The line length exceeds the 80-character limit - lib\core\theme\app_theme.dart:173:81 - lines_longer_than_80_chars
   info - The line length exceeds the 80-character limit - lib\core\theme\app_theme.dart:174:81 - lines_longer_than_80_chars
   info - The line length exceeds the 80-character limit - lib\core\theme\app_theme.dart:175:81 - lines_longer_than_80_chars
   info - The line length exceeds the 80-character limit - lib\core\theme\app_theme.dart:176:81 - lines_longer_than_80_chars
   info - The line length exceeds the 80-character limit - lib\core\theme\app_theme.dart:177:81 - lines_longer_than_80_chars
   info - The line length exceeds the 80-character limit - lib\core\theme\app_theme.dart:178:81 - lines_longer_than_80_chars
   info - The line length exceeds the 80-character limit - lib\core\theme\app_theme.dart:334:81 - lines_longer_than_80_chars
   info - The line length exceeds the 80-character limit - lib\core\theme\app_theme.dart:335:81 - lines_longer_than_80_chars
   info - The line length exceeds the 80-character limit - lib\core\theme\app_theme.dart:336:81 - lines_longer_than_80_chars
   info - The line length exceeds the 80-character limit - lib\core\theme\app_theme.dart:337:81 - lines_longer_than_80_chars
   info - The line length exceeds the 80-character limit - lib\core\theme\app_theme.dart:338:81 - lines_longer_than_80_chars
   info - The line length exceeds the 80-character limit - lib\core\theme\app_theme.dart:339:81 - lines_longer_than_80_chars
   info - The line length exceeds the 80-character limit - lib\core\theme\app_theme.dart:340:81 - lines_longer_than_80_chars
   info - The line length exceeds the 80-character limit - lib\core\theme\app_theme.dart:341:81 - lines_longer_than_80_chars
   info - The line length exceeds the 80-character limit - lib\core\theme\app_theme.dart:342:81 - lines_longer_than_80_chars
   info - The line length exceeds the 80-character limit - lib\core\theme\app_theme.dart:343:81 - lines_longer_than_80_chars
   info - Unnecessary use of a 'double' literal - lib\core\widgets\android_optimization.dart:11:33 - prefer_int_literals
   info - Unnecessary use of a 'double' literal - lib\core\widgets\android_optimization.dart:11:43 - prefer_int_literals
   info - Unnecessary use of a 'double' literal - lib\core\widgets\android_optimization.dart:14:31 - prefer_int_literals
   info - Unnecessary use of a 'double' literal - lib\core\widgets\android_optimization.dart:14:36 - prefer_int_literals
   info - The value of the argument is redundant because it matches the default value - lib\core\widgets\android_optimization.dart:14:48 - avoid_redundant_argument_values
   info - Unnecessary use of a 'double' literal - lib\core\widgets\android_optimization.dart:28:31 - prefer_int_literals
   info - Unnecessary use of a 'double' literal - lib\core\widgets\android_optimization.dart:28:36 - prefer_int_literals
   info - The value of the argument is redundant because it matches the default value - lib\core\widgets\android_optimization.dart:28:48 - avoid_redundant_argument_values
   info - Unnecessary use of a 'double' literal - lib\core\widgets\android_optimization.dart:39:45 - prefer_int_literals
   info - Unnecessary use of a 'double' literal - lib\core\widgets\android_optimization.dart:42:31 - prefer_int_literals
   info - Unnecessary use of a 'double' literal - lib\core\widgets\android_optimization.dart:42:36 - prefer_int_literals
   info - The value of the argument is redundant because it matches the default value - lib\core\widgets\android_optimization.dart:42:48 - avoid_redundant_argument_values
   info - Constructor declarations should be before non-constructor declarations - lib\core\widgets\android_optimization.dart:53:9 - sort_constructors_first
   info - 'textScaleFactor' is deprecated and shouldn't be used. Use textScaler instead. Use of textScaleFactor was deprecated in preparation for the upcoming nonlinear text scaling support. This feature was deprecated after v3.12.0-2.0.pre - lib\core\widgets\android_optimization.dart:61:46 - deprecated_member_use
   info - 'textScaleFactor' is deprecated and shouldn't be used. Use textScaler instead. Use of textScaleFactor was deprecated in preparation for the upcoming nonlinear text scaling support. This feature was deprecated after v3.12.0-2.0.pre - lib\core\widgets\android_optimization.dart:65:9 - deprecated_member_use
   info - The line length exceeds the 80-character limit - lib\core\widgets\android_optimization.dart:65:81 - lines_longer_than_80_chars
   info - Constructor declarations should be before non-constructor declarations - lib\core\widgets\android_optimization.dart:80:9 - sort_constructors_first
   info - 'withOpacity' is deprecated and shouldn't be used. Use .withValues() to avoid precision loss - lib\core\widgets\android_optimization.dart:98:32 - deprecated_member_use
   info - Constructor declarations should be before non-constructor declarations - lib\core\widgets\android_optimization.dart:114:9 - sort_constructors_first
   info - Sort directive sections alphabetically - lib\core\widgets\app_bento_card.dart:2:1 - directives_ordering
   info - 'withOpacity' is deprecated and shouldn't be used. Use .withValues() to avoid precision loss - lib\core\widgets\app_bento_card.dart:39:30 - deprecated_member_use
   info - 'withOpacity' is deprecated and shouldn't be used. Use .withValues() to avoid precision loss - lib\core\widgets\app_bento_card.dart:40:30 - deprecated_member_use
   info - 'withOpacity' is deprecated and shouldn't be used. Use .withValues() to avoid precision loss - lib\core\widgets\app_bento_card.dart:43:59 - deprecated_member_use
   info - 'withOpacity' is deprecated and shouldn't be used. Use .withValues() to avoid precision loss - lib\core\widgets\app_bento_card.dart:49:41 - deprecated_member_use
   info - Unnecessary use of a 'double' literal - lib\core\widgets\app_bento_card.dart:72:38 - prefer_int_literals
   info - Sort directive sections alphabetically - lib\core\widgets\app_button.dart:2:1 - directives_ordering
   info - Constructor declarations should be before non-constructor declarations - lib\core\widgets\app_button.dart:16:9 - sort_constructors_first
   info - 'withOpacity' is deprecated and shouldn't be used. Use .withValues() to avoid precision loss - lib\core\widgets\app_button.dart:42:49 - deprecated_member_use
   info - Sort directive sections alphabetically - lib\core\widgets\app_selection_card.dart:2:1 - directives_ordering
   info - 'withOpacity' is deprecated and shouldn't be used. Use .withValues() to avoid precision loss - lib\core\widgets\app_selection_card.dart:38:45 - deprecated_member_use
   info - 'withOpacity' is deprecated and shouldn't be used. Use .withValues() to avoid precision loss - lib\core\widgets\app_selection_card.dart:39:38 - deprecated_member_use
   info - The line length exceeds the 80-character limit - lib\core\widgets\app_selection_card.dart:53:81 - lines_longer_than_80_chars
   info - The import of 'package:flutter_bloc/flutter_bloc.dart' is unnecessary because all of the used elements are also provided by the import of 'package:cap_project/features/auth/cubit/cubit.dart' - lib\core\widgets\auth_guard.dart:4:8 - unnecessary_import
   info - Use 'package:' imports for files in the 'lib' directory - lib\core\widgets\auth_guard.dart:5:8 - always_use_package_imports
   info - Use 'package:' imports for files in the 'lib' directory - lib\core\widgets\auth_guard.dart:6:8 - always_use_package_imports
   info - Use 'package:' imports for files in the 'lib' directory - lib\core\widgets\auth_guard.dart:7:8 - always_use_package_imports
   info - Unnecessary use of a 'double' literal - lib\core\widgets\auth_guard.dart:38:61 - prefer_int_literals
   info - 'withOpacity' is deprecated and shouldn't be used. Use .withValues() to avoid precision loss - lib\core\widgets\auth_guard.dart:45:52 - deprecated_member_use
   info - Unnecessary use of a 'double' literal - lib\core\widgets\auth_guard.dart:60:37 - prefer_int_literals
   info - The line length exceeds the 80-character limit - lib\core\widgets\auth_guard.dart:66:81 - lines_longer_than_80_chars
   info - 'Future'-returning calls in a non-'async' function - lib\core\widgets\auth_guard.dart:77:31 - discarded_futures
warning - The type argument(s) of the function 'navigateTo' can't be inferred - lib\core\widgets\auth_guard.dart:77:31 - inference_failure_on_function_invocation
   info - The line length exceeds the 80-character limit - lib\core\widgets\auth_guard.dart:77:81 - lines_longer_than_80_chars
   info - Constructor declarations should be before non-constructor declarations - lib\core\widgets\brand_logo.dart:8:9 - sort_constructors_first
   info - The line length exceeds the 80-character limit - lib\core\widgets\brand_logo.dart:19:81 - lines_longer_than_80_chars
   info - 'Future'-returning calls in a non-'async' function - lib\core\widgets\brand_logo.dart:39:19 - discarded_futures
   info - 'Future'-returning calls in a non-'async' function - lib\core\widgets\brand_logo.dart:48:21 - discarded_futures
   info - Use 'package:' imports for files in the 'lib' directory - lib\core\widgets\brand_orb.dart:3:8 - always_use_package_imports
   info - Constructor declarations should be before non-constructor declarations - lib\core\widgets\brand_orb.dart:9:9 - sort_constructors_first
warning - The value of the field '_scaleAnimation' isn't used - lib\core\widgets\brand_orb.dart:22:26 - unused_field
   info - 'Future'-returning calls in a non-'async' function - lib\core\widgets\brand_orb.dart:30:8 - discarded_futures
   info - 'Future'-returning calls in a non-'async' function - lib\core\widgets\brand_orb.dart:35:8 - discarded_futures
   info - Unnecessary use of a 'double' literal - lib\core\widgets\brand_orb.dart:38:45 - prefer_int_literals
   info - The line length exceeds the 80-character limit - lib\core\widgets\brand_orb.dart:38:81 - lines_longer_than_80_chars
   info - Unnecessary use of a 'double' literal - lib\core\widgets\brand_orb.dart:39:55 - prefer_int_literals
   info - The line length exceeds the 80-character limit - lib\core\widgets\brand_orb.dart:39:81 - lines_longer_than_80_chars
   info - Constructor declarations should be before non-constructor declarations - lib\core\widgets\brand_orb.dart:78:3 - sort_constructors_first
   info - 'withOpacity' is deprecated and shouldn't be used. Use .withValues() to avoid precision loss - lib\core\widgets\brand_orb.dart:92:23 - deprecated_member_use
   info - 'withOpacity' is deprecated and shouldn't be used. Use .withValues() to avoid precision loss - lib\core\widgets\brand_orb.dart:99:25 - deprecated_member_use
   info - Use 'const' for final variables initialized to a constant value - lib\core\widgets\brand_orb.dart:103:7 - prefer_const_declarations
   info - The line length exceeds the 80-character limit - lib\core\widgets\brand_orb.dart:106:81 - lines_longer_than_80_chars
   info - The line length exceeds the 80-character limit - lib\core\widgets\brand_orb.dart:107:81 - lines_longer_than_80_chars
   info - 'withOpacity' is deprecated and shouldn't be used. Use .withValues() to avoid precision loss - lib\core\widgets\brand_orb.dart:116:17 - deprecated_member_use
   info - 'withOpacity' is deprecated and shouldn't be used. Use .withValues() to avoid precision loss - lib\core\widgets\brand_orb.dart:117:17 - deprecated_member_use
   info - 'withOpacity' is deprecated and shouldn't be used. Use .withValues() to avoid precision loss - lib\core\widgets\brand_orb.dart:125:30 - deprecated_member_use
   info - Constructor declarations should be before non-constructor declarations - lib\core\widgets\entry_animation.dart:7:9 - sort_constructors_first
   info - Required named parameters should be before optional named parameters - lib\core\widgets\entry_animation.dart:9:19 - always_put_required_named_parameters_first
   info - Use the constant 'Duration.zero' rather than a constructor returning the same object - lib\core\widgets\entry_animation.dart:10:18 - use_named_constants
   info - The value of the argument is redundant because it matches the default value - lib\core\widgets\entry_animation.dart:10:47 - avoid_redundant_argument_values
   info - The line length exceeds the 80-character limit - lib\core\widgets\entry_animation.dart:17:81 - lines_longer_than_80_chars
   info - 'Future'-returning calls in a non-'async' function - lib\core\widgets\entry_animation.dart:44:32 - discarded_futures
   info - Use 'package:' imports for files in the 'lib' directory - lib\core\widgets\glass_card.dart:3:8 - always_use_package_imports
   info - 'withOpacity' is deprecated and shouldn't be used. Use .withValues() to avoid precision loss - lib\core\widgets\glass_card.dart:32:48 - deprecated_member_use
   info - 'withOpacity' is deprecated and shouldn't be used. Use .withValues() to avoid precision loss - lib\core\widgets\glass_card.dart:35:44 - deprecated_member_use
   info - The value of the argument is redundant because it matches the default value - lib\core\widgets\glass_card.dart:36:22 - avoid_redundant_argument_values
   info - Unnecessary use of a 'double' literal - lib\core\widgets\glass_card.dart:36:22 - prefer_int_literals
   info - Sort directive sections alphabetically - lib\core\widgets\momcare_mascot.dart:2:1 - directives_ordering
   info - Place 'dart:' imports before other imports - lib\core\widgets\momcare_mascot.dart:3:1 - directives_ordering
   info - 'Future'-returning calls in a non-'async' function - lib\core\widgets\momcare_mascot.dart:27:8 - discarded_futures
   info - Unnecessary use of a 'double' literal - lib\core\widgets\momcare_mascot.dart:50:24 - prefer_int_literals
   info - 'withOpacity' is deprecated and shouldn't be used. Use .withValues() to avoid precision loss - lib\core\widgets\momcare_mascot.dart:70:47 - deprecated_member_use
   info - 'withOpacity' is deprecated and shouldn't be used. Use .withValues() to avoid precision loss - lib\core\widgets\momcare_mascot.dart:75:54 - deprecated_member_use
   info - The line length exceeds the 80-character limit - lib\core\widgets\momcare_mascot.dart:76:81 - lines_longer_than_80_chars
   info - 'withOpacity' is deprecated and shouldn't be used. Use .withValues() to avoid precision loss - lib\core\widgets\momcare_mascot.dart:84:41 - deprecated_member_use
   info - Local variables should be final - lib\core\widgets\momcare_mascot.dart:112:5 - prefer_final_locals
   info - Unnecessary type annotation on a local variable - lib\core\widgets\momcare_mascot.dart:112:5 - omit_local_variable_types
   info - Local variables should be final - lib\core\widgets\momcare_mascot.dart:113:5 - prefer_final_locals
   info - Unnecessary type annotation on a local variable - lib\core\widgets\momcare_mascot.dart:113:5 - omit_local_variable_types
   info - Local variables should be final - lib\core\widgets\momcare_mascot.dart:114:5 - prefer_final_locals
   info - Unnecessary type annotation on a local variable - lib\core\widgets\momcare_mascot.dart:114:5 - omit_local_variable_types
   info - Sort directive sections alphabetically - lib\core\widgets\premium_button.dart:2:1 - directives_ordering
   info - Constructor declarations should be before non-constructor declarations - lib\core\widgets\premium_button.dart:12:9 - sort_constructors_first
   info - The line length exceeds the 80-character limit - lib\core\widgets\premium_button.dart:25:81 - lines_longer_than_80_chars
   info - The value of the argument is redundant because it matches the default value - lib\core\widgets\premium_button.dart:35:19 - avoid_redundant_argument_values
   info - Unnecessary use of a 'double' literal - lib\core\widgets\premium_button.dart:35:19 - prefer_int_literals
   info - Unnecessary use of a 'double' literal - lib\core\widgets\premium_button.dart:38:44 - prefer_int_literals
   info - Unnecessary type annotation on a local variable - lib\core\widgets\premium_button.dart:55:11 - omit_local_variable_types
   info - The line length exceeds the 80-character limit - lib\core\widgets\premium_button.dart:71:81 - lines_longer_than_80_chars
   info - 'withOpacity' is deprecated and shouldn't be used. Use .withValues() to avoid precision loss - lib\core\widgets\premium_button.dart:78:37 - deprecated_member_use
   info - The line length exceeds the 80-character limit - lib\core\widgets\premium_button.dart:100:81 - lines_longer_than_80_chars
   info - The line length exceeds the 80-character limit - lib\core\widgets\premium_button.dart:108:81 - lines_longer_than_80_chars
   info - The import of 'package:flutter_bloc/flutter_bloc.dart' is unnecessary because all of the used elements are also provided by the import of 'package:cap_project/features/auth/cubit/cubit.dart' - lib\core\widgets\side_menu.dart:6:8 - unnecessary_import
   info - Use 'const' with the constructor to improve performance - lib\core\widgets\side_menu.dart:16:19 - prefer_const_constructors
   info - Use 'const' with the constructor to improve performance - lib\core\widgets\side_menu.dart:18:17 - prefer_const_constructors
   info - Use 'const' with the constructor to improve performance - lib\core\widgets\side_menu.dart:19:18 - prefer_const_constructors
   info - The value of the argument is redundant because it matches the default value - lib\core\widgets\side_menu.dart:21:20 - avoid_redundant_argument_values
   info - The value of the argument is redundant because it matches the default value - lib\core\widgets\side_menu.dart:48:29 - avoid_redundant_argument_values
   info - The line length exceeds the 80-character limit - lib\core\widgets\side_menu.dart:48:81 - lines_longer_than_80_chars
   info - The value of the argument is redundant because it matches the default value - lib\core\widgets\side_menu.dart:56:29 - avoid_redundant_argument_values
   info - The value of the argument is redundant because it matches the default value - lib\core\widgets\side_menu.dart:62:29 - avoid_redundant_argument_values
   info - The value of the argument is redundant because it matches the default value - lib\core\widgets\side_menu.dart:70:29 - avoid_redundant_argument_values
   info - Unnecessary use of a 'double' literal - lib\core\widgets\side_menu.dart:106:26 - prefer_int_literals
   info - The line length exceeds the 80-character limit - lib\core\widgets\side_menu.dart:127:81 - lines_longer_than_80_chars
   info - 'Future'-returning calls in a non-'async' function - lib\core\widgets\side_menu.dart:131:23 - discarded_futures
warning - The type argument(s) of the function 'replaceTo' can't be inferred - lib\core\widgets\side_menu.dart:131:23 - inference_failure_on_function_invocation
   info - The line length exceeds the 80-character limit - lib\core\widgets\side_menu.dart:139:81 - lines_longer_than_80_chars
   info - The line length exceeds the 80-character limit - lib\core\widgets\side_menu.dart:141:81 - lines_longer_than_80_chars
   info - The value of the argument is redundant because it matches the default value - lib\core\widgets\side_menu.dart:141:82 - avoid_redundant_argument_values
   info - Unnecessary use of a 'double' literal - lib\core\widgets\side_menu.dart:141:82 - prefer_int_literals
   info - The line length exceeds the 80-character limit - lib\core\widgets\side_menu.dart:149:81 - lines_longer_than_80_chars
   info - The line length exceeds the 80-character limit - lib\core\widgets\side_menu.dart:156:81 - lines_longer_than_80_chars
   info - The line length exceeds the 80-character limit - lib\core\widgets\side_menu.dart:158:81 - lines_longer_than_80_chars
   info - The line length exceeds the 80-character limit - lib\core\widgets\side_menu.dart:159:81 - lines_longer_than_80_chars
   info - Use 'const' with the constructor to improve performance - lib\core\widgets\side_menu.dart:174:19 - prefer_const_constructors
   info - Use 'const' with the constructor to improve performance - lib\core\widgets\side_menu.dart:175:17 - prefer_const_constructors
   info - Use 'const' with the constructor to improve performance - lib\core\widgets\side_menu.dart:175:29 - prefer_const_constructors
   info - The line length exceeds the 80-character limit - lib\core\widgets\side_menu.dart:184:81 - lines_longer_than_80_chars
   info - The line length exceeds the 80-character limit - lib\core\widgets\side_menu.dart:200:81 - lines_longer_than_80_chars
   info - 'Future'-returning calls in a non-'async' function - lib\core\widgets\side_menu.dart:219:5 - discarded_futures
warning - The type argument(s) of the function 'showDialog' can't be inferred - lib\core\widgets\side_menu.dart:219:5 - inference_failure_on_function_invocation
   info - 'Future'-returning calls in a non-'async' function - lib\core\widgets\side_menu.dart:232:42 - discarded_futures
   info - 'Future'-returning calls in a non-'async' function - lib\core\widgets\side_menu.dart:233:26 - discarded_futures
warning - The type argument(s) of the function 'replaceTo' can't be inferred - lib\core\widgets\side_menu.dart:233:26 - inference_failure_on_function_invocation
   info - The line length exceeds the 80-character limit - lib\core\widgets\side_menu.dart:244:81 - lines_longer_than_80_chars
   info - Sort directive sections alphabetically - lib\core\widgets\widgets.dart:3:1 - directives_ordering
   info - Sort directive sections alphabetically - lib\core\widgets\widgets.dart:4:1 - directives_ordering
   info - Sort directive sections alphabetically - lib\core\widgets\widgets.dart:7:1 - directives_ordering
   info - Sort directive sections alphabetically - lib\core\widgets\widgets.dart:8:1 - directives_ordering
   info - Sort directive sections alphabetically - lib\core\widgets\widgets.dart:10:1 - directives_ordering
warning - Duplicate export - lib\core\widgets\widgets.dart:10:8 - duplicate_export
   info - Sort directive sections alphabetically - lib\core\widgets\widgets.dart:12:1 - directives_ordering
   info - Don't invoke 'print' in production code - lib\features\auth\cubit\auth_cubit.dart:30:7 - avoid_print
   info - Don't invoke 'print' in production code - lib\features\auth\cubit\auth_cubit.dart:40:11 - avoid_print
   info - Don't invoke 'print' in production code - lib\features\auth\cubit\auth_cubit.dart:50:7 - avoid_print
   info - Catch clause should use 'on' to specify the type of exception being caught - lib\features\auth\cubit\auth_cubit.dart:52:7 - avoid_catches_without_on_clauses
   info - Don't invoke 'print' in production code - lib\features\auth\cubit\auth_cubit.dart:53:7 - avoid_print
   info - Don't invoke 'print' in production code - lib\features\auth\cubit\auth_cubit.dart:77:7 - avoid_print
   info - Don't invoke 'print' in production code - lib\features\auth\cubit\auth_cubit.dart:83:9 - avoid_print
   info - Don't invoke 'print' in production code - lib\features\auth\cubit\auth_cubit.dart:91:7 - avoid_print
   info - Don't invoke 'print' in production code - lib\features\auth\cubit\auth_cubit.dart:100:7 - avoid_print
   info - Don't invoke 'print' in production code - lib\features\auth\cubit\auth_cubit.dart:101:7 - avoid_print
   info - The line length exceeds the 80-character limit - lib\features\auth\cubit\auth_cubit.dart:104:81 - lines_longer_than_80_chars
   info - Don't invoke 'print' in production code - lib\features\auth\cubit\auth_cubit.dart:111:7 - avoid_print
   info - Don't invoke 'print' in production code - lib\features\auth\cubit\auth_cubit.dart:119:7 - avoid_print
   info - Catch clause should use 'on' to specify the type of exception being caught - lib\features\auth\cubit\auth_cubit.dart:124:7 - avoid_catches_without_on_clauses
   info - Don't invoke 'print' in production code - lib\features\auth\cubit\auth_cubit.dart:125:7 - avoid_print
   info - The expression has no effect and can be removed - lib\features\auth\cubit\auth_cubit.dart:128:37 - noop_primitive_operations
   info - Catch clause should use 'on' to specify the type of exception being caught - lib\features\auth\cubit\auth_cubit.dart:142:7 - avoid_catches_without_on_clauses
   info - Don't invoke 'print' in production code - lib\features\auth\cubit\auth_cubit.dart:161:7 - avoid_print
   info - Don't invoke 'print' in production code - lib\features\auth\cubit\auth_cubit.dart:166:7 - avoid_print
   info - The value of the argument is redundant because it matches the default value - lib\features\auth\cubit\auth_cubit.dart:170:15 - avoid_redundant_argument_values
   info - Don't invoke 'print' in production code - lib\features\auth\cubit\auth_cubit.dart:173:7 - avoid_print
   info - Catch clause should use 'on' to specify the type of exception being caught - lib\features\auth\cubit\auth_cubit.dart:178:7 - avoid_catches_without_on_clauses
   info - Don't invoke 'print' in production code - lib\features\auth\cubit\auth_cubit.dart:179:7 - avoid_print
   info - The expression has no effect and can be removed - lib\features\auth\cubit\auth_cubit.dart:182:38 - noop_primitive_operations
   info - Don't invoke 'print' in production code - lib\features\auth\cubit\auth_cubit.dart:199:7 - avoid_print
   info - Don't invoke 'print' in production code - lib\features\auth\cubit\auth_cubit.dart:204:7 - avoid_print
   info - Don't invoke 'print' in production code - lib\features\auth\cubit\auth_cubit.dart:214:7 - avoid_print
   info - Catch clause should use 'on' to specify the type of exception being caught - lib\features\auth\cubit\auth_cubit.dart:221:7 - avoid_catches_without_on_clauses
   info - Don't invoke 'print' in production code - lib\features\auth\cubit\auth_cubit.dart:222:7 - avoid_print
   info - Missing a newline at the end of the file - lib\features\auth\cubit\auth_cubit.dart:244:2 - eol_at_end_of_file
   info - The value of the argument is redundant because it matches the default value - lib\features\auth\cubit\auth_state.dart:46:28 - avoid_redundant_argument_values
   info - Missing a newline at the end of the file - lib\features\auth\cubit\auth_state.dart:71:2 - eol_at_end_of_file
warning - Unused import: 'package:auth_repository/auth_repository.dart' - lib\features\auth\view\auth_page.dart:3:8 - unused_import
   info - Don't invoke 'print' in production code - lib\features\auth\view\auth_page.dart:47:11 - avoid_print
   info - Don't invoke 'print' in production code - lib\features\auth\view\auth_page.dart:48:11 - avoid_print
   info - 'Future'-returning calls in a non-'async' function - lib\features\auth\view\auth_page.dart:53:25 - discarded_futures
warning - The type argument(s) of the function 'replaceTo' can't be inferred - lib\features\auth\view\auth_page.dart:53:25 - inference_failure_on_function_invocation
   info - Missing a newline at the end of the file - lib\features\auth\view\auth_page.dart:76:2 - eol_at_end_of_file
   info - The import of 'package:flutter_bloc/flutter_bloc.dart' is unnecessary because all of the used elements are also provided by the import of 'package:cap_project/features/auth/cubit/cubit.dart' - lib\features\auth\view\profile_page.dart:5:8 - unnecessary_import
   info - Sort directive sections alphabetically - lib\features\auth\view\profile_page.dart:6:1 - directives_ordering
   info - 'Future'-returning calls in a non-'async' function - lib\features\auth\view\profile_page.dart:23:5 - discarded_futures
   info - Catch clause should use 'on' to specify the type of exception being caught - lib\features\auth\view\profile_page.dart:36:7 - avoid_catches_without_on_clauses
   info - 'withOpacity' is deprecated and shouldn't be used. Use .withValues() to avoid precision loss - lib\features\auth\view\profile_page.dart:104:58 - deprecated_member_use
   info - 'withOpacity' is deprecated and shouldn't be used. Use .withValues() to avoid precision loss - lib\features\auth\view\profile_page.dart:107:49 - deprecated_member_use
   info - 'withOpacity' is deprecated and shouldn't be used. Use .withValues() to avoid precision loss - lib\features\auth\view\profile_page.dart:115:58 - deprecated_member_use
   info - Unnecessary use of a 'double' literal - lib\features\auth\view\profile_page.dart:163:42 - prefer_int_literals
   info - 'withOpacity' is deprecated and shouldn't be used. Use .withValues() to avoid precision loss - lib\features\auth\view\profile_page.dart:189:49 - deprecated_member_use
   info - The value of the argument is redundant because it matches the default value - lib\features\auth\view\profile_page.dart:208:42 - avoid_redundant_argument_values
   info - The line length exceeds the 80-character limit - lib\features\auth\view\profile_page.dart:234:81 - lines_longer_than_80_chars
   info - Sort directive sections alphabetically - lib\features\auth\view\settings_page.dart:13:1 - directives_ordering
   info - To-do comment doesn't follow the Flutter style - lib\features\auth\view\settings_page.dart:92:39 - flutter_style_todos
warning - The type argument(s) of the constructor 'MaterialPageRoute' can't be inferred - lib\features\auth\view\settings_page.dart:106:27 - inference_failure_on_instance_creation
   info - The value of the argument is redundant because it matches the default value - lib\features\auth\view\settings_page.dart:139:32 - avoid_redundant_argument_values
   info - The line length exceeds the 80-character limit - lib\features\auth\view\settings_page.dart:154:81 - lines_longer_than_80_chars
   info - The line length exceeds the 80-character limit - lib\features\auth\view\settings_page.dart:170:81 - lines_longer_than_80_chars
   info - Use an if-null operator to convert a 'null' to a 'bool' - lib\features\auth\view\settings_page.dart:184:9 - use_if_null_to_convert_nulls_to_bools
   info - Don't use 'BuildContext's across async gaps - lib\features\auth\view\settings_page.dart:188:22 - use_build_context_synchronously
   info - Missing an 'await' for the 'Future' computed by this expression - lib\features\auth\view\settings_page.dart:188:31 - unawaited_futures
   info - 'withOpacity' is deprecated and shouldn't be used. Use .withValues() to avoid precision loss - lib\features\auth\view\settings_page.dart:222:33 - deprecated_member_use
   info - Required named parameters should be before optional named parameters - lib\features\auth\view\settings_page.dart:240:23 - always_put_required_named_parameters_first
   info - The line length exceeds the 80-character limit - lib\features\auth\view\settings_page.dart:247:81 - lines_longer_than_80_chars
   info - 'withOpacity' is deprecated and shouldn't be used. Use .withValues() to avoid precision loss - lib\features\auth\view\settings_page.dart:264:36 - deprecated_member_use
   info - The line length exceeds the 80-character limit - lib\features\auth\view\settings_page.dart:283:81 - lines_longer_than_80_chars
   info - 'withOpacity' is deprecated and shouldn't be used. Use .withValues() to avoid precision loss - lib\features\auth\view\settings_page.dart:306:53 - deprecated_member_use
   info - 'withOpacity' is deprecated and shouldn't be used. Use .withValues() to avoid precision loss - lib\features\auth\view\settings_page.dart:318:42 - deprecated_member_use
   info - The import of 'package:flutter_bloc/flutter_bloc.dart' is unnecessary because all of the used elements are also provided by the import of '../cubit/cubit.dart' - lib\features\auth\widgets\auth_body.dart:5:8 - unnecessary_import
   info - Use 'package:' imports for files in the 'lib' directory - lib\features\auth\widgets\auth_body.dart:6:8 - always_use_package_imports
   info - Sort directive sections alphabetically - lib\features\auth\widgets\auth_body.dart:7:1 - directives_ordering
   info - Use 'package:' imports for files in the 'lib' directory - lib\features\auth\widgets\auth_body.dart:7:8 - always_use_package_imports
   info - Use 'package:' imports for files in the 'lib' directory - lib\features\auth\widgets\auth_body.dart:8:8 - always_use_package_imports
   info - Sort directive sections alphabetically - lib\features\auth\widgets\auth_body.dart:9:1 - directives_ordering
   info - Use 'package:' imports for files in the 'lib' directory - lib\features\auth\widgets\auth_body.dart:9:8 - always_use_package_imports
   info - Use 'package:' imports for files in the 'lib' directory - lib\features\auth\widgets\auth_body.dart:10:8 - always_use_package_imports
   info - 'Future'-returning calls in a non-'async' function - lib\features\auth\widgets\auth_body.dart:50:23 - discarded_futures
warning - The type argument(s) of the function 'replaceTo' can't be inferred - lib\features\auth\widgets\auth_body.dart:50:23 - inference_failure_on_function_invocation
   info - The line length exceeds the 80-character limit - lib\features\auth\widgets\auth_body.dart:55:81 - lines_longer_than_80_chars
   info - 'withOpacity' is deprecated and shouldn't be used. Use .withValues() to avoid precision loss - lib\features\auth\widgets\auth_body.dart:87:22 - deprecated_member_use
   info - The line length exceeds the 80-character limit - lib\features\auth\widgets\auth_body.dart:96:81 - lines_longer_than_80_chars
   info - 'withOpacity' is deprecated and shouldn't be used. Use .withValues() to avoid precision loss - lib\features\auth\widgets\auth_body.dart:101:22 - deprecated_member_use
   info - 'Future'-returning calls in a non-'async' function - lib\features\auth\widgets\auth_body.dart:121:51 - discarded_futures
   info - Unnecessary type annotation on a local variable - lib\features\auth\widgets\auth_body.dart:162:17 - omit_local_variable_types
   info - Missing a message in an assert - lib\features\auth\widgets\auth_body.dart:163:17 - prefer_asserts_with_message
   info - 'withOpacity' is deprecated and shouldn't be used. Use .withValues() to avoid precision loss - lib\features\auth\widgets\auth_body.dart:175:30 - deprecated_member_use
   info - 'Future'-returning calls in a non-'async' function - lib\features\auth\widgets\auth_body.dart:192:41 - discarded_futures
warning - The type argument(s) of the function 'replaceTo' can't be inferred - lib\features\auth\widgets\auth_body.dart:192:41 - inference_failure_on_function_invocation
   info - The line length exceeds the 80-character limit - lib\features\auth\widgets\auth_body.dart:227:81 - lines_longer_than_80_chars
   info - 'withOpacity' is deprecated and shouldn't be used. Use .withValues() to avoid precision loss - lib\features\auth\widgets\auth_body.dart:232:22 - deprecated_member_use
   info - 'withOpacity' is deprecated and shouldn't be used. Use .withValues() to avoid precision loss - lib\features\auth\widgets\auth_body.dart:246:22 - deprecated_member_use
   info - The line length exceeds the 80-character limit - lib\features\auth\widgets\auth_body.dart:259:81 - lines_longer_than_80_chars
   info - Missing a newline at the end of the file - lib\features\auth\widgets\auth_body.dart:275:2 - eol_at_end_of_file
   info - Use 'package:' imports for files in the 'lib' directory - lib\features\auth\widgets\google_sign_in_button.dart:4:8 - always_use_package_imports
   info - Sort directive sections alphabetically - lib\features\auth\widgets\google_sign_in_button.dart:5:1 - directives_ordering
   info - Use 'package:' imports for files in the 'lib' directory - lib\features\auth\widgets\google_sign_in_button.dart:5:8 - always_use_package_imports
   info - Use 'package:' imports for files in the 'lib' directory - lib\features\auth\widgets\google_sign_in_button.dart:6:8 - always_use_package_imports
   info - Required named parameters should be before optional named parameters - lib\features\auth\widgets\google_sign_in_button.dart:13:19 - always_put_required_named_parameters_first
   info - 'withOpacity' is deprecated and shouldn't be used. Use .withValues() to avoid precision loss - lib\features\auth\widgets\google_sign_in_button.dart:30:37 - deprecated_member_use
   info - The value of the argument is redundant because it matches the default value - lib\features\auth\widgets\google_sign_in_button.dart:33:69 - avoid_redundant_argument_values
   info - To-do comment doesn't follow the Flutter style - lib\features\auth\widgets\google_sign_in_button.dart:52:13 - flutter_style_todos
   info - Missing a newline at the end of the file - lib\features\auth\widgets\google_sign_in_button.dart:85:2 - eol_at_end_of_file
   info - Sort directive sections alphabetically - lib\features\chat\cubit\chat_cubit.dart:6:1 - directives_ordering
   info - Sort directive sections alphabetically - lib\features\chat\cubit\chat_cubit.dart:8:1 - directives_ordering
   info - Sort directive sections alphabetically - lib\features\chat\cubit\chat_cubit.dart:14:1 - directives_ordering
warning - The value of the field '_currentLocale' isn't used - lib\features\chat\cubit\chat_cubit.dart:36:10 - unused_field
   info - The method is used to change a property - lib\features\chat\cubit\chat_cubit.dart:43:8 - use_setters_to_change_properties
   info - Catch clause should use 'on' to specify the type of exception being caught - lib\features\chat\cubit\chat_cubit.dart:52:7 - avoid_catches_without_on_clauses
   info - Missing an 'await' for the 'Future' computed by this expression - lib\features\chat\cubit\chat_cubit.dart:72:31 - unawaited_futures
   info - The line length exceeds the 80-character limit - lib\features\chat\cubit\chat_cubit.dart:73:81 - lines_longer_than_80_chars
   info - The expression has no effect and can be removed - lib\features\chat\cubit\chat_cubit.dart:74:52 - noop_primitive_operations
   info - Catch clause should use 'on' to specify the type of exception being caught - lib\features\chat\cubit\chat_cubit.dart:78:7 - avoid_catches_without_on_clauses
   info - Missing an 'await' for the 'Future' computed by this expression - lib\features\chat\cubit\chat_cubit.dart:86:31 - unawaited_futures
   info - Unnecessary use of a 'double' literal - lib\features\chat\cubit\chat_cubit.dart:87:58 - prefer_int_literals
   info - Catch clause should use 'on' to specify the type of exception being caught - lib\features\chat\cubit\chat_cubit.dart:92:7 - avoid_catches_without_on_clauses
   info - Unnecessary use of a 'double' literal - lib\features\chat\cubit\chat_cubit.dart:93:58 - prefer_int_literals
   info - The line length exceeds the 80-character limit - lib\features\chat\cubit\chat_cubit.dart:93:81 - lines_longer_than_80_chars
   info - Missing an 'await' for the 'Future' computed by this expression - lib\features\chat\cubit\chat_cubit.dart:100:31 - unawaited_futures
   info - Unnecessary use of a 'double' literal - lib\features\chat\cubit\chat_cubit.dart:101:58 - prefer_int_literals
   info - Catch clause should use 'on' to specify the type of exception being caught - lib\features\chat\cubit\chat_cubit.dart:102:7 - avoid_catches_without_on_clauses
   info - Unnecessary use of a 'double' literal - lib\features\chat\cubit\chat_cubit.dart:103:58 - prefer_int_literals
   info - The line length exceeds the 80-character limit - lib\features\chat\cubit\chat_cubit.dart:113:81 - lines_longer_than_80_chars
   info - Catch clause should use 'on' to specify the type of exception being caught - lib\features\chat\cubit\chat_cubit.dart:129:7 - avoid_catches_without_on_clauses
   info - The expression has no effect and can be removed - lib\features\chat\cubit\chat_cubit.dart:136:80 - noop_primitive_operations
   info - The line length exceeds the 80-character limit - lib\features\chat\cubit\chat_cubit.dart:136:81 - lines_longer_than_80_chars
   info - The line length exceeds the 80-character limit - lib\features\chat\cubit\chat_cubit.dart:147:81 - lines_longer_than_80_chars
   info - The line length exceeds the 80-character limit - lib\features\chat\cubit\chat_cubit.dart:148:81 - lines_longer_than_80_chars
   info - The line length exceeds the 80-character limit - lib\features\chat\cubit\chat_cubit.dart:162:81 - lines_longer_than_80_chars
   info - Unnecessary type annotation on a local variable - lib\features\chat\cubit\chat_cubit.dart:166:5 - omit_local_variable_types
   info - Unnecessary type annotation on a local variable - lib\features\chat\cubit\chat_cubit.dart:167:5 - omit_local_variable_types
   info - The line length exceeds the 80-character limit - lib\features\chat\cubit\chat_cubit.dart:171:81 - lines_longer_than_80_chars
   info - The line length exceeds the 80-character limit - lib\features\chat\cubit\chat_cubit.dart:179:81 - lines_longer_than_80_chars
   info - The line length exceeds the 80-character limit - lib\features\chat\cubit\chat_cubit.dart:181:81 - lines_longer_than_80_chars
   info - The line length exceeds the 80-character limit - lib\features\chat\cubit\chat_cubit.dart:182:81 - lines_longer_than_80_chars
   info - The line length exceeds the 80-character limit - lib\features\chat\cubit\chat_cubit.dart:188:81 - lines_longer_than_80_chars
   info - The line length exceeds the 80-character limit - lib\features\chat\cubit\chat_cubit.dart:189:81 - lines_longer_than_80_chars
   info - The line length exceeds the 80-character limit - lib\features\chat\cubit\chat_cubit.dart:192:81 - lines_longer_than_80_chars
   info - The line length exceeds the 80-character limit - lib\features\chat\cubit\chat_cubit.dart:199:81 - lines_longer_than_80_chars
   info - 'Future'-returning calls in a non-'async' function - lib\features\chat\cubit\chat_cubit.dart:205:7 - discarded_futures
   info - Catch clause should use 'on' to specify the type of exception being caught - lib\features\chat\cubit\chat_cubit.dart:219:7 - avoid_catches_without_on_clauses
   info - Don't invoke 'print' in production code - lib\features\chat\cubit\chat_cubit.dart:220:7 - avoid_print
   info - 'Future'-returning calls in a non-'async' function - lib\features\chat\cubit\chat_cubit.dart:226:29 - discarded_futures
   info - 'Future'-returning calls in a non-'async' function - lib\features\chat\cubit\chat_cubit.dart:228:18 - discarded_futures
warning - The declaration '_startLoadingRotation' isn't referenced - lib\features\chat\cubit\chat_cubit.dart:233:8 - unused_element
   info - Unnecessary type annotation on a local variable - lib\features\chat\cubit\chat_cubit.dart:255:5 - omit_local_variable_types
   info - The line length exceeds the 80-character limit - lib\features\chat\cubit\chat_cubit.dart:275:81 - lines_longer_than_80_chars
   info - The line length exceeds the 80-character limit - lib\features\chat\cubit\chat_cubit.dart:288:81 - lines_longer_than_80_chars
   info - Unnecessary type annotation on a local variable - lib\features\chat\cubit\chat_cubit.dart:328:7 - omit_local_variable_types
   info - Unnecessary type annotation on a local variable - lib\features\chat\cubit\chat_cubit.dart:329:7 - omit_local_variable_types
   info - Don't invoke 'print' in production code - lib\features\chat\cubit\chat_cubit.dart:359:7 - avoid_print
warning - Dead code - lib\features\chat\cubit\chat_cubit.dart:379:59 - dead_code
warning - The left operand can't be null, so the right operand is never executed - lib\features\chat\cubit\chat_cubit.dart:379:62 - dead_null_aware_expression
   info - The line length exceeds the 80-character limit - lib\features\chat\cubit\chat_cubit.dart:379:81 - lines_longer_than_80_chars
   info - Catch clause should use 'on' to specify the type of exception being caught - lib\features\chat\cubit\chat_cubit.dart:381:7 - avoid_catches_without_on_clauses
   info - The expression has no effect and can be removed - lib\features\chat\cubit\chat_cubit.dart:386:30 - noop_primitive_operations
   info - The value of the argument is redundant because it matches the default value - lib\features\chat\cubit\chat_cubit.dart:436:26 - avoid_redundant_argument_values
   info - Catch clause should use 'on' to specify the type of exception being caught - lib\features\chat\cubit\chat_cubit.dart:455:7 - avoid_catches_without_on_clauses
   info - The expression has no effect and can be removed - lib\features\chat\cubit\chat_cubit.dart:458:46 - noop_primitive_operations
   info - Catch clause should use 'on' to specify the type of exception being caught - lib\features\chat\cubit\chat_cubit.dart:471:7 - avoid_catches_without_on_clauses
   info - The line length exceeds the 80-character limit - lib\features\chat\cubit\chat_cubit.dart:494:81 - lines_longer_than_80_chars
   info - Catch clause should use 'on' to specify the type of exception being caught - lib\features\chat\cubit\chat_cubit.dart:515:7 - avoid_catches_without_on_clauses
   info - Don't invoke 'print' in production code - lib\features\chat\cubit\chat_cubit.dart:516:7 - avoid_print
   info - Don't invoke 'print' in production code - lib\features\chat\cubit\chat_cubit.dart:523:7 - avoid_print
   info - Catch clause should use 'on' to specify the type of exception being caught - lib\features\chat\cubit\chat_cubit.dart:544:7 - avoid_catches_without_on_clauses
   info - Don't invoke 'print' in production code - lib\features\chat\cubit\chat_cubit.dart:545:7 - avoid_print
   info - Catch clause should use 'on' to specify the type of exception being caught - lib\features\chat\cubit\chat_cubit.dart:592:7 - avoid_catches_without_on_clauses
   info - Missing a newline at the end of the file - lib\features\chat\cubit\chat_cubit.dart:596:2 - eol_at_end_of_file
   info - Sort directive sections alphabetically - lib\features\chat\cubit\chat_state.dart:5:1 - directives_ordering
warning - Unused import: 'package:chat_repository/chat_repository.dart' - lib\features\chat\cubit\chat_state.dart:6:8 - unused_import
   info - Constructor declarations should be before non-constructor declarations - lib\features\chat\cubit\chat_state.dart:33:9 - sort_constructors_first
   info - Constructor declarations should be before non-constructor declarations - lib\features\chat\cubit\chat_state.dart:54:9 - sort_constructors_first
   info - The value of the argument is redundant because it matches the default value - lib\features\chat\cubit\chat_state.dart:214:28 - avoid_redundant_argument_values
   info - The value of the argument is redundant because it matches the default value - lib\features\chat\cubit\chat_state.dart:218:38 - avoid_redundant_argument_values
   info - The value of the argument is redundant because it matches the default value - lib\features\chat\cubit\chat_state.dart:222:37 - avoid_redundant_argument_values
   info - Missing a newline at the end of the file - lib\features\chat\cubit\chat_state.dart:239:2 - eol_at_end_of_file
   info - The import of 'package:flutter_bloc/flutter_bloc.dart' is unnecessary because all of the used elements are also provided by the import of 'package:cap_project/features/auth/cubit/cubit.dart' - lib\features\chat\view\chat_page.dart:2:8 - unnecessary_import
   info - Sort directive sections alphabetically - lib\features\chat\view\chat_page.dart:3:1 - directives_ordering
   info - Sort directive sections alphabetically - lib\features\chat\view\chat_page.dart:4:1 - directives_ordering
   info - Sort directive sections alphabetically - lib\features\chat\view\chat_page.dart:9:1 - directives_ordering
   info - Sort directive sections alphabetically - lib\features\chat\view\chat_page.dart:11:1 - directives_ordering
   info - Use 'package:' imports for files in the 'lib' directory - lib\features\chat\view\chat_page.dart:12:8 - always_use_package_imports
   info - Use 'package:' imports for files in the 'lib' directory - lib\features\chat\view\chat_page.dart:13:8 - always_use_package_imports
   info - Place 'package:' imports before relative imports - lib\features\chat\view\chat_page.dart:15:1 - directives_ordering
   info - Place 'package:' imports before relative imports - lib\features\chat\view\chat_page.dart:16:1 - directives_ordering
   info - Place 'package:' imports before relative imports - lib\features\chat\view\chat_page.dart:17:1 - directives_ordering
   info - 'Future'-returning calls in a non-'async' function - lib\features\chat\view\chat_page.dart:39:5 - discarded_futures
   info - The line length exceeds the 80-character limit - lib\features\chat\view\chat_page.dart:44:81 - lines_longer_than_80_chars
   info - Catch clause should use 'on' to specify the type of exception being caught - lib\features\chat\view\chat_page.dart:58:7 - avoid_catches_without_on_clauses
   info - 'Future'-returning calls in a non-'async' function - lib\features\chat\view\chat_page.dart:70:21 - discarded_futures
   info - 'Future'-returning calls in a non-'async' function - lib\features\chat\view\chat_page.dart:76:17 - discarded_futures
   info - 'Future'-returning calls in a non-'async' function - lib\features\chat\view\chat_page.dart:104:16 - discarded_futures
warning - The value of the local variable 'user' isn't used - lib\features\chat\view\chat_page.dart:145:11 - unused_local_variable
warning - The value of the local variable 'status' isn't used - lib\features\chat\view\chat_page.dart:146:11 - unused_local_variable
   info - The line length exceeds the 80-character limit - lib\features\chat\view\chat_page.dart:157:81 - lines_longer_than_80_chars
   info - 'withOpacity' is deprecated and shouldn't be used. Use .withValues() to avoid precision loss - lib\features\chat\view\chat_page.dart:162:52 - deprecated_member_use
   info - The value of the argument is redundant because it matches the default value - lib\features\chat\view\chat_page.dart:163:30 - avoid_redundant_argument_values
   info - The line length exceeds the 80-character limit - lib\features\chat\view\chat_page.dart:171:81 - lines_longer_than_80_chars
   info - 'withOpacity' is deprecated and shouldn't be used. Use .withValues() to avoid precision loss - lib\features\chat\view\chat_page.dart:181:51 - deprecated_member_use
   info - The line length exceeds the 80-character limit - lib\features\chat\view\chat_page.dart:218:81 - lines_longer_than_80_chars
   info - The line length exceeds the 80-character limit - lib\features\chat\view\chat_page.dart:219:81 - lines_longer_than_80_chars
   info - Sort directive sections alphabetically - lib\features\chat\widgets\audio_waveform.dart:3:1 - directives_ordering
   info - Constructor declarations should be before non-constructor declarations - lib\features\chat\widgets\audio_waveform.dart:9:9 - sort_constructors_first
   info - The line length exceeds the 80-character limit - lib\features\chat\widgets\audio_waveform.dart:19:81 - lines_longer_than_80_chars
   info - 'Future'-returning calls in a non-'async' function - lib\features\chat\widgets\audio_waveform.dart:31:41 - discarded_futures
   info - 'Future'-returning calls in a non-'async' function - lib\features\chat\widgets\audio_waveform.dart:38:19 - discarded_futures
   info - Unnecessary type annotation on a local variable - lib\features\chat\widgets\audio_waveform.dart:63:21 - omit_local_variable_types
   info - Unnecessary type annotation on a local variable - lib\features\chat\widgets\audio_waveform.dart:64:21 - omit_local_variable_types
   info - Unnecessary type annotation on a local variable - lib\features\chat\widgets\audio_waveform.dart:65:21 - omit_local_variable_types
   info - 'withOpacity' is deprecated and shouldn't be used. Use .withValues() to avoid precision loss - lib\features\chat\widgets\audio_waveform.dart:80:45 - deprecated_member_use
   info - Use 'isEven' rather than '% 2' - lib\features\chat\widgets\audio_waveform.dart:80:57 - use_is_even_rather_than_modulo
   info - The line length exceeds the 80-character limit - lib\features\chat\widgets\audio_waveform.dart:80:81 - lines_longer_than_80_chars
   info - 'withOpacity' is deprecated and shouldn't be used. Use .withValues() to avoid precision loss - lib\features\chat\widgets\audio_waveform.dart:81:44 - deprecated_member_use
   info - The import of 'package:flutter_bloc/flutter_bloc.dart' is unnecessary because all of the used elements are also provided by the import of '../cubit/cubit.dart' - lib\features\chat\widgets\chat_body.dart:5:8 - unnecessary_import
   info - Use 'package:' imports for files in the 'lib' directory - lib\features\chat\widgets\chat_body.dart:6:8 - always_use_package_imports
   info - Sort directive sections alphabetically - lib\features\chat\widgets\chat_body.dart:7:1 - directives_ordering
   info - Use 'package:' imports for files in the 'lib' directory - lib\features\chat\widgets\chat_body.dart:7:8 - always_use_package_imports
   info - Use 'package:' imports for files in the 'lib' directory - lib\features\chat\widgets\chat_body.dart:8:8 - always_use_package_imports
   info - Sort directive sections alphabetically - lib\features\chat\widgets\chat_body.dart:9:1 - directives_ordering
   info - Use 'package:' imports for files in the 'lib' directory - lib\features\chat\widgets\chat_body.dart:9:8 - always_use_package_imports
warning - Unused import: '../../../app/view/app_router.dart' - lib\features\chat\widgets\chat_body.dart:9:8 - unused_import
   info - Use 'package:' imports for files in the 'lib' directory - lib\features\chat\widgets\chat_body.dart:10:8 - always_use_package_imports
   info - Use 'package:' imports for files in the 'lib' directory - lib\features\chat\widgets\chat_body.dart:11:8 - always_use_package_imports
   info - Constructor declarations should be before non-constructor declarations - lib\features\chat\widgets\chat_body.dart:17:9 - sort_constructors_first
   info - Required named parameters should be before optional named parameters - lib\features\chat\widgets\chat_body.dart:19:19 - always_put_required_named_parameters_first
   info - Required named parameters should be before optional named parameters - lib\features\chat\widgets\chat_body.dart:20:19 - always_put_required_named_parameters_first
   info - The line length exceeds the 80-character limit - lib\features\chat\widgets\chat_body.dart:27:81 - lines_longer_than_80_chars
   info - 'Future'-returning calls in a non-'async' function - lib\features\chat\widgets\chat_body.dart:42:8 - discarded_futures
   info - 'Future'-returning calls in a non-'async' function - lib\features\chat\widgets\chat_body.dart:45:33 - discarded_futures
   info - Unnecessary duplication of receiver - lib\features\chat\widgets\chat_body.dart:53:5 - cascade_invocations
   info - 'Future'-returning calls in a non-'async' function - lib\features\chat\widgets\chat_body.dart:71:27 - discarded_futures
   info - The line length exceeds the 80-character limit - lib\features\chat\widgets\chat_body.dart:112:81 - lines_longer_than_80_chars
   info - Use a 'ColoredBox' rather than a 'Container' with only a 'Color' - lib\features\chat\widgets\chat_body.dart:123:14 - use_colored_box
   info - The line length exceeds the 80-character limit - lib\features\chat\widgets\chat_body.dart:162:81 - lines_longer_than_80_chars
   info - The line length exceeds the 80-character limit - lib\features\chat\widgets\chat_body.dart:216:81 - lines_longer_than_80_chars
   info - Unnecessary escape of ''' - lib\features\chat\widgets\chat_body.dart:283:7 - avoid_escaping_inner_quotes
   info - The line length exceeds the 80-character limit - lib\features\chat\widgets\chat_body.dart:288:81 - lines_longer_than_80_chars
   info - The value of the argument is redundant because it matches the default value - lib\features\chat\widgets\chat_body.dart:288:92 - avoid_redundant_argument_values
   info - Unnecessary use of a 'double' literal - lib\features\chat\widgets\chat_body.dart:293:27 - prefer_int_literals
   info - Unnecessary use of a 'double' literal - lib\features\chat\widgets\chat_body.dart:293:37 - prefer_int_literals
   info - 'withOpacity' is deprecated and shouldn't be used. Use .withValues() to avoid precision loss - lib\features\chat\widgets\chat_body.dart:310:52 - deprecated_member_use
   info - Unnecessary use of a 'double' literal - lib\features\chat\widgets\chat_body.dart:323:40 - prefer_int_literals
   info - 'withOpacity' is deprecated and shouldn't be used. Use .withValues() to avoid precision loss - lib\features\chat\widgets\chat_body.dart:345:56 - deprecated_member_use
   info - Unnecessary use of a 'double' literal - lib\features\chat\widgets\chat_body.dart:416:27 - prefer_int_literals
   info - Unnecessary use of a 'double' literal - lib\features\chat\widgets\chat_body.dart:416:37 - prefer_int_literals
   info - 'withOpacity' is deprecated and shouldn't be used. Use .withValues() to avoid precision loss - lib\features\chat\widgets\chat_body.dart:446:46 - deprecated_member_use
   info - 'withOpacity' is deprecated and shouldn't be used. Use .withValues() to avoid precision loss - lib\features\chat\widgets\chat_body.dart:450:39 - deprecated_member_use
   info - The line length exceeds the 80-character limit - lib\features\chat\widgets\chat_body.dart:459:81 - lines_longer_than_80_chars
   info - The line length exceeds the 80-character limit - lib\features\chat\widgets\chat_body.dart:462:81 - lines_longer_than_80_chars
   info - The line length exceeds the 80-character limit - lib\features\chat\widgets\chat_body.dart:488:81 - lines_longer_than_80_chars
   info - 'withOpacity' is deprecated and shouldn't be used. Use .withValues() to avoid precision loss - lib\features\chat\widgets\chat_body.dart:491:39 - deprecated_member_use
   info - The line length exceeds the 80-character limit - lib\features\chat\widgets\chat_body.dart:500:81 - lines_longer_than_80_chars
   info - Missing a newline at the end of the file - lib\features\chat\widgets\chat_body.dart:524:2 - eol_at_end_of_file
   info - Sort directive sections alphabetically - lib\features\chat\widgets\chat_input.dart:4:1 - directives_ordering
   info - The import of 'package:flutter_bloc/flutter_bloc.dart' is unnecessary because all of the used elements are also provided by the import of '../cubit/cubit.dart' - lib\features\chat\widgets\chat_input.dart:7:8 - unnecessary_import
   info - Use 'package:' imports for files in the 'lib' directory - lib\features\chat\widgets\chat_input.dart:8:8 - always_use_package_imports
   info - Sort directive sections alphabetically - lib\features\chat\widgets\chat_input.dart:9:1 - directives_ordering
   info - Use 'package:' imports for files in the 'lib' directory - lib\features\chat\widgets\chat_input.dart:9:8 - always_use_package_imports
   info - Use 'package:' imports for files in the 'lib' directory - lib\features\chat\widgets\chat_input.dart:10:8 - always_use_package_imports
   info - Constructor declarations should be before non-constructor declarations - lib\features\chat\widgets\chat_input.dart:16:9 - sort_constructors_first
   info - Required named parameters should be before optional named parameters - lib\features\chat\widgets\chat_input.dart:18:19 - always_put_required_named_parameters_first
   info - Required named parameters should be before optional named parameters - lib\features\chat\widgets\chat_input.dart:19:19 - always_put_required_named_parameters_first
   info - The line length exceeds the 80-character limit - lib\features\chat\widgets\chat_input.dart:26:81 - lines_longer_than_80_chars
   info - 'Future'-returning calls in a non-'async' function - lib\features\chat\widgets\chat_input.dart:41:46 - discarded_futures
   info - 'Future'-returning calls in a non-'async' function - lib\features\chat\widgets\chat_input.dart:48:24 - discarded_futures
   info - 'Future'-returning calls in a non-'async' function - lib\features\chat\widgets\chat_input.dart:69:31 - discarded_futures
   info - The line length exceeds the 80-character limit - lib\features\chat\widgets\chat_input.dart:76:81 - lines_longer_than_80_chars
   info - 'Future'-returning calls in a non-'async' function - lib\features\chat\widgets\chat_input.dart:78:5 - discarded_futures
warning - The type argument(s) of the function 'showModalBottomSheet' can't be inferred - lib\features\chat\widgets\chat_input.dart:78:5 - inference_failure_on_function_invocation
   info - Use 'const' with the constructor to improve performance - lib\features\chat\widgets\chat_input.dart:82:21 - prefer_const_constructors
warning - The type argument(s) of the function 'navigateTo' can't be inferred - lib\features\chat\widgets\chat_input.dart:112:54 - inference_failure_on_function_invocation
   info - The line length exceeds the 80-character limit - lib\features\chat\widgets\chat_input.dart:112:81 - lines_longer_than_80_chars
   info - The line length exceeds the 80-character limit - lib\features\chat\widgets\chat_input.dart:130:81 - lines_longer_than_80_chars
   info - 'Future'-returning calls in a non-'async' function - lib\features\chat\widgets\chat_input.dart:134:37 - discarded_futures
   info - 'Future'-returning calls in a non-'async' function - lib\features\chat\widgets\chat_input.dart:151:37 - discarded_futures
   info - 'withOpacity' is deprecated and shouldn't be used. Use .withValues() to avoid precision loss - lib\features\chat\widgets\chat_input.dart:180:55 - deprecated_member_use
   info - The value of the argument is redundant because it matches the default value - lib\features\chat\widgets\chat_input.dart:180:80 - avoid_redundant_argument_values
   info - The line length exceeds the 80-character limit - lib\features\chat\widgets\chat_input.dart:180:81 - lines_longer_than_80_chars
   info - The line length exceeds the 80-character limit - lib\features\chat\widgets\chat_input.dart:203:81 - lines_longer_than_80_chars
   info - 'withOpacity' is deprecated and shouldn't be used. Use .withValues() to avoid precision loss - lib\features\chat\widgets\chat_input.dart:222:44 - deprecated_member_use
   info - The value of the argument is redundant because it matches the default value - lib\features\chat\widgets\chat_input.dart:223:22 - avoid_redundant_argument_values
   info - The value of the argument is redundant because it matches the default value - lib\features\chat\widgets\chat_input.dart:233:22 - avoid_redundant_argument_values
   info - Unnecessary use of a 'double' literal - lib\features\chat\widgets\chat_input.dart:233:22 - prefer_int_literals
   info - 'withOpacity' is deprecated and shouldn't be used. Use .withValues() to avoid precision loss - lib\features\chat\widgets\chat_input.dart:237:48 - deprecated_member_use
   info - The line length exceeds the 80-character limit - lib\features\chat\widgets\chat_input.dart:263:81 - lines_longer_than_80_chars
   info - The line length exceeds the 80-character limit - lib\features\chat\widgets\chat_input.dart:266:81 - lines_longer_than_80_chars
   info - The line length exceeds the 80-character limit - lib\features\chat\widgets\chat_input.dart:283:81 - lines_longer_than_80_chars
   info - The line length exceeds the 80-character limit - lib\features\chat\widgets\chat_input.dart:289:81 - lines_longer_than_80_chars
   info - The line length exceeds the 80-character limit - lib\features\chat\widgets\chat_input.dart:304:81 - lines_longer_than_80_chars
   info - 'withOpacity' is deprecated and shouldn't be used. Use .withValues() to avoid precision loss - lib\features\chat\widgets\chat_input.dart:308:51 - deprecated_member_use
   info - The line length exceeds the 80-character limit - lib\features\chat\widgets\chat_input.dart:339:81 - lines_longer_than_80_chars
   info - 'Future'-returning calls in a non-'async' function - lib\features\chat\widgets\chat_input.dart:341:45 - discarded_futures
   info - 'Future'-returning calls in a non-'async' function - lib\features\chat\widgets\chat_input.dart:359:47 - discarded_futures
   info - 'Future'-returning calls in a non-'async' function - lib\features\chat\widgets\chat_input.dart:361:47 - discarded_futures
   info - 'withOpacity' is deprecated and shouldn't be used. Use .withValues() to avoid precision loss - lib\features\chat\widgets\chat_input.dart:372:50 - deprecated_member_use
   info - Unnecessary use of a 'double' literal - lib\features\chat\widgets\chat_input.dart:389:49 - prefer_int_literals
   info - The line length exceeds the 80-character limit - lib\features\chat\widgets\chat_input.dart:390:81 - lines_longer_than_80_chars
   info - 'withOpacity' is deprecated and shouldn't be used. Use .withValues() to avoid precision loss - lib\features\chat\widgets\chat_input.dart:396:64 - deprecated_member_use
   info - The line length exceeds the 80-character limit - lib\features\chat\widgets\chat_input.dart:411:81 - lines_longer_than_80_chars
   info - Unnecessary use of multiple underscores - lib\features\chat\widgets\chat_input.dart:451:53 - unnecessary_underscores
   info - Unnecessary use of multiple underscores - lib\features\chat\widgets\chat_input.dart:451:57 - unnecessary_underscores
   info - The line length exceeds the 80-character limit - lib\features\chat\widgets\chat_input.dart:451:81 - lines_longer_than_80_chars
   info - The line length exceeds the 80-character limit - lib\features\chat\widgets\chat_input.dart:457:81 - lines_longer_than_80_chars
   info - The line length exceeds the 80-character limit - lib\features\chat\widgets\chat_input.dart:460:81 - lines_longer_than_80_chars
   info - The line length exceeds the 80-character limit - lib\features\chat\widgets\chat_input.dart:475:81 - lines_longer_than_80_chars
   info - The line length exceeds the 80-character limit - lib\features\chat\widgets\chat_input.dart:482:81 - lines_longer_than_80_chars
   info - Use 'package:' imports for files in the 'lib' directory - lib\features\chat\widgets\confidence_indicator.dart:4:8 - always_use_package_imports
   info - Sort directive sections alphabetically - lib\features\chat\widgets\confidence_indicator.dart:5:1 - directives_ordering
   info - Use 'package:' imports for files in the 'lib' directory - lib\features\chat\widgets\confidence_indicator.dart:5:8 - always_use_package_imports
   info - Sort directive sections alphabetically - lib\features\chat\widgets\confidence_indicator.dart:6:1 - directives_ordering
   info - Use 'package:' imports for files in the 'lib' directory - lib\features\chat\widgets\confidence_indicator.dart:6:8 - always_use_package_imports
   info - Use 'package:' imports for files in the 'lib' directory - lib\features\chat\widgets\confidence_indicator.dart:7:8 - always_use_package_imports
   info - Sort directive sections alphabetically - lib\features\chat\widgets\confidence_indicator.dart:8:1 - directives_ordering
   info - Use 'package:' imports for files in the 'lib' directory - lib\features\chat\widgets\confidence_indicator.dart:8:8 - always_use_package_imports
   info - Use 'const' with the constructor to improve performance - lib\features\chat\widgets\confidence_indicator.dart:61:18 - prefer_const_constructors
   info - 'Future'-returning calls in a non-'async' function - lib\features\chat\widgets\confidence_indicator.dart:98:5 - discarded_futures
warning - The type argument(s) of the function 'showDialog' can't be inferred - lib\features\chat\widgets\confidence_indicator.dart:98:5 - inference_failure_on_function_invocation
   info - The line length exceeds the 80-character limit - lib\features\chat\widgets\confidence_indicator.dart:140:81 - lines_longer_than_80_chars
   info - Missing a newline at the end of the file - lib\features\chat\widgets\confidence_indicator.dart:177:2 - eol_at_end_of_file
   info - Use 'package:' imports for files in the 'lib' directory - lib\features\chat\widgets\medicine_result_card.dart:2:8 - always_use_package_imports
   info - Sort directive sections alphabetically - lib\features\chat\widgets\medicine_result_card.dart:3:1 - directives_ordering
   info - Use 'package:' imports for files in the 'lib' directory - lib\features\chat\widgets\medicine_result_card.dart:3:8 - always_use_package_imports
   info - Use 'package:' imports for files in the 'lib' directory - lib\features\chat\widgets\medicine_result_card.dart:4:8 - always_use_package_imports
   info - 'withOpacity' is deprecated and shouldn't be used. Use .withValues() to avoid precision loss - lib\features\chat\widgets\medicine_result_card.dart:16:44 - deprecated_member_use
   info - 'withOpacity' is deprecated and shouldn't be used. Use .withValues() to avoid precision loss - lib\features\chat\widgets\medicine_result_card.dart:21:33 - deprecated_member_use
   info - 'withOpacity' is deprecated and shouldn't be used. Use .withValues() to avoid precision loss - lib\features\chat\widgets\medicine_result_card.dart:35:51 - deprecated_member_use
   info - 'withOpacity' is deprecated and shouldn't be used. Use .withValues() to avoid precision loss - lib\features\chat\widgets\medicine_result_card.dart:45:52 - deprecated_member_use
   info - The line length exceeds the 80-character limit - lib\features\chat\widgets\medicine_result_card.dart:76:81 - lines_longer_than_80_chars
   info - The line length exceeds the 80-character limit - lib\features\chat\widgets\medicine_result_card.dart:98:81 - lines_longer_than_80_chars
   info - The line length exceeds the 80-character limit - lib\features\chat\widgets\medicine_result_card.dart:110:81 - lines_longer_than_80_chars
   info - 'withOpacity' is deprecated and shouldn't be used. Use .withValues() to avoid precision loss - lib\features\chat\widgets\medicine_result_card.dart:131:47 - deprecated_member_use
   info - 'withOpacity' is deprecated and shouldn't be used. Use .withValues() to avoid precision loss - lib\features\chat\widgets\medicine_result_card.dart:133:66 - deprecated_member_use
   info - The line length exceeds the 80-character limit - lib\features\chat\widgets\medicine_result_card.dart:133:81 - lines_longer_than_80_chars
   info - Use 'const' with the constructor to improve performance - lib\features\chat\widgets\medicine_result_card.dart:140:30 - prefer_const_constructors
   info - The line length exceeds the 80-character limit - lib\features\chat\widgets\medicine_result_card.dart:140:81 - lines_longer_than_80_chars
   info - The line length exceeds the 80-character limit - lib\features\chat\widgets\medicine_result_card.dart:159:81 - lines_longer_than_80_chars
   info - Unnecessary use of 'toList' in a spread - lib\features\chat\widgets\medicine_result_card.dart:173:29 - unnecessary_to_list_in_spreads
   info - 'withOpacity' is deprecated and shouldn't be used. Use .withValues() to avoid precision loss - lib\features\chat\widgets\medicine_result_card.dart:201:22 - deprecated_member_use
   info - Sort directive sections alphabetically - lib\features\chat\widgets\message_bubble.dart:7:1 - directives_ordering
   info - Sort directive sections alphabetically - lib\features\chat\widgets\message_bubble.dart:9:1 - directives_ordering
   info - Use 'package:' imports for files in the 'lib' directory - lib\features\chat\widgets\message_bubble.dart:13:8 - always_use_package_imports
   info - Use 'package:' imports for files in the 'lib' directory - lib\features\chat\widgets\message_bubble.dart:14:8 - always_use_package_imports
   info - 'withOpacity' is deprecated and shouldn't be used. Use .withValues() to avoid precision loss - lib\features\chat\widgets\message_bubble.dart:48:50 - deprecated_member_use
   info - The line length exceeds the 80-character limit - lib\features\chat\widgets\message_bubble.dart:78:81 - lines_longer_than_80_chars
   info - Local variables should be final - lib\features\chat\widgets\message_bubble.dart:79:5 - prefer_final_locals
   info - Unnecessary type annotation on a local variable - lib\features\chat\widgets\message_bubble.dart:79:5 - omit_local_variable_types
   info - The line length exceeds the 80-character limit - lib\features\chat\widgets\message_bubble.dart:99:81 - lines_longer_than_80_chars
   info - The value of the argument is redundant because it matches the default value - lib\features\chat\widgets\message_bubble.dart:113:33 - avoid_redundant_argument_values
   info - 'withOpacity' is deprecated and shouldn't be used. Use .withValues() to avoid precision loss - lib\features\chat\widgets\message_bubble.dart:118:50 - deprecated_member_use
   info - Use the constant 'EdgeInsets.zero' rather than a constructor returning the same object - lib\features\chat\widgets\message_bubble.dart:155:22 - use_named_constants
   info - The value of the argument is redundant because it matches the default value - lib\features\chat\widgets\message_bubble.dart:155:50 - avoid_redundant_argument_values
   info - 'Future'-returning calls in a non-'async' function - lib\features\chat\widgets\message_bubble.dart:172:41 - discarded_futures
   info - Use 'const' with the constructor to improve performance - lib\features\chat\widgets\message_bubble.dart:186:29 - prefer_const_constructors
   info - Unnecessary type annotation on a local variable - lib\features\chat\widgets\message_bubble.dart:215:11 - omit_local_variable_types
   info - Catch clause should use 'on' to specify the type of exception being caught - lib\features\chat\widgets\message_bubble.dart:275:7 - avoid_catches_without_on_clauses
   info - Unnecessary use of a 'double' literal - lib\features\chat\widgets\message_bubble.dart:285:50 - prefer_int_literals
   info - 'withOpacity' is deprecated and shouldn't be used. Use .withValues() to avoid precision loss - lib\features\chat\widgets\message_bubble.dart:311:69 - deprecated_member_use
   info - The line length exceeds the 80-character limit - lib\features\chat\widgets\message_bubble.dart:311:81 - lines_longer_than_80_chars
   info - The value of the argument is redundant because it matches the default value - lib\features\chat\widgets\message_bubble.dart:311:94 - avoid_redundant_argument_values
   info - 'withOpacity' is deprecated and shouldn't be used. Use .withValues() to avoid precision loss - lib\features\chat\widgets\message_bubble.dart:314:45 - deprecated_member_use
   info - Use 'const' with the constructor to improve performance - lib\features\chat\widgets\message_bubble.dart:330:42 - prefer_const_constructors
   info - The line length exceeds the 80-character limit - lib\features\chat\widgets\message_bubble.dart:347:81 - lines_longer_than_80_chars
   info - Catch clause should use 'on' to specify the type of exception being caught - lib\features\chat\widgets\message_bubble.dart:385:7 - avoid_catches_without_on_clauses
   info - 'withOpacity' is deprecated and shouldn't be used. Use .withValues() to avoid precision loss - lib\features\chat\widgets\message_bubble.dart:422:35 - deprecated_member_use
   info - The line length exceeds the 80-character limit - lib\features\chat\widgets\message_bubble.dart:439:81 - lines_longer_than_80_chars
   info - The line length exceeds the 80-character limit - lib\features\chat\widgets\message_bubble.dart:467:81 - lines_longer_than_80_chars
   info - The line length exceeds the 80-character limit - lib\features\chat\widgets\message_bubble.dart:499:81 - lines_longer_than_80_chars
   info - 'Future'-returning calls in a non-'async' function - lib\features\chat\widgets\message_bubble.dart:509:5 - discarded_futures
warning - The type argument(s) of the function 'showModalBottomSheet' can't be inferred - lib\features\chat\widgets\message_bubble.dart:509:5 - inference_failure_on_function_invocation
   info - Use 'const' with the constructor to improve performance - lib\features\chat\widgets\message_bubble.dart:514:21 - prefer_const_constructors
   info - The line length exceeds the 80-character limit - lib\features\chat\widgets\message_bubble.dart:523:81 - lines_longer_than_80_chars
   info - Sort directive sections alphabetically - lib\features\chat\widgets\thinking_indicator.dart:2:1 - directives_ordering
   info - Constructor declarations should be before non-constructor declarations - lib\features\chat\widgets\thinking_indicator.dart:9:9 - sort_constructors_first
   info - Required named parameters should be before optional named parameters - lib\features\chat\widgets\thinking_indicator.dart:11:19 - always_put_required_named_parameters_first
   info - The line length exceeds the 80-character limit - lib\features\chat\widgets\thinking_indicator.dart:18:81 - lines_longer_than_80_chars
   info - 'Future'-returning calls in a non-'async' function - lib\features\chat\widgets\thinking_indicator.dart:28:8 - discarded_futures
   info - Unnecessary use of a 'double' literal - lib\features\chat\widgets\thinking_indicator.dart:30:54 - prefer_int_literals
   info - The line length exceeds the 80-character limit - lib\features\chat\widgets\thinking_indicator.dart:64:81 - lines_longer_than_80_chars
   info - Use 'package:' imports for files in the 'lib' directory - lib\features\forum\cubit\forum_cubit.dart:8:8 - always_use_package_imports
   info - Catch clause should use 'on' to specify the type of exception being caught - lib\features\forum\cubit\forum_cubit.dart:58:7 - avoid_catches_without_on_clauses
   info - The expression has no effect and can be removed - lib\features\forum\cubit\forum_cubit.dart:61:43 - noop_primitive_operations
   info - Catch clause should use 'on' to specify the type of exception being caught - lib\features\forum\cubit\forum_cubit.dart:77:7 - avoid_catches_without_on_clauses
   info - The expression has no effect and can be removed - lib\features\forum\cubit\forum_cubit.dart:80:44 - noop_primitive_operations
   info - Missing an 'await' for the 'Future' computed by this expression - lib\features\forum\cubit\forum_cubit.dart:98:7 - unawaited_futures
   info - Catch clause should use 'on' to specify the type of exception being caught - lib\features\forum\cubit\forum_cubit.dart:99:7 - avoid_catches_without_on_clauses
   info - The expression has no effect and can be removed - lib\features\forum\cubit\forum_cubit.dart:102:43 - noop_primitive_operations
   info - Missing an 'await' for the 'Future' computed by this expression - lib\features\forum\cubit\forum_cubit.dart:139:7 - unawaited_futures
   info - Catch clause should use 'on' to specify the type of exception being caught - lib\features\forum\cubit\forum_cubit.dart:140:7 - avoid_catches_without_on_clauses
   info - The expression has no effect and can be removed - lib\features\forum\cubit\forum_cubit.dart:143:46 - noop_primitive_operations
   info - The value of the argument is redundant because it matches the default value - lib\features\forum\cubit\forum_cubit.dart:152:21 - avoid_redundant_argument_values
   info - The value of the argument is redundant because it matches the default value - lib\features\forum\cubit\forum_cubit.dart:155:24 - avoid_redundant_argument_values
   info - The value of the argument is redundant because it matches the default value - lib\features\forum\cubit\forum_cubit.dart:156:23 - avoid_redundant_argument_values
   info - Missing an 'await' for the 'Future' computed by this expression - lib\features\forum\cubit\forum_cubit.dart:209:7 - unawaited_futures
   info - Catch clause should use 'on' to specify the type of exception being caught - lib\features\forum\cubit\forum_cubit.dart:210:7 - avoid_catches_without_on_clauses
   info - The expression has no effect and can be removed - lib\features\forum\cubit\forum_cubit.dart:213:44 - noop_primitive_operations
   info - Missing an 'await' for the 'Future' computed by this expression - lib\features\forum\cubit\forum_cubit.dart:271:7 - unawaited_futures
   info - Catch clause should use 'on' to specify the type of exception being caught - lib\features\forum\cubit\forum_cubit.dart:272:7 - avoid_catches_without_on_clauses
   info - The expression has no effect and can be removed - lib\features\forum\cubit\forum_cubit.dart:275:44 - noop_primitive_operations
   info - Catch clause should use 'on' to specify the type of exception being caught - lib\features\forum\cubit\forum_cubit.dart:302:7 - avoid_catches_without_on_clauses
   info - The expression has no effect and can be removed - lib\features\forum\cubit\forum_cubit.dart:305:34 - noop_primitive_operations
   info - Catch clause should use 'on' to specify the type of exception being caught - lib\features\forum\cubit\forum_cubit.dart:326:7 - avoid_catches_without_on_clauses
   info - The expression has no effect and can be removed - lib\features\forum\cubit\forum_cubit.dart:329:36 - noop_primitive_operations
   info - The line length exceeds the 80-character limit - lib\features\forum\cubit\forum_cubit.dart:347:81 - lines_longer_than_80_chars
   info - The line length exceeds the 80-character limit - lib\features\forum\cubit\forum_cubit.dart:351:81 - lines_longer_than_80_chars
   info - Catch clause should use 'on' to specify the type of exception being caught - lib\features\forum\cubit\forum_cubit.dart:356:7 - avoid_catches_without_on_clauses
   info - Missing an 'await' for the 'Future' computed by this expression - lib\features\forum\cubit\forum_cubit.dart:358:7 - unawaited_futures
   info - The expression has no effect and can be removed - lib\features\forum\cubit\forum_cubit.dart:359:62 - noop_primitive_operations
   info - The line length exceeds the 80-character limit - lib\features\forum\cubit\forum_cubit.dart:372:81 - lines_longer_than_80_chars
   info - The line length exceeds the 80-character limit - lib\features\forum\cubit\forum_cubit.dart:375:81 - lines_longer_than_80_chars
   info - Catch clause should use 'on' to specify the type of exception being caught - lib\features\forum\cubit\forum_cubit.dart:381:7 - avoid_catches_without_on_clauses
   info - Missing an 'await' for the 'Future' computed by this expression - lib\features\forum\cubit\forum_cubit.dart:384:9 - unawaited_futures
   info - The expression has no effect and can be removed - lib\features\forum\cubit\forum_cubit.dart:386:70 - noop_primitive_operations
   info - The line length exceeds the 80-character limit - lib\features\forum\cubit\forum_cubit.dart:386:81 - lines_longer_than_80_chars
   info - Catch clause should use 'on' to specify the type of exception being caught - lib\features\forum\cubit\forum_cubit.dart:395:7 - avoid_catches_without_on_clauses
   info - The expression has no effect and can be removed - lib\features\forum\cubit\forum_cubit.dart:396:62 - noop_primitive_operations
   info - 'Future'-returning calls in a non-'async' function - lib\features\forum\cubit\forum_cubit.dart:405:9 - discarded_futures
   info - To-do comment doesn't follow the Flutter style - lib\features\forum\cubit\forum_cubit.dart:413:7 - flutter_style_todos
   info - Catch clause should use 'on' to specify the type of exception being caught - lib\features\forum\cubit\forum_cubit.dart:414:7 - avoid_catches_without_on_clauses
   info - The value of the argument is redundant because it matches the default value - lib\features\forum\cubit\forum_cubit.dart:436:25 - avoid_redundant_argument_values
   info - Catch clause should use 'on' to specify the type of exception being caught - lib\features\forum\cubit\forum_cubit.dart:439:7 - avoid_catches_without_on_clauses
   info - The expression has no effect and can be removed - lib\features\forum\cubit\forum_cubit.dart:442:54 - noop_primitive_operations
   info - The value of the argument is redundant because it matches the default value - lib\features\forum\cubit\forum_cubit.dart:452:44 - avoid_redundant_argument_values
   info - 'Future'-returning calls in a non-'async' function - lib\features\forum\cubit\forum_cubit.dart:454:7 - discarded_futures
   info - Catch clause should use 'on' to specify the type of exception being caught - lib\features\forum\cubit\forum_cubit.dart:486:7 - avoid_catches_without_on_clauses
   info - The expression has no effect and can be removed - lib\features\forum\cubit\forum_cubit.dart:489:46 - noop_primitive_operations
   info - The line length exceeds the 80-character limit - lib\features\forum\cubit\forum_cubit.dart:517:81 - lines_longer_than_80_chars
   info - The line length exceeds the 80-character limit - lib\features\forum\cubit\forum_cubit.dart:525:81 - lines_longer_than_80_chars
   info - The line length exceeds the 80-character limit - lib\features\forum\cubit\forum_cubit.dart:526:81 - lines_longer_than_80_chars
   info - Catch clause should use 'on' to specify the type of exception being caught - lib\features\forum\cubit\forum_cubit.dart:544:7 - avoid_catches_without_on_clauses
   info - The expression has no effect and can be removed - lib\features\forum\cubit\forum_cubit.dart:547:45 - noop_primitive_operations
   info - The line length exceeds the 80-character limit - lib\features\forum\cubit\forum_cubit.dart:576:81 - lines_longer_than_80_chars
   info - The value of the argument is redundant because it matches the default value - lib\features\forum\cubit\forum_cubit.dart:577:23 - avoid_redundant_argument_values
   info - The line length exceeds the 80-character limit - lib\features\forum\cubit\forum_state.dart:135:81 - lines_longer_than_80_chars
   info - The line length exceeds the 80-character limit - lib\features\forum\cubit\forum_state.dart:136:81 - lines_longer_than_80_chars
   info - The value of the argument is redundant because it matches the default value - lib\features\forum\cubit\forum_state.dart:147:28 - avoid_redundant_argument_values
   info - Catch clause should use 'on' to specify the type of exception being caught - lib\features\forum\cubit\forum_state.dart:154:7 - avoid_catches_without_on_clauses
   info - Catch clause should use 'on' to specify the type of exception being caught - lib\features\forum\cubit\forum_state.dart:163:7 - avoid_catches_without_on_clauses
   info - Catch clause should use 'on' to specify the type of exception being caught - lib\features\forum\cubit\forum_state.dart:172:7 - avoid_catches_without_on_clauses
   info - The line length exceeds the 80-character limit - lib\features\forum\cubit\forum_state.dart:177:81 - lines_longer_than_80_chars
   info - The line length exceeds the 80-character limit - lib\features\forum\cubit\forum_state.dart:179:81 - lines_longer_than_80_chars
   info - The line length exceeds the 80-character limit - lib\features\forum\cubit\forum_state.dart:205:81 - lines_longer_than_80_chars
warning - Unused import: 'package:cap_project/core/theme/app_text_styles.dart' - lib\features\forum\view\forum_list_page.dart:2:8 - unused_import
warning - Unused import: 'package:cap_project/features/forum/widgets/new_post_sheet.dart' - lib\features\forum\view\forum_list_page.dart:6:8 - unused_import
   info - Sort directive sections alphabetically - lib\features\forum\view\forum_list_page.dart:10:1 - directives_ordering
   info - The line length exceeds the 80-character limit - lib\features\forum\view\forum_list_page.dart:18:81 - lines_longer_than_80_chars
   info - 'Future'-returning calls in a non-'async' function - lib\features\forum\view\forum_list_page.dart:22:10 - discarded_futures
   info - The line length exceeds the 80-character limit - lib\features\forum\view\forum_list_page.dart:62:81 - lines_longer_than_80_chars
   info - The line length exceeds the 80-character limit - lib\features\forum\view\forum_list_page.dart:63:81 - lines_longer_than_80_chars
   info - Sort directive sections alphabetically - lib\features\forum\widgets\answer_reader_with_comments.dart:5:1 - directives_ordering
   info - Use 'package:' imports for files in the 'lib' directory - lib\features\forum\widgets\answer_reader_with_comments.dart:7:8 - always_use_package_imports
   info - Constructor declarations should be before non-constructor declarations - lib\features\forum\widgets\answer_reader_with_comments.dart:16:9 - sort_constructors_first
   info - Required named parameters should be before optional named parameters - lib\features\forum\widgets\answer_reader_with_comments.dart:18:19 - always_put_required_named_parameters_first
   info - The line length exceeds the 80-character limit - lib\features\forum\widgets\answer_reader_with_comments.dart:22:81 - lines_longer_than_80_chars
   info - 'Future'-returning calls in a non-'async' function - lib\features\forum\widgets\answer_reader_with_comments.dart:31:32 - discarded_futures
   info - 'Future'-returning calls in a non-'async' function - lib\features\forum\widgets\answer_reader_with_comments.dart:57:47 - discarded_futures
   info - 'Future'-returning calls in a non-'async' function - lib\features\forum\widgets\answer_reader_with_comments.dart:59:47 - discarded_futures
   info - 'withOpacity' is deprecated and shouldn't be used. Use .withValues() to avoid precision loss - lib\features\forum\widgets\answer_reader_with_comments.dart:64:49 - deprecated_member_use
   info - The line length exceeds the 80-character limit - lib\features\forum\widgets\answer_reader_with_comments.dart:64:81 - lines_longer_than_80_chars
   info - The line length exceeds the 80-character limit - lib\features\forum\widgets\answer_reader_with_comments.dart:91:81 - lines_longer_than_80_chars
   info - The line length exceeds the 80-character limit - lib\features\forum\widgets\answer_reader_with_comments.dart:103:81 - lines_longer_than_80_chars
   info - The line length exceeds the 80-character limit - lib\features\forum\widgets\answer_reader_with_comments.dart:107:81 - lines_longer_than_80_chars
   info - The line length exceeds the 80-character limit - lib\features\forum\widgets\answer_reader_with_comments.dart:110:81 - lines_longer_than_80_chars
   info - The line length exceeds the 80-character limit - lib\features\forum\widgets\answer_reader_with_comments.dart:118:81 - lines_longer_than_80_chars
   info - The line length exceeds the 80-character limit - lib\features\forum\widgets\answer_reader_with_comments.dart:133:81 - lines_longer_than_80_chars
   info - 'Future'-returning calls in a non-'async' function - lib\features\forum\widgets\answer_reader_with_comments.dart:134:5 - discarded_futures
warning - The type argument(s) of the function 'showModalBottomSheet' can't be inferred - lib\features\forum\widgets\answer_reader_with_comments.dart:134:5 - inference_failure_on_function_invocation
   info - Constructor declarations should be before non-constructor declarations - lib\features\forum\widgets\comment_card.dart:12:9 - sort_constructors_first
   info - Required named parameters should be before optional named parameters - lib\features\forum\widgets\comment_card.dart:14:19 - always_put_required_named_parameters_first
   info - Required named parameters should be before optional named parameters - lib\features\forum\widgets\comment_card.dart:15:19 - always_put_required_named_parameters_first
   info - The line length exceeds the 80-character limit - lib\features\forum\widgets\comment_card.dart:21:81 - lines_longer_than_80_chars
   info - 'withOpacity' is deprecated and shouldn't be used. Use .withValues() to avoid precision loss - lib\features\forum\widgets\comment_card.dart:28:47 - deprecated_member_use
   info - The line length exceeds the 80-character limit - lib\features\forum\widgets\comment_card.dart:28:81 - lines_longer_than_80_chars
   info - 'withOpacity' is deprecated and shouldn't be used. Use .withValues() to avoid precision loss - lib\features\forum\widgets\comment_card.dart:31:49 - deprecated_member_use
   info - The line length exceeds the 80-character limit - lib\features\forum\widgets\comment_card.dart:31:81 - lines_longer_than_80_chars
   info - 'withOpacity' is deprecated and shouldn't be used. Use .withValues() to avoid precision loss - lib\features\forum\widgets\comment_card.dart:48:45 - deprecated_member_use
   info - The line length exceeds the 80-character limit - lib\features\forum\widgets\comment_card.dart:55:81 - lines_longer_than_80_chars
   info - The line length exceeds the 80-character limit - lib\features\forum\widgets\comment_card.dart:90:81 - lines_longer_than_80_chars
   info - The line length exceeds the 80-character limit - lib\features\forum\widgets\comment_card.dart:96:81 - lines_longer_than_80_chars
   info - 'withOpacity' is deprecated and shouldn't be used. Use .withValues() to avoid precision loss - lib\features\forum\widgets\comment_card.dart:98:54 - deprecated_member_use
   info - The line length exceeds the 80-character limit - lib\features\forum\widgets\comment_card.dart:113:81 - lines_longer_than_80_chars
   info - The line length exceeds the 80-character limit - lib\features\forum\widgets\comment_card.dart:124:81 - lines_longer_than_80_chars
   info - 'withOpacity' is deprecated and shouldn't be used. Use .withValues() to avoid precision loss - lib\features\forum\widgets\comment_card.dart:136:56 - deprecated_member_use
   info - Invalid use of 'default' member in a switch - lib\features\forum\widgets\comment_card.dart:180:7 - no_default_cases
   info - The import of 'package:flutter_bloc/flutter_bloc.dart' is unnecessary because all of the used elements are also provided by the import of 'package:cap_project/features/auth/cubit/cubit.dart' - lib\features\forum\widgets\comment_input.dart:5:8 - unnecessary_import
   info - Sort directive sections alphabetically - lib\features\forum\widgets\comment_input.dart:6:1 - directives_ordering
   info - Use 'package:' imports for files in the 'lib' directory - lib\features\forum\widgets\comment_input.dart:7:8 - always_use_package_imports
   info - Sort directive sections alphabetically - lib\features\forum\widgets\comment_input.dart:8:1 - directives_ordering
   info - Use 'package:' imports for files in the 'lib' directory - lib\features\forum\widgets\comment_input.dart:8:8 - always_use_package_imports
   info - Sort directive sections alphabetically - lib\features\forum\widgets\comment_input.dart:9:1 - directives_ordering
   info - Use 'package:' imports for files in the 'lib' directory - lib\features\forum\widgets\comment_input.dart:9:8 - always_use_package_imports
   info - Unnecessary type annotation on a local variable - lib\features\forum\widgets\comment_input.dart:56:7 - omit_local_variable_types
   info - Missing a message in an assert - lib\features\forum\widgets\comment_input.dart:57:7 - prefer_asserts_with_message
   info - 'Future'-returning calls in a non-'async' function - lib\features\forum\widgets\comment_input.dart:69:34 - discarded_futures
   info - 'Future'-returning calls in a non-'async' function - lib\features\forum\widgets\comment_input.dart:80:34 - discarded_futures
   info - Use a 'ColoredBox' rather than a 'Container' with only a 'Color' - lib\features\forum\widgets\comment_input.dart:96:12 - use_colored_box
   info - The value of the argument is redundant because it matches the default value - lib\features\forum\widgets\comment_input.dart:116:30 - avoid_redundant_argument_values
   info - Use 'const' with the constructor to improve performance - lib\features\forum\widgets\comment_input.dart:124:28 - prefer_const_constructors
   info - Use 'const' with the constructor to improve performance - lib\features\forum\widgets\comment_input.dart:128:33 - prefer_const_constructors
   info - Use 'const' with the constructor to improve performance - lib\features\forum\widgets\comment_input.dart:130:34 - prefer_const_constructors
   info - Missing a newline at the end of the file - lib\features\forum\widgets\comment_input.dart:171:2 - eol_at_end_of_file
   info - Use 'package:' imports for files in the 'lib' directory - lib\features\forum\widgets\comment_list_item.dart:4:8 - always_use_package_imports
   info - Sort directive sections alphabetically - lib\features\forum\widgets\comment_list_item.dart:5:1 - directives_ordering
   info - Use 'package:' imports for files in the 'lib' directory - lib\features\forum\widgets\comment_list_item.dart:5:8 - always_use_package_imports
   info - Use 'package:' imports for files in the 'lib' directory - lib\features\forum\widgets\comment_list_item.dart:6:8 - always_use_package_imports
   info - Unnecessary use of a 'double' literal - lib\features\forum\widgets\comment_list_item.dart:19:53 - prefer_int_literals
   info - 'withOpacity' is deprecated and shouldn't be used. Use .withValues() to avoid precision loss - lib\features\forum\widgets\comment_list_item.dart:28:46 - deprecated_member_use
   info - The line length exceeds the 80-character limit - lib\features\forum\widgets\comment_list_item.dart:33:81 - lines_longer_than_80_chars
   info - The line length exceeds the 80-character limit - lib\features\forum\widgets\comment_list_item.dart:85:81 - lines_longer_than_80_chars
   info - The line length exceeds the 80-character limit - lib\features\forum\widgets\comment_list_item.dart:89:81 - lines_longer_than_80_chars
   info - The line length exceeds the 80-character limit - lib\features\forum\widgets\comment_list_item.dart:91:81 - lines_longer_than_80_chars
   info - The line length exceeds the 80-character limit - lib\features\forum\widgets\comment_list_item.dart:97:81 - lines_longer_than_80_chars
   info - The line length exceeds the 80-character limit - lib\features\forum\widgets\comment_list_item.dart:98:81 - lines_longer_than_80_chars
   info - Sort directive sections alphabetically - lib\features\forum\widgets\forum_body.dart:8:1 - directives_ordering
warning - Unused import: 'package:forum_repository/forum_repository.dart' - lib\features\forum\widgets\forum_body.dart:12:8 - unused_import
   info - 'Future'-returning calls in a non-'async' function - lib\features\forum\widgets\forum_body.dart:67:42 - discarded_futures
   info - The line length exceeds the 80-character limit - lib\features\forum\widgets\forum_body.dart:83:81 - lines_longer_than_80_chars
   info - Use 'const' with the constructor to improve performance - lib\features\forum\widgets\forum_body.dart:84:23 - prefer_const_constructors
   info - The line length exceeds the 80-character limit - lib\features\forum\widgets\forum_body.dart:84:81 - lines_longer_than_80_chars
   info - The value of the argument is redundant because it matches the default value - lib\features\forum\widgets\forum_body.dart:91:22 - avoid_redundant_argument_values
   info - The value of the argument is redundant because it matches the default value - lib\features\forum\widgets\forum_body.dart:98:22 - avoid_redundant_argument_values
   info - The line length exceeds the 80-character limit - lib\features\forum\widgets\forum_body.dart:108:81 - lines_longer_than_80_chars
   info - The line length exceeds the 80-character limit - lib\features\forum\widgets\forum_body.dart:119:81 - lines_longer_than_80_chars
   info - The line length exceeds the 80-character limit - lib\features\forum\widgets\forum_body.dart:121:81 - lines_longer_than_80_chars
   info - The line length exceeds the 80-character limit - lib\features\forum\widgets\forum_body.dart:123:81 - lines_longer_than_80_chars
   info - The line length exceeds the 80-character limit - lib\features\forum\widgets\forum_body.dart:142:81 - lines_longer_than_80_chars
   info - 'withOpacity' is deprecated and shouldn't be used. Use .withValues() to avoid precision loss - lib\features\forum\widgets\forum_body.dart:144:45 - deprecated_member_use
   info - The line length exceeds the 80-character limit - lib\features\forum\widgets\forum_body.dart:149:81 - lines_longer_than_80_chars
   info - The line length exceeds the 80-character limit - lib\features\forum\widgets\forum_body.dart:156:81 - lines_longer_than_80_chars
   info - The line length exceeds the 80-character limit - lib\features\forum\widgets\forum_body.dart:157:81 - lines_longer_than_80_chars
   info - To-do comment doesn't follow the Flutter style - lib\features\forum\widgets\forum_body.dart:164:19 - flutter_style_todos
   info - Required named parameters should be before optional named parameters - lib\features\forum\widgets\forum_detail_view.dart:16:51 - always_put_required_named_parameters_first
   info - The value of the argument is redundant because it matches the default value - lib\features\forum\widgets\forum_detail_view.dart:43:73 - avoid_redundant_argument_values
   info - 'withOpacity' is deprecated and shouldn't be used. Use .withValues() to avoid precision loss - lib\features\forum\widgets\forum_detail_view.dart:65:62 - deprecated_member_use
   info - The line length exceeds the 80-character limit - lib\features\forum\widgets\forum_detail_view.dart:67:81 - lines_longer_than_80_chars
   info - The line length exceeds the 80-character limit - lib\features\forum\widgets\forum_detail_view.dart:88:81 - lines_longer_than_80_chars
   info - The line length exceeds the 80-character limit - lib\features\forum\widgets\forum_detail_view.dart:101:81 - lines_longer_than_80_chars
   info - 'withOpacity' is deprecated and shouldn't be used. Use .withValues() to avoid precision loss - lib\features\forum\widgets\forum_detail_view.dart:103:54 - deprecated_member_use
   info - The line length exceeds the 80-character limit - lib\features\forum\widgets\forum_detail_view.dart:118:81 - lines_longer_than_80_chars
   info - The line length exceeds the 80-character limit - lib\features\forum\widgets\forum_detail_view.dart:134:81 - lines_longer_than_80_chars
   info - Closure should be a tearoff - lib\features\forum\widgets\forum_detail_view.dart:141:48 - unnecessary_lambdas
   info - The line length exceeds the 80-character limit - lib\features\forum\widgets\forum_detail_view.dart:141:81 - lines_longer_than_80_chars
   info - The line length exceeds the 80-character limit - lib\features\forum\widgets\forum_detail_view.dart:150:81 - lines_longer_than_80_chars
   info - Closure should be a tearoff - lib\features\forum\widgets\forum_detail_view.dart:153:39 - unnecessary_lambdas
   info - The line length exceeds the 80-character limit - lib\features\forum\widgets\forum_detail_view.dart:163:81 - lines_longer_than_80_chars
   info - The line length exceeds the 80-character limit - lib\features\forum\widgets\forum_detail_view.dart:169:81 - lines_longer_than_80_chars
   info - The line length exceeds the 80-character limit - lib\features\forum\widgets\forum_detail_view.dart:181:81 - lines_longer_than_80_chars
   info - The line length exceeds the 80-character limit - lib\features\forum\widgets\forum_detail_view.dart:187:81 - lines_longer_than_80_chars
   info - The line length exceeds the 80-character limit - lib\features\forum\widgets\forum_detail_view.dart:194:81 - lines_longer_than_80_chars
   info - The line length exceeds the 80-character limit - lib\features\forum\widgets\forum_detail_view.dart:199:81 - lines_longer_than_80_chars
   info - The line length exceeds the 80-character limit - lib\features\forum\widgets\forum_detail_view.dart:222:81 - lines_longer_than_80_chars
   info - The line length exceeds the 80-character limit - lib\features\forum\widgets\forum_detail_view.dart:225:81 - lines_longer_than_80_chars
   info - The line length exceeds the 80-character limit - lib\features\forum\widgets\forum_detail_view.dart:270:81 - lines_longer_than_80_chars
   info - 'withOpacity' is deprecated and shouldn't be used. Use .withValues() to avoid precision loss - lib\features\forum\widgets\forum_detail_view.dart:277:45 - deprecated_member_use
   info - 'withOpacity' is deprecated and shouldn't be used. Use .withValues() to avoid precision loss - lib\features\forum\widgets\forum_detail_view.dart:279:43 - deprecated_member_use
   info - 'withOpacity' is deprecated and shouldn't be used. Use .withValues() to avoid precision loss - lib\features\forum\widgets\forum_detail_view.dart:286:47 - deprecated_member_use
   info - The line length exceeds the 80-character limit - lib\features\forum\widgets\forum_detail_view.dart:304:81 - lines_longer_than_80_chars
   info - 'withOpacity' is deprecated and shouldn't be used. Use .withValues() to avoid precision loss - lib\features\forum\widgets\forum_detail_view.dart:318:52 - deprecated_member_use
   info - The line length exceeds the 80-character limit - lib\features\forum\widgets\forum_detail_view.dart:332:81 - lines_longer_than_80_chars
   info - 'withOpacity' is deprecated and shouldn't be used. Use .withValues() to avoid precision loss - lib\features\forum\widgets\forum_detail_view.dart:337:62 - deprecated_member_use
   info - The line length exceeds the 80-character limit - lib\features\forum\widgets\forum_detail_view.dart:346:81 - lines_longer_than_80_chars
   info - The line length exceeds the 80-character limit - lib\features\forum\widgets\forum_detail_view.dart:350:81 - lines_longer_than_80_chars
   info - The line length exceeds the 80-character limit - lib\features\forum\widgets\forum_detail_view.dart:352:81 - lines_longer_than_80_chars
   info - The line length exceeds the 80-character limit - lib\features\forum\widgets\forum_detail_view.dart:363:81 - lines_longer_than_80_chars
   info - 'withOpacity' is deprecated and shouldn't be used. Use .withValues() to avoid precision loss - lib\features\forum\widgets\forum_detail_view.dart:365:54 - deprecated_member_use
   info - The line length exceeds the 80-character limit - lib\features\forum\widgets\forum_detail_view.dart:370:81 - lines_longer_than_80_chars
   info - The line length exceeds the 80-character limit - lib\features\forum\widgets\forum_detail_view.dart:413:81 - lines_longer_than_80_chars
   info - The line length exceeds the 80-character limit - lib\features\forum\widgets\forum_detail_view.dart:418:81 - lines_longer_than_80_chars
   info - The line length exceeds the 80-character limit - lib\features\forum\widgets\forum_detail_view.dart:429:81 - lines_longer_than_80_chars
   info - 'Future'-returning calls in a non-'async' function - lib\features\forum\widgets\forum_detail_view.dart:467:5 - discarded_futures
warning - The type argument(s) of the function 'showModalBottomSheet' can't be inferred - lib\features\forum\widgets\forum_detail_view.dart:467:5 - inference_failure_on_function_invocation
   info - 'Future'-returning calls in a non-'async' function - lib\features\forum\widgets\forum_detail_view.dart:482:5 - discarded_futures
warning - The type argument(s) of the function 'showModalBottomSheet' can't be inferred - lib\features\forum\widgets\forum_detail_view.dart:482:5 - inference_failure_on_function_invocation
   info - Use 'package:' imports for files in the 'lib' directory - lib\features\forum\widgets\general_comments_view.dart:10:8 - always_use_package_imports
   info - Use 'package:' imports for files in the 'lib' directory - lib\features\forum\widgets\general_comments_view.dart:11:8 - always_use_package_imports
   info - Constructor declarations should be before non-constructor declarations - lib\features\forum\widgets\general_comments_view.dart:16:9 - sort_constructors_first
   info - Required named parameters should be before optional named parameters - lib\features\forum\widgets\general_comments_view.dart:16:55 - always_put_required_named_parameters_first
   info - The line length exceeds the 80-character limit - lib\features\forum\widgets\general_comments_view.dart:50:81 - lines_longer_than_80_chars
   info - The line length exceeds the 80-character limit - lib\features\forum\widgets\general_comments_view.dart:68:81 - lines_longer_than_80_chars
   info - Use 'const' with the constructor to improve performance - lib\features\forum\widgets\general_comments_view.dart:90:31 - prefer_const_constructors
   info - The line length exceeds the 80-character limit - lib\features\forum\widgets\general_comments_view.dart:105:81 - lines_longer_than_80_chars
   info - The line length exceeds the 80-character limit - lib\features\forum\widgets\general_comments_view.dart:113:81 - lines_longer_than_80_chars
   info - The line length exceeds the 80-character limit - lib\features\forum\widgets\general_comments_view.dart:115:81 - lines_longer_than_80_chars
   info - The line length exceeds the 80-character limit - lib\features\forum\widgets\general_comments_view.dart:125:81 - lines_longer_than_80_chars
   info - Use 'const' with the constructor to improve performance - lib\features\forum\widgets\general_comments_view.dart:146:17 - prefer_const_constructors
   info - Sort directive sections alphabetically - lib\features\forum\widgets\line_comments_filtered_view.dart:7:1 - directives_ordering
   info - Use 'package:' imports for files in the 'lib' directory - lib\features\forum\widgets\line_comments_filtered_view.dart:9:8 - always_use_package_imports
   info - Use 'package:' imports for files in the 'lib' directory - lib\features\forum\widgets\line_comments_filtered_view.dart:10:8 - always_use_package_imports
   info - Constructor declarations should be before non-constructor declarations - lib\features\forum\widgets\line_comments_filtered_view.dart:16:9 - sort_constructors_first
   info - Required named parameters should be before optional named parameters - lib\features\forum\widgets\line_comments_filtered_view.dart:18:19 - always_put_required_named_parameters_first
   info - Required named parameters should be before optional named parameters - lib\features\forum\widgets\line_comments_filtered_view.dart:19:19 - always_put_required_named_parameters_first
   info - The line length exceeds the 80-character limit - lib\features\forum\widgets\line_comments_filtered_view.dart:23:81 - lines_longer_than_80_chars
   info - The line length exceeds the 80-character limit - lib\features\forum\widgets\line_comments_filtered_view.dart:60:81 - lines_longer_than_80_chars
   info - The line length exceeds the 80-character limit - lib\features\forum\widgets\line_comments_filtered_view.dart:82:81 - lines_longer_than_80_chars
   info - The line length exceeds the 80-character limit - lib\features\forum\widgets\line_comments_filtered_view.dart:105:81 - lines_longer_than_80_chars
   info - Use 'const' with the constructor to improve performance - lib\features\forum\widgets\line_comments_filtered_view.dart:117:37 - prefer_const_constructors
   info - The line length exceeds the 80-character limit - lib\features\forum\widgets\line_comments_filtered_view.dart:117:81 - lines_longer_than_80_chars
   info - The line length exceeds the 80-character limit - lib\features\forum\widgets\line_comments_filtered_view.dart:142:81 - lines_longer_than_80_chars
   info - The line length exceeds the 80-character limit - lib\features\forum\widgets\line_comments_filtered_view.dart:150:81 - lines_longer_than_80_chars
   info - The line length exceeds the 80-character limit - lib\features\forum\widgets\line_comments_filtered_view.dart:157:81 - lines_longer_than_80_chars
   info - The line length exceeds the 80-character limit - lib\features\forum\widgets\line_comments_filtered_view.dart:163:81 - lines_longer_than_80_chars
   info - The line length exceeds the 80-character limit - lib\features\forum\widgets\line_comments_filtered_view.dart:164:81 - lines_longer_than_80_chars
   info - The line length exceeds the 80-character limit - lib\features\forum\widgets\line_comments_filtered_view.dart:171:81 - lines_longer_than_80_chars
   info - The line length exceeds the 80-character limit - lib\features\forum\widgets\line_comments_filtered_view.dart:178:81 - lines_longer_than_80_chars
   info - Use 'const' with the constructor to improve performance - lib\features\forum\widgets\line_comments_filtered_view.dart:188:37 - prefer_const_constructors
   info - The line length exceeds the 80-character limit - lib\features\forum\widgets\line_comments_filtered_view.dart:188:81 - lines_longer_than_80_chars
   info - The line length exceeds the 80-character limit - lib\features\forum\widgets\line_comments_filtered_view.dart:192:81 - lines_longer_than_80_chars
   info - The line length exceeds the 80-character limit - lib\features\forum\widgets\line_comments_filtered_view.dart:197:81 - lines_longer_than_80_chars
   info - The line length exceeds the 80-character limit - lib\features\forum\widgets\line_comments_filtered_view.dart:206:81 - lines_longer_than_80_chars
   info - The line length exceeds the 80-character limit - lib\features\forum\widgets\line_comments_filtered_view.dart:214:81 - lines_longer_than_80_chars
   info - Constructor declarations should be before non-constructor declarations - lib\features\forum\widgets\line_comments_filtered_view.dart:240:9 - sort_constructors_first
   info - Required named parameters should be before optional named parameters - lib\features\forum\widgets\line_comments_filtered_view.dart:243:19 - always_put_required_named_parameters_first
   info - Required named parameters should be before optional named parameters - lib\features\forum\widgets\line_comments_filtered_view.dart:244:19 - always_put_required_named_parameters_first
   info - The value of the argument is redundant because it matches the default value - lib\features\forum\widgets\line_comments_filtered_view.dart:259:20 - avoid_redundant_argument_values
   info - Sort directive sections alphabetically - lib\features\forum\widgets\new_post_sheet.dart:6:1 - directives_ordering
warning - Unused import: 'package:cap_project/features/auth/cubit/auth_state.dart' - lib\features\forum\widgets\new_post_sheet.dart:7:8 - unused_import
   info - Sort directive sections alphabetically - lib\features\forum\widgets\new_post_sheet.dart:9:1 - directives_ordering
   info - 'Future'-returning calls in a non-'async' function - lib\features\forum\widgets\new_post_sheet.dart:58:34 - discarded_futures
   info - The line length exceeds the 80-character limit - lib\features\forum\widgets\new_post_sheet.dart:114:81 - lines_longer_than_80_chars
   info - 'withOpacity' is deprecated and shouldn't be used. Use .withValues() to avoid precision loss - lib\features\forum\widgets\new_post_sheet.dart:151:76 - deprecated_member_use
   info - The line length exceeds the 80-character limit - lib\features\forum\widgets\new_post_sheet.dart:151:81 - lines_longer_than_80_chars
   info - The line length exceeds the 80-character limit - lib\features\forum\widgets\new_post_sheet.dart:159:81 - lines_longer_than_80_chars
   info - 'withOpacity' is deprecated and shouldn't be used. Use .withValues() to avoid precision loss - lib\features\forum\widgets\new_post_sheet.dart:174:76 - deprecated_member_use
   info - The line length exceeds the 80-character limit - lib\features\forum\widgets\new_post_sheet.dart:174:81 - lines_longer_than_80_chars
   info - Missing a newline at the end of the file - lib\features\forum\widgets\new_post_sheet.dart:191:2 - eol_at_end_of_file
warning - Unused import: 'package:cap_project/features/forum/cubit/forum_cubit.dart' - lib\features\forum\widgets\post_card.dart:3:8 - unused_import
warning - Unused import: 'package:flutter_bloc/flutter_bloc.dart' - lib\features\forum\widgets\post_card.dart:5:8 - unused_import
   info - Required named parameters should be before optional named parameters - lib\features\forum\widgets\post_card.dart:11:19 - always_put_required_named_parameters_first
   info - The value of the argument is redundant because it matches the default value - lib\features\forum\widgets\post_card.dart:38:69 - avoid_redundant_argument_values
   info - 'withOpacity' is deprecated and shouldn't be used. Use .withValues() to avoid precision loss - lib\features\forum\widgets\post_card.dart:49:60 - deprecated_member_use
   info - The line length exceeds the 80-character limit - lib\features\forum\widgets\post_card.dart:51:81 - lines_longer_than_80_chars
   info - Use 'const' with the constructor to improve performance - lib\features\forum\widgets\post_card.dart:68:17 - prefer_const_constructors
   info - The line length exceeds the 80-character limit - lib\features\forum\widgets\post_card.dart:70:81 - lines_longer_than_80_chars
   info - The line length exceeds the 80-character limit - lib\features\forum\widgets\post_card.dart:118:81 - lines_longer_than_80_chars
   info - 'withOpacity' is deprecated and shouldn't be used. Use .withValues() to avoid precision loss - lib\features\forum\widgets\post_card.dart:120:54 - deprecated_member_use
   info - Sort directive sections alphabetically - lib\features\forum\widgets\reply_input_field_for_modal.dart:7:1 - directives_ordering
   info - Constructor declarations should be before non-constructor declarations - lib\features\forum\widgets\reply_input_field_for_modal.dart:12:9 - sort_constructors_first
   info - Required named parameters should be before optional named parameters - lib\features\forum\widgets\reply_input_field_for_modal.dart:12:59 - always_put_required_named_parameters_first
   info - The line length exceeds the 80-character limit - lib\features\forum\widgets\reply_input_field_for_modal.dart:15:81 - lines_longer_than_80_chars
   info - Catch clause should use 'on' to specify the type of exception being caught - lib\features\forum\widgets\reply_input_field_for_modal.dart:48:7 - avoid_catches_without_on_clauses
   info - The line length exceeds the 80-character limit - lib\features\forum\widgets\reply_input_field_for_modal.dart:123:81 - lines_longer_than_80_chars
   info - The line length exceeds the 80-character limit - lib\features\forum\widgets\reply_input_field_for_modal.dart:126:81 - lines_longer_than_80_chars
   info - The line length exceeds the 80-character limit - lib\features\forum\widgets\reply_input_field_for_modal.dart:128:81 - lines_longer_than_80_chars
   info - Use an 'if' element to conditionally add elements - lib\features\forum\widgets\reply_input_field_for_modal.dart:136:15 - prefer_if_elements_to_conditional_expressions
   info - Use 'const' with the constructor to improve performance - lib\features\forum\widgets\reply_input_field_for_modal.dart:148:33 - prefer_const_constructors
   info - The line length exceeds the 80-character limit - lib\features\forum\widgets\reply_input_field_for_modal.dart:153:81 - lines_longer_than_80_chars
   info - Constructor declarations should be before non-constructor declarations - lib\features\forum\widgets\reply_input_field_for_modal.dart:173:9 - sort_constructors_first
   info - The value of the argument is redundant because it matches the default value - lib\features\forum\widgets\reply_input_field_for_modal.dart:194:20 - avoid_redundant_argument_values
   info - Sort directive sections alphabetically - lib\features\forum\widgets\thread_summary_header.dart:2:1 - directives_ordering
   info - Constructor declarations should be before non-constructor declarations - lib\features\forum\widgets\thread_summary_header.dart:13:9 - sort_constructors_first
   info - The line length exceeds the 80-character limit - lib\features\forum\widgets\thread_summary_header.dart:21:81 - lines_longer_than_80_chars
   info - The line length exceeds the 80-character limit - lib\features\forum\widgets\thread_summary_header.dart:26:81 - lines_longer_than_80_chars
   info - Use 'isNotEmpty' instead of 'length' to test whether the collection is empty - lib\features\forum\widgets\thread_summary_header.dart:34:16 - prefer_is_empty
   info - 'withOpacity' is deprecated and shouldn't be used. Use .withValues() to avoid precision loss - lib\features\forum\widgets\thread_summary_header.dart:46:40 - deprecated_member_use
   info - 'withOpacity' is deprecated and shouldn't be used. Use .withValues() to avoid precision loss - lib\features\forum\widgets\thread_summary_header.dart:49:42 - deprecated_member_use
   info - The value of the argument is redundant because it matches the default value - lib\features\forum\widgets\thread_summary_header.dart:50:18 - avoid_redundant_argument_values
   info - The line length exceeds the 80-character limit - lib\features\forum\widgets\thread_summary_header.dart:60:81 - lines_longer_than_80_chars
   info - The line length exceeds the 80-character limit - lib\features\forum\widgets\thread_summary_header.dart:76:81 - lines_longer_than_80_chars
   info - 'withOpacity' is deprecated and shouldn't be used. Use .withValues() to avoid precision loss - lib\features\forum\widgets\thread_summary_header.dart:78:46 - deprecated_member_use
   info - 'withOpacity' is deprecated and shouldn't be used. Use .withValues() to avoid precision loss - lib\features\forum\widgets\thread_summary_header.dart:81:48 - deprecated_member_use
   info - The value of the argument is redundant because it matches the default value - lib\features\forum\widgets\thread_summary_header.dart:82:30 - avoid_redundant_argument_values
   info - The line length exceeds the 80-character limit - lib\features\forum\widgets\thread_summary_header.dart:88:81 - lines_longer_than_80_chars
   info - Constructor declarations should be before non-constructor declarations - lib\features\forum\widgets\thread_summary_header.dart:148:9 - sort_constructors_first
   info - 'withOpacity' is deprecated and shouldn't be used. Use .withValues() to avoid precision loss - lib\features\forum\widgets\thread_summary_header.dart:159:34 - deprecated_member_use
   info - 'withOpacity' is deprecated and shouldn't be used. Use .withValues() to avoid precision loss - lib\features\forum\widgets\thread_summary_header.dart:162:36 - deprecated_member_use
   info - 'withOpacity' is deprecated and shouldn't be used. Use .withValues() to avoid precision loss - lib\features\forum\widgets\thread_summary_header.dart:176:44 - deprecated_member_use
   info - Constructor declarations should be before non-constructor declarations - lib\features\forum\widgets\thread_summary_header.dart:236:9 - sort_constructors_first
   info - 'withOpacity' is deprecated and shouldn't be used. Use .withValues() to avoid precision loss - lib\features\forum\widgets\thread_summary_header.dart:281:41 - deprecated_member_use
   info - Constructor declarations should be before non-constructor declarations - lib\features\forum\widgets\thread_summary_header.dart:299:9 - sort_constructors_first
   info - Use 'const' with the constructor to improve performance - lib\features\forum\widgets\thread_summary_header.dart:313:21 - prefer_const_constructors
   info - Use 'const' with the constructor to improve performance - lib\features\forum\widgets\thread_summary_header.dart:315:19 - prefer_const_constructors
   info - Use 'const' with the constructor to improve performance - lib\features\forum\widgets\thread_summary_header.dart:316:21 - prefer_const_constructors
   info - The value of the argument is redundant because it matches the default value - lib\features\forum\widgets\thread_summary_header.dart:318:22 - avoid_redundant_argument_values
   info - 'withOpacity' is deprecated and shouldn't be used. Use .withValues() to avoid precision loss - lib\features\forum\widgets\thread_summary_header.dart:341:48 - deprecated_member_use
   info - Missing a newline at the end of the file - lib\features\landing\cubit\cubit.dart:3:29 - eol_at_end_of_file
   info - The import of 'package:flutter_bloc/flutter_bloc.dart' is unnecessary because all of the used elements are also provided by the import of 'package:cap_project/features/auth/cubit/cubit.dart' - lib\features\landing\cubit\landing_cubit.dart:4:8 - unnecessary_import
   info - Don't invoke 'print' in production code - lib\features\landing\cubit\landing_cubit.dart:36:7 - avoid_print
   info - Don't invoke 'print' in production code - lib\features\landing\cubit\landing_cubit.dart:40:9 - avoid_print
   info - Don't invoke 'print' in production code - lib\features\landing\cubit\landing_cubit.dart:50:7 - avoid_print
   info - Don't invoke 'print' in production code - lib\features\landing\cubit\landing_cubit.dart:53:7 - avoid_print
   info - Don't invoke 'print' in production code - lib\features\landing\cubit\landing_cubit.dart:56:9 - avoid_print
   info - Don't invoke 'print' in production code - lib\features\landing\cubit\landing_cubit.dart:69:9 - avoid_print
   info - Catch clause should use 'on' to specify the type of exception being caught - lib\features\landing\cubit\landing_cubit.dart:75:7 - avoid_catches_without_on_clauses
   info - Don't invoke 'print' in production code - lib\features\landing\cubit\landing_cubit.dart:76:7 - avoid_print
   info - Don't invoke 'print' in production code - lib\features\landing\cubit\landing_cubit.dart:77:7 - avoid_print
   info - The expression has no effect and can be removed - lib\features\landing\cubit\landing_cubit.dart:80:55 - noop_primitive_operations
   info - Don't invoke 'print' in production code - lib\features\landing\cubit\landing_cubit.dart:95:5 - avoid_print
   info - The value of the argument is redundant because it matches the default value - lib\features\landing\cubit\landing_cubit.dart:121:62 - avoid_redundant_argument_values
   info - Don't invoke 'print' in production code - lib\features\landing\cubit\landing_cubit.dart:123:7 - avoid_print
   info - Don't invoke 'print' in production code - lib\features\landing\cubit\landing_cubit.dart:129:9 - avoid_print
   info - Don't invoke 'print' in production code - lib\features\landing\cubit\landing_cubit.dart:137:7 - avoid_print
   info - Don't invoke 'print' in production code - lib\features\landing\cubit\landing_cubit.dart:144:7 - avoid_print
   info - Don't invoke 'print' in production code - lib\features\landing\cubit\landing_cubit.dart:145:7 - avoid_print
   info - Don't invoke 'print' in production code - lib\features\landing\cubit\landing_cubit.dart:154:7 - avoid_print
   info - The value of the argument is redundant because it matches the default value - lib\features\landing\cubit\landing_cubit.dart:159:20 - avoid_redundant_argument_values
   info - Missing an 'await' for the 'Future' computed by this expression - lib\features\landing\cubit\landing_cubit.dart:164:7 - unawaited_futures
   info - Don't invoke 'print' in production code - lib\features\landing\cubit\landing_cubit.dart:166:7 - avoid_print
   info - Catch clause should use 'on' to specify the type of exception being caught - lib\features\landing\cubit\landing_cubit.dart:171:7 - avoid_catches_without_on_clauses
   info - Don't invoke 'print' in production code - lib\features\landing\cubit\landing_cubit.dart:172:7 - avoid_print
   info - The expression has no effect and can be removed - lib\features\landing\cubit\landing_cubit.dart:175:41 - noop_primitive_operations
   info - The value of the argument is redundant because it matches the default value - lib\features\landing\cubit\landing_cubit.dart:183:62 - avoid_redundant_argument_values
   info - Don't invoke 'print' in production code - lib\features\landing\cubit\landing_cubit.dart:191:7 - avoid_print
   info - The value of the argument is redundant because it matches the default value - lib\features\landing\cubit\landing_cubit.dart:196:20 - avoid_redundant_argument_values
   info - Missing an 'await' for the 'Future' computed by this expression - lib\features\landing\cubit\landing_cubit.dart:201:7 - unawaited_futures
   info - Catch clause should use 'on' to specify the type of exception being caught - lib\features\landing\cubit\landing_cubit.dart:202:7 - avoid_catches_without_on_clauses
   info - Don't invoke 'print' in production code - lib\features\landing\cubit\landing_cubit.dart:203:7 - avoid_print
   info - The expression has no effect and can be removed - lib\features\landing\cubit\landing_cubit.dart:206:46 - noop_primitive_operations
   info - 'bool' parameters should be named parameters - lib\features\landing\cubit\landing_cubit.dart:267:20 - avoid_positional_boolean_parameters
   info - Catch clause should use 'on' to specify the type of exception being caught - lib\features\landing\cubit\landing_cubit.dart:296:7 - avoid_catches_without_on_clauses
   info - Missing a newline at the end of the file - lib\features\landing\cubit\landing_cubit.dart:384:2 - eol_at_end_of_file
   info - The value of the argument is redundant because it matches the default value - lib\features\landing\cubit\landing_state.dart:112:28 - avoid_redundant_argument_values
   info - The value of the argument is redundant because it matches the default value - lib\features\landing\cubit\landing_state.dart:112:45 - avoid_redundant_argument_values
   info - Sort directive sections alphabetically - lib\features\landing\view\feature_choice_page.dart:2:1 - directives_ordering
   info - Sort directive sections alphabetically - lib\features\landing\view\feature_choice_page.dart:4:1 - directives_ordering
   info - Unnecessary type annotation on a local variable - lib\features\landing\view\feature_choice_page.dart:26:11 - omit_local_variable_types
warning - The value of the local variable 'isSmallScreen' isn't used - lib\features\landing\view\feature_choice_page.dart:26:16 - unused_local_variable
   info - Unnecessary use of a 'double' literal - lib\features\landing\view\feature_choice_page.dart:62:46 - prefer_int_literals
   info - The line length exceeds the 80-character limit - lib\features\landing\view\feature_choice_page.dart:82:81 - lines_longer_than_80_chars
   info - The line length exceeds the 80-character limit - lib\features\landing\view\feature_choice_page.dart:90:81 - lines_longer_than_80_chars
   info - The line length exceeds the 80-character limit - lib\features\landing\view\feature_choice_page.dart:98:81 - lines_longer_than_80_chars
   info - 'withOpacity' is deprecated and shouldn't be used. Use .withValues() to avoid precision loss - lib\features\landing\view\feature_choice_page.dart:147:27 - deprecated_member_use
   info - 'withOpacity' is deprecated and shouldn't be used. Use .withValues() to avoid precision loss - lib\features\landing\view\feature_choice_page.dart:148:27 - deprecated_member_use
   info - 'withOpacity' is deprecated and shouldn't be used. Use .withValues() to avoid precision loss - lib\features\landing\view\feature_choice_page.dart:151:55 - deprecated_member_use
   info - 'withOpacity' is deprecated and shouldn't be used. Use .withValues() to avoid precision loss - lib\features\landing\view\feature_choice_page.dart:157:38 - deprecated_member_use
   info - 'withOpacity' is deprecated and shouldn't be used. Use .withValues() to avoid precision loss - lib\features\landing\view\feature_choice_page.dart:169:59 - deprecated_member_use
   info - 'Future'-returning calls in a non-'async' function - lib\features\landing\view\feature_choice_page.dart:212:19 - discarded_futures
   info - 'Future'-returning calls in a non-'async' function - lib\features\landing\view\feature_choice_page.dart:214:19 - discarded_futures
   info - 'Future'-returning calls in a non-'async' function - lib\features\landing\view\feature_choice_page.dart:216:19 - discarded_futures
   info - The import of 'package:flutter_bloc/flutter_bloc.dart' is unnecessary because all of the used elements are also provided by the import of 'package:cap_project/features/landing/cubit/cubit.dart' - lib\features\landing\view\landing_page.dart:6:8 - unnecessary_import
   info - 'Future'-returning calls in a non-'async' function - lib\features\landing\view\landing_page.dart:23:34 - discarded_futures
   info - The line length exceeds the 80-character limit - lib\features\landing\view\landing_page.dart:23:81 - lines_longer_than_80_chars
   info - Missing a newline at the end of the file - lib\features\landing\view\landing_page.dart:54:2 - eol_at_end_of_file
   info - Sort directive sections alphabetically - lib\features\landing\view\splash_page.dart:3:1 - directives_ordering
   info - Sort directive sections alphabetically - lib\features\landing\view\splash_page.dart:5:1 - directives_ordering
   info - Place 'dart:' imports before other imports - lib\features\landing\view\splash_page.dart:6:1 - directives_ordering
   info - The line length exceeds the 80-character limit - lib\features\landing\view\splash_page.dart:8:81 - lines_longer_than_80_chars
  error - Classes can only extend other classes - lib\features\landing\view\splash_page.dart:9:26 - extends_non_class
  error - No associated named super constructor parameter - lib\features\landing\view\splash_page.dart:10:27 - super_formal_parameter_without_associated_named
  error - Undefined class 'State' - lib\features\landing\view\splash_page.dart:13:3 - undefined_class
warning - The method doesn't override an inherited method - lib\features\landing\view\splash_page.dart:13:21 - override_on_non_overriding_member
  error - Mixin can only be applied to class - lib\features\landing\view\splash_page.dart:16:32 - mixin_with_non_class_superclass
  error - Classes can only mix in mixins and classes - lib\features\landing\view\splash_page.dart:16:55 - mixin_of_non_class
   info - The line length exceeds the 80-character limit - lib\features\landing\view\splash_page.dart:16:81 - lines_longer_than_80_chars
  error - Undefined class 'AnimationController' - lib\features\landing\view\splash_page.dart:17:8 - undefined_class
  error - Undefined class 'Animation' - lib\features\landing\view\splash_page.dart:20:8 - undefined_class
  error - Undefined class 'Animation' - lib\features\landing\view\splash_page.dart:21:8 - undefined_class
  error - Undefined class 'Animation' - lib\features\landing\view\splash_page.dart:22:8 - undefined_class
  error - Undefined class 'Animation' - lib\features\landing\view\splash_page.dart:23:8 - undefined_class
  error - The name 'Color' isn't a type, so it can't be used as a type argument - lib\features\landing\view\splash_page.dart:23:18 - non_type_as_type_argument
  error - Undefined class 'Animation' - lib\features\landing\view\splash_page.dart:24:8 - undefined_class
   info - The line length exceeds the 80-character limit - lib\features\landing\view\splash_page.dart:24:81 - lines_longer_than_80_chars
  error - Undefined class 'Animation' - lib\features\landing\view\splash_page.dart:25:8 - undefined_class
warning - The method doesn't override an inherited method - lib\features\landing\view\splash_page.dart:28:8 - override_on_non_overriding_member
  error - The method 'initState' isn't defined in a superclass of '_SplashPageState' - lib\features\landing\view\splash_page.dart:29:11 - undefined_super_member
  error - The method 'AnimationController' isn't defined for the type '_SplashPageState' - lib\features\landing\view\splash_page.dart:30:19 - undefined_method
  error - The method 'Tween' isn't defined for the type '_SplashPageState' - lib\features\landing\view\splash_page.dart:36:14 - undefined_method
  error - The method 'CurvedAnimation' isn't defined for the type '_SplashPageState' - lib\features\landing\view\splash_page.dart:37:7 - undefined_method
  error - The name 'Interval' isn't a class - lib\features\landing\view\splash_page.dart:39:22 - creation_with_non_type
  error - Undefined name 'Curves' - lib\features\landing\view\splash_page.dart:39:49 - undefined_identifier
  error - The method 'Tween' isn't defined for the type '_SplashPageState' - lib\features\landing\view\splash_page.dart:43:21 - undefined_method
  error - The method 'CurvedAnimation' isn't defined for the type '_SplashPageState' - lib\features\landing\view\splash_page.dart:44:7 - undefined_method
  error - The name 'Interval' isn't a class - lib\features\landing\view\splash_page.dart:46:22 - creation_with_non_type
  error - Undefined name 'Curves' - lib\features\landing\view\splash_page.dart:46:49 - undefined_identifier
  error - The method 'Tween' isn't defined for the type '_SplashPageState' - lib\features\landing\view\splash_page.dart:51:22 - undefined_method
  error - The method 'CurvedAnimation' isn't defined for the type '_SplashPageState' - lib\features\landing\view\splash_page.dart:52:7 - undefined_method
  error - The name 'Interval' isn't a class - lib\features\landing\view\splash_page.dart:54:22 - creation_with_non_type
  error - Undefined name 'Curves' - lib\features\landing\view\splash_page.dart:54:50 - undefined_identifier
  error - The method 'Tween' isn't defined for the type '_SplashPageState' - lib\features\landing\view\splash_page.dart:59:14 - undefined_method
  error - The method 'CurvedAnimation' isn't defined for the type '_SplashPageState' - lib\features\landing\view\splash_page.dart:60:7 - undefined_method
  error - The name 'Interval' isn't a class - lib\features\landing\view\splash_page.dart:62:22 - creation_with_non_type
  error - Undefined name 'Curves' - lib\features\landing\view\splash_page.dart:62:50 - undefined_identifier
  error - The method 'ColorTween' isn't defined for the type '_SplashPageState' - lib\features\landing\view\splash_page.dart:66:18 - undefined_method
  error - Undefined name 'AppColors' - lib\features\landing\view\splash_page.dart:67:14 - undefined_identifier
  error - Undefined name 'Colors' - lib\features\landing\view\splash_page.dart:68:12 - undefined_identifier
  error - The method 'CurvedAnimation' isn't defined for the type '_SplashPageState' - lib\features\landing\view\splash_page.dart:70:7 - undefined_method
  error - The name 'Interval' isn't a class - lib\features\landing\view\splash_page.dart:72:22 - creation_with_non_type
  error - Undefined name 'Curves' - lib\features\landing\view\splash_page.dart:72:50 - undefined_identifier
  error - The method 'Tween' isn't defined for the type '_SplashPageState' - lib\features\landing\view\splash_page.dart:77:23 - undefined_method
  error - The method 'CurvedAnimation' isn't defined for the type '_SplashPageState' - lib\features\landing\view\splash_page.dart:78:7 - undefined_method
  error - The name 'Interval' isn't a class - lib\features\landing\view\splash_page.dart:80:22 - creation_with_non_type
  error - Undefined name 'Curves' - lib\features\landing\view\splash_page.dart:80:49 - undefined_identifier
warning - The method doesn't override an inherited method - lib\features\landing\view\splash_page.dart:88:8 - override_on_non_overriding_member
  error - The method 'dispose' isn't defined in a superclass of '_SplashPageState' - lib\features\landing\view\splash_page.dart:90:11 - undefined_super_member
  error - Undefined class 'Widget' - lib\features\landing\view\splash_page.dart:94:3 - undefined_class
warning - The method doesn't override an inherited method - lib\features\landing\view\splash_page.dart:94:10 - override_on_non_overriding_member
  error - Undefined class 'BuildContext' - lib\features\landing\view\splash_page.dart:94:16 - undefined_class
  error - Undefined name 'MediaQuery' - lib\features\landing\view\splash_page.dart:95:27 - undefined_identifier
  error - The method 'Scaffold' isn't defined for the type '_SplashPageState' - lib\features\landing\view\splash_page.dart:98:14 - undefined_method
  error - Undefined name 'AppColors' - lib\features\landing\view\splash_page.dart:99:26 - undefined_identifier
  error - The method 'Stack' isn't defined for the type '_SplashPageState' - lib\features\landing\view\splash_page.dart:100:15 - undefined_method
  error - The method 'AnimatedBuilder' isn't defined for the type '_SplashPageState' - lib\features\landing\view\splash_page.dart:103:13 - undefined_method
  error - Undefined name 'Positioned' - lib\features\landing\view\splash_page.dart:106:24 - undefined_identifier
  error - The method 'CustomPaint' isn't defined for the type '_SplashPageState' - lib\features\landing\view\splash_page.dart:107:26 - undefined_method
  error - Undefined name 'Colors' - lib\features\landing\view\splash_page.dart:110:30 - undefined_identifier
  error - The method 'AnimatedBuilder' isn't defined for the type '_SplashPageState' - lib\features\landing\view\splash_page.dart:122:24 - undefined_method
warning - The type of context can't be inferred; a type must be explicitly provided - lib\features\landing\view\splash_page.dart:124:29 - inference_failure_on_untyped_parameter
  error - The method 'Stack' isn't defined for the type '_SplashPageState' - lib\features\landing\view\splash_page.dart:125:28 - undefined_method
  error - The method 'Align' isn't defined for the type '_SplashPageState' - lib\features\landing\view\splash_page.dart:128:25 - undefined_method
  error - The method 'FractionalOffset' isn't defined for the type '_SplashPageState' - lib\features\landing\view\splash_page.dart:129:38 - undefined_method
  error - The method 'ColorFiltered' isn't defined for the type '_SplashPageState' - lib\features\landing\view\splash_page.dart:130:34 - undefined_method
  error - Undefined name 'ColorFilter' - lib\features\landing\view\splash_page.dart:131:42 - undefined_identifier
  error - Undefined name 'AppColors' - lib\features\landing\view\splash_page.dart:132:51 - undefined_identifier
  error - Undefined name 'BlendMode' - lib\features\landing\view\splash_page.dart:133:31 - undefined_identifier
  error - Undefined name 'Transform' - lib\features\landing\view\splash_page.dart:135:36 - undefined_identifier
  error - The method 'Opacity' isn't defined for the type '_SplashPageState' - lib\features\landing\view\splash_page.dart:137:38 - undefined_method
  error - Undefined name 'Transform' - lib\features\landing\view\splash_page.dart:139:40 - undefined_identifier
  error - The method 'Offset' isn't defined for the type '_SplashPageState' - lib\features\landing\view\splash_page.dart:140:43 - undefined_method
   info - Unnecessary use of parentheses - lib\features\landing\view\splash_page.dart:140:50 - unnecessary_parenthesis
  error - Undefined name 'MediaQuery' - lib\features\landing\view\splash_page.dart:140:51 - undefined_identifier
   info - The line length exceeds the 80-character limit - lib\features\landing\view\splash_page.dart:140:81 - lines_longer_than_80_chars
  error - Undefined name 'Image' - lib\features\landing\view\splash_page.dart:141:42 - undefined_identifier
  error - Undefined name 'BoxFit' - lib\features\landing\view\splash_page.dart:145:42 - undefined_identifier
   info - The line length exceeds the 80-character limit - lib\features\landing\view\splash_page.dart:146:81 - lines_longer_than_80_chars
  error - The name 'Icon' isn't a class - lib\features\landing\view\splash_page.dart:147:47 - creation_with_non_type
  error - Undefined name 'Icons' - lib\features\landing\view\splash_page.dart:147:52 - undefined_identifier
   info - The line length exceeds the 80-character limit - lib\features\landing\view\splash_page.dart:147:81 - lines_longer_than_80_chars
  error - The method 'Align' isn't defined for the type '_SplashPageState' - lib\features\landing\view\splash_page.dart:156:25 - undefined_method
  error - The name 'FractionalOffset' isn't a class - lib\features\landing\view\splash_page.dart:157:44 - creation_with_non_type
   info - The line length exceeds the 80-character limit - lib\features\landing\view\splash_page.dart:157:81 - lines_longer_than_80_chars
  error - The method 'Opacity' isn't defined for the type '_SplashPageState' - lib\features\landing\view\splash_page.dart:158:34 - undefined_method
  error - The method 'Text' isn't defined for the type '_SplashPageState' - lib\features\landing\view\splash_page.dart:160:36 - undefined_method
   info - The line length exceeds the 80-character limit - lib\features\landing\view\splash_page.dart:162:81 - lines_longer_than_80_chars
   info - The line length exceeds the 80-character limit - lib\features\landing\view\splash_page.dart:163:81 - lines_longer_than_80_chars
  error - Undefined name 'TextAlign' - lib\features\landing\view\splash_page.dart:164:42 - undefined_identifier
  error - The name 'TextStyle' isn't a class - lib\features\landing\view\splash_page.dart:165:44 - creation_with_non_type
  error - Undefined name 'Colors' - lib\features\landing\view\splash_page.dart:166:40 - undefined_identifier
  error - Undefined name 'FontWeight' - lib\features\landing\view\splash_page.dart:168:45 - undefined_identifier
  error - The method 'Align' isn't defined for the type '_SplashPageState' - lib\features\landing\view\splash_page.dart:177:25 - undefined_method
  error - Undefined name 'Alignment' - lib\features\landing\view\splash_page.dart:178:38 - undefined_identifier
  error - The method 'Padding' isn't defined for the type '_SplashPageState' - lib\features\landing\view\splash_page.dart:179:34 - undefined_method
  error - Undefined name 'EdgeInsets' - lib\features\landing\view\splash_page.dart:180:38 - undefined_identifier
   info - The line length exceeds the 80-character limit - lib\features\landing\view\splash_page.dart:180:81 - lines_longer_than_80_chars
  error - The method 'Opacity' isn't defined for the type '_SplashPageState' - lib\features\landing\view\splash_page.dart:181:36 - undefined_method
  error - The method 'ConstrainedBox' isn't defined for the type '_SplashPageState' - lib\features\landing\view\splash_page.dart:183:38 - undefined_method
  error - The name 'BoxConstraints' isn't a class - lib\features\landing\view\splash_page.dart:184:52 - creation_with_non_type
   info - The line length exceeds the 80-character limit - lib\features\landing\view\splash_page.dart:184:81 - lines_longer_than_80_chars
   info - The line length exceeds the 80-character limit - lib\features\landing\view\splash_page.dart:186:81 - lines_longer_than_80_chars
  error - Undefined name 'AppColors' - lib\features\landing\view\splash_page.dart:187:52 - undefined_identifier
  error - Undefined name 'Colors' - lib\features\landing\view\splash_page.dart:188:52 - undefined_identifier
   info - 'Future'-returning calls in a non-'async' function - lib\features\landing\view\splash_page.dart:192:49 - discarded_futures
warning - The type argument(s) of the function 'replaceTo' can't be inferred - lib\features\landing\view\splash_page.dart:192:49 - inference_failure_on_function_invocation
  error - The argument type 'dynamic' can't be assigned to the parameter type 'BuildContext'.  - lib\features\landing\view\splash_page.dart:192:59 - argument_type_not_assignable
   info - The line length exceeds the 80-character limit - lib\features\landing\view\splash_page.dart:192:81 - lines_longer_than_80_chars
   info - 'Future'-returning calls in a non-'async' function - lib\features\landing\view\splash_page.dart:194:49 - discarded_futures
warning - The type argument(s) of the function 'navigateTo' can't be inferred - lib\features\landing\view\splash_page.dart:194:49 - inference_failure_on_function_invocation
  error - The argument type 'dynamic' can't be assigned to the parameter type 'BuildContext'.  - lib\features\landing\view\splash_page.dart:194:60 - argument_type_not_assignable
   info - The line length exceeds the 80-character limit - lib\features\landing\view\splash_page.dart:194:81 - lines_longer_than_80_chars
  error - Classes can only extend other classes - lib\features\landing\view\splash_page.dart:215:39 - extends_non_class
  error - Undefined class 'Color' - lib\features\landing\view\splash_page.dart:217:9 - undefined_class
   info - Constructor declarations should be before non-constructor declarations - lib\features\landing\view\splash_page.dart:219:3 - sort_constructors_first
warning - The method doesn't override an inherited method - lib\features\landing\view\splash_page.dart:222:8 - override_on_non_overriding_member
  error - Undefined class 'Canvas' - lib\features\landing\view\splash_page.dart:222:14 - undefined_class
  error - Undefined class 'Size' - lib\features\landing\view\splash_page.dart:222:29 - undefined_class
  error - The method 'Paint' isn't defined for the type '_InvertedCurtainPainter' - lib\features\landing\view\splash_page.dart:223:19 - undefined_method
  error - Undefined name 'PaintingStyle' - lib\features\landing\view\splash_page.dart:225:17 - undefined_identifier
  error - The method 'Path' isn't defined for the type '_InvertedCurtainPainter' - lib\features\landing\view\splash_page.dart:227:18 - undefined_method
warning - The method doesn't override an inherited method - lib\features\landing\view\splash_page.dart:244:8 - override_on_non_overriding_member
   info - The import of 'package:flutter_bloc/flutter_bloc.dart' is unnecessary because all of the used elements are also provided by the import of 'package:cap_project/features/landing/cubit/cubit.dart' - lib\features\landing\widgets\authentication_step.dart:2:8 - unnecessary_import
   info - Sort directive sections alphabetically - lib\features\landing\widgets\authentication_step.dart:3:1 - directives_ordering
   info - Sort directive sections alphabetically - lib\features\landing\widgets\authentication_step.dart:7:1 - directives_ordering
   info - The line length exceeds the 80-character limit - lib\features\landing\widgets\authentication_step.dart:34:81 - lines_longer_than_80_chars
   info - Unnecessary use of a 'double' literal - lib\features\landing\widgets\authentication_step.dart:44:65 - prefer_int_literals
   info - Unnecessary use of a 'double' literal - lib\features\landing\widgets\authentication_step.dart:62:47 - prefer_int_literals
   info - The line length exceeds the 80-character limit - lib\features\landing\widgets\authentication_step.dart:77:81 - lines_longer_than_80_chars
   info - 'withOpacity' is deprecated and shouldn't be used. Use .withValues() to avoid precision loss - lib\features\landing\widgets\authentication_step.dart:96:75 - deprecated_member_use
   info - The line length exceeds the 80-character limit - lib\features\landing\widgets\authentication_step.dart:96:81 - lines_longer_than_80_chars
   info - 'withOpacity' is deprecated and shouldn't be used. Use .withValues() to avoid precision loss - lib\features\landing\widgets\authentication_step.dart:101:51 - deprecated_member_use
   info - The line length exceeds the 80-character limit - lib\features\landing\widgets\authentication_step.dart:112:81 - lines_longer_than_80_chars
   info - The line length exceeds the 80-character limit - lib\features\landing\widgets\authentication_step.dart:127:81 - lines_longer_than_80_chars
   info - The line length exceeds the 80-character limit - lib\features\landing\widgets\authentication_step.dart:147:81 - lines_longer_than_80_chars
   info - Unnecessary use of a 'double' literal - lib\features\landing\widgets\authentication_step.dart:172:27 - prefer_int_literals
   info - Unnecessary use of a 'double' literal - lib\features\landing\widgets\authentication_step.dart:172:37 - prefer_int_literals
   info - The import of 'package:flutter_bloc/flutter_bloc.dart' is unnecessary because all of the used elements are also provided by the import of '../cubit/cubit.dart' - lib\features\landing\widgets\consent_step.dart:2:8 - unnecessary_import
   info - Use 'package:' imports for files in the 'lib' directory - lib\features\landing\widgets\consent_step.dart:3:8 - always_use_package_imports
   info - Use 'package:' imports for files in the 'lib' directory - lib\features\landing\widgets\consent_step.dart:4:8 - always_use_package_imports
   info - Sort directive sections alphabetically - lib\features\landing\widgets\consent_step.dart:5:1 - directives_ordering
   info - Use 'package:' imports for files in the 'lib' directory - lib\features\landing\widgets\consent_step.dart:5:8 - always_use_package_imports
   info - Use 'package:' imports for files in the 'lib' directory - lib\features\landing\widgets\consent_step.dart:6:8 - always_use_package_imports
   info - Place 'package:' imports before relative imports - lib\features\landing\widgets\consent_step.dart:7:1 - directives_ordering
   info - Unnecessary use of a 'double' literal - lib\features\landing\widgets\consent_step.dart:29:63 - prefer_int_literals
   info - The line length exceeds the 80-character limit - lib\features\landing\widgets\consent_step.dart:29:81 - lines_longer_than_80_chars
   info - Unnecessary use of a 'double' literal - lib\features\landing\widgets\consent_step.dart:40:41 - prefer_int_literals
   info - The line length exceeds the 80-character limit - lib\features\landing\widgets\consent_step.dart:52:81 - lines_longer_than_80_chars
   info - The line length exceeds the 80-character limit - lib\features\landing\widgets\consent_step.dart:56:81 - lines_longer_than_80_chars
   info - The line length exceeds the 80-character limit - lib\features\landing\widgets\consent_step.dart:60:81 - lines_longer_than_80_chars
   info - The line length exceeds the 80-character limit - lib\features\landing\widgets\consent_step.dart:75:81 - lines_longer_than_80_chars
   info - The line length exceeds the 80-character limit - lib\features\landing\widgets\consent_step.dart:79:81 - lines_longer_than_80_chars
   info - The line length exceeds the 80-character limit - lib\features\landing\widgets\consent_step.dart:101:81 - lines_longer_than_80_chars
   info - Unnecessary use of a 'double' literal - lib\features\landing\widgets\consent_step.dart:118:27 - prefer_int_literals
   info - Unnecessary use of a 'double' literal - lib\features\landing\widgets\consent_step.dart:118:37 - prefer_int_literals
   info - Unnecessary use of a 'double' literal - lib\features\landing\widgets\consent_step.dart:135:46 - prefer_int_literals
   info - 'withOpacity' is deprecated and shouldn't be used. Use .withValues() to avoid precision loss - lib\features\landing\widgets\consent_step.dart:142:46 - deprecated_member_use
   info - Use 'const' with the constructor to improve performance - lib\features\landing\widgets\consent_step.dart:145:20 - prefer_const_constructors
   info - The line length exceeds the 80-character limit - lib\features\landing\widgets\consent_step.dart:145:81 - lines_longer_than_80_chars
   info - The import of 'package:flutter_bloc/flutter_bloc.dart' is unnecessary because all of the used elements are also provided by the import of '../cubit/cubit.dart' - lib\features\landing\widgets\context_gathering_step.dart:2:8 - unnecessary_import
   info - Use 'package:' imports for files in the 'lib' directory - lib\features\landing\widgets\context_gathering_step.dart:3:8 - always_use_package_imports
   info - Use 'package:' imports for files in the 'lib' directory - lib\features\landing\widgets\context_gathering_step.dart:4:8 - always_use_package_imports
   info - Use 'package:' imports for files in the 'lib' directory - lib\features\landing\widgets\context_gathering_step.dart:5:8 - always_use_package_imports
   info - The line length exceeds the 80-character limit - lib\features\landing\widgets\context_gathering_step.dart:29:81 - lines_longer_than_80_chars
   info - Unnecessary use of a 'double' literal - lib\features\landing\widgets\context_gathering_step.dart:36:63 - prefer_int_literals
   info - The line length exceeds the 80-character limit - lib\features\landing\widgets\context_gathering_step.dart:51:81 - lines_longer_than_80_chars
   info - The line length exceeds the 80-character limit - lib\features\landing\widgets\context_gathering_step.dart:66:81 - lines_longer_than_80_chars
   info - The line length exceeds the 80-character limit - lib\features\landing\widgets\context_gathering_step.dart:119:81 - lines_longer_than_80_chars
   info - The import of 'package:flutter_bloc/flutter_bloc.dart' is unnecessary because all of the used elements are also provided by the import of '../cubit/cubit.dart' - lib\features\landing\widgets\landing_body.dart:4:8 - unnecessary_import
   info - Use 'package:' imports for files in the 'lib' directory - lib\features\landing\widgets\landing_body.dart:5:8 - always_use_package_imports
   info - Use 'package:' imports for files in the 'lib' directory - lib\features\landing\widgets\landing_body.dart:6:8 - always_use_package_imports
   info - Use 'package:' imports for files in the 'lib' directory - lib\features\landing\widgets\landing_body.dart:7:8 - always_use_package_imports
   info - Use 'package:' imports for files in the 'lib' directory - lib\features\landing\widgets\landing_body.dart:8:8 - always_use_package_imports
   info - Use 'package:' imports for files in the 'lib' directory - lib\features\landing\widgets\landing_body.dart:9:8 - always_use_package_imports
warning - Unused import: 'authentication_step.dart' - lib\features\landing\widgets\landing_body.dart:9:8 - unused_import
   info - Use 'package:' imports for files in the 'lib' directory - lib\features\landing\widgets\landing_body.dart:10:8 - always_use_package_imports
   info - Sort directive sections alphabetically - lib\features\landing\widgets\landing_body.dart:11:1 - directives_ordering
   info - Use 'package:' imports for files in the 'lib' directory - lib\features\landing\widgets\landing_body.dart:11:8 - always_use_package_imports
   info - Sort directive sections alphabetically - lib\features\landing\widgets\landing_body.dart:12:1 - directives_ordering
   info - Use 'package:' imports for files in the 'lib' directory - lib\features\landing\widgets\landing_body.dart:12:8 - always_use_package_imports
   info - Sort directive sections alphabetically - lib\features\landing\widgets\landing_body.dart:13:1 - directives_ordering
   info - Use 'package:' imports for files in the 'lib' directory - lib\features\landing\widgets\landing_body.dart:13:8 - always_use_package_imports
   info - The line length exceeds the 80-character limit - lib\features\landing\widgets\landing_body.dart:70:81 - lines_longer_than_80_chars
   info - Unnecessary use of a 'double' literal - lib\features\landing\widgets\landing_body.dart:92:37 - prefer_int_literals
   info - Unnecessary use of a 'double' literal - lib\features\landing\widgets\landing_body.dart:92:47 - prefer_int_literals
   info - Unnecessary escape of ''' - lib\features\landing\widgets\landing_body.dart:102:27 - avoid_escaping_inner_quotes
   info - Unnecessary use of a 'double' literal - lib\features\landing\widgets\landing_body.dart:106:45 - prefer_int_literals
   info - The line length exceeds the 80-character limit - lib\features\landing\widgets\landing_body.dart:111:81 - lines_longer_than_80_chars
warning - The type argument(s) of the function 'replaceTo' can't be inferred - lib\features\landing\widgets\landing_body.dart:125:44 - inference_failure_on_function_invocation
   info - The import of 'package:flutter_bloc/flutter_bloc.dart' is unnecessary because all of the used elements are also provided by the import of '../cubit/cubit.dart' - lib\features\landing\widgets\profile_setup_step.dart:2:8 - unnecessary_import
   info - Use 'package:' imports for files in the 'lib' directory - lib\features\landing\widgets\profile_setup_step.dart:3:8 - always_use_package_imports
   info - Use 'package:' imports for files in the 'lib' directory - lib\features\landing\widgets\profile_setup_step.dart:4:8 - always_use_package_imports
   info - Use 'package:' imports for files in the 'lib' directory - lib\features\landing\widgets\profile_setup_step.dart:5:8 - always_use_package_imports
   info - Place 'package:' imports before relative imports - lib\features\landing\widgets\profile_setup_step.dart:6:1 - directives_ordering
   info - Unnecessary use of a 'double' literal - lib\features\landing\widgets\profile_setup_step.dart:59:63 - prefer_int_literals
   info - Unnecessary use of a 'double' literal - lib\features\landing\widgets\profile_setup_step.dart:72:41 - prefer_int_literals
   info - The line length exceeds the 80-character limit - lib\features\landing\widgets\profile_setup_step.dart:85:81 - lines_longer_than_80_chars
   info - The line length exceeds the 80-character limit - lib\features\landing\widgets\profile_setup_step.dart:121:81 - lines_longer_than_80_chars
   info - Unnecessary use of a 'double' literal - lib\features\landing\widgets\profile_setup_step.dart:161:27 - prefer_int_literals
   info - Unnecessary use of a 'double' literal - lib\features\landing\widgets\profile_setup_step.dart:161:37 - prefer_int_literals
   info - Unnecessary use of a 'double' literal - lib\features\landing\widgets\profile_setup_step.dart:178:46 - prefer_int_literals
   info - Unnecessary use of a 'double' literal - lib\features\landing\widgets\profile_setup_step.dart:183:26 - prefer_int_literals
   info - Use 'const' with the constructor to improve performance - lib\features\landing\widgets\profile_setup_step.dart:198:21 - prefer_const_constructors
   info - Use 'const' with the constructor to improve performance - lib\features\landing\widgets\profile_setup_step.dart:202:21 - prefer_const_constructors
   info - Use 'const' with the constructor to improve performance - lib\features\landing\widgets\profile_setup_step.dart:206:21 - prefer_const_constructors
   info - The import of 'package:flutter_bloc/flutter_bloc.dart' is unnecessary because all of the used elements are also provided by the import of '../cubit/cubit.dart' - lib\features\landing\widgets\role_selection_step.dart:2:8 - unnecessary_import
   info - Use 'package:' imports for files in the 'lib' directory - lib\features\landing\widgets\role_selection_step.dart:3:8 - always_use_package_imports
   info - Use 'package:' imports for files in the 'lib' directory - lib\features\landing\widgets\role_selection_step.dart:4:8 - always_use_package_imports
   info - Use 'package:' imports for files in the 'lib' directory - lib\features\landing\widgets\role_selection_step.dart:5:8 - always_use_package_imports
   info - Place 'package:' imports before relative imports - lib\features\landing\widgets\role_selection_step.dart:6:1 - directives_ordering
   info - Place 'package:' imports before relative imports - lib\features\landing\widgets\role_selection_step.dart:7:1 - directives_ordering
   info - Unnecessary use of a 'double' literal - lib\features\landing\widgets\role_selection_step.dart:29:63 - prefer_int_literals
   info - Unnecessary use of a 'double' literal - lib\features\landing\widgets\role_selection_step.dart:35:41 - prefer_int_literals
   info - Unnecessary use of a 'double' literal - lib\features\landing\widgets\role_selection_step.dart:35:51 - prefer_int_literals
   info - Unnecessary use of a 'double' literal - lib\features\landing\widgets\role_selection_step.dart:46:45 - prefer_int_literals
   info - The line length exceeds the 80-character limit - lib\features\landing\widgets\role_selection_step.dart:58:81 - lines_longer_than_80_chars
   info - The line length exceeds the 80-character limit - lib\features\landing\widgets\role_selection_step.dart:59:81 - lines_longer_than_80_chars
   info - The line length exceeds the 80-character limit - lib\features\landing\widgets\role_selection_step.dart:64:81 - lines_longer_than_80_chars
   info - The line length exceeds the 80-character limit - lib\features\landing\widgets\role_selection_step.dart:65:81 - lines_longer_than_80_chars
   info - The line length exceeds the 80-character limit - lib\features\landing\widgets\role_selection_step.dart:66:81 - lines_longer_than_80_chars
   info - Required named parameters should be before optional named parameters - lib\features\landing\widgets\role_selection_step.dart:94:48 - always_put_required_named_parameters_first
   info - Unnecessary use of a 'double' literal - lib\features\landing\widgets\role_selection_step.dart:99:27 - prefer_int_literals
   info - Unnecessary use of a 'double' literal - lib\features\landing\widgets\role_selection_step.dart:99:37 - prefer_int_literals
   info - Unnecessary use of a 'double' literal - lib\features\landing\widgets\role_selection_step.dart:112:48 - prefer_int_literals
   info - The line length exceeds the 80-character limit - lib\features\landing\widgets\role_selection_step.dart:135:81 - lines_longer_than_80_chars
   info - The line length exceeds the 80-character limit - lib\features\landing\widgets\role_selection_step.dart:161:81 - lines_longer_than_80_chars
   info - The line length exceeds the 80-character limit - lib\features\landing\widgets\role_selection_step.dart:164:81 - lines_longer_than_80_chars
   info - The import of 'package:cap_project/features/landing/cubit/landing_state.dart' is unnecessary because all of the used elements are also provided by the import of 'package:cap_project/features/landing/cubit/cubit.dart' - lib\features\landing\widgets\welcome_drawer.dart:8:8 - unnecessary_import
   info - The import of 'package:flutter_bloc/flutter_bloc.dart' is unnecessary because all of the used elements are also provided by the import of 'package:cap_project/features/landing/cubit/cubit.dart' - lib\features\landing\widgets\welcome_drawer.dart:10:8 - unnecessary_import
   info - 'withOpacity' is deprecated and shouldn't be used. Use .withValues() to avoid precision loss - lib\features\landing\widgets\welcome_drawer.dart:20:34 - deprecated_member_use
   info - 'Future'-returning calls in a non-'async' function - lib\features\landing\widgets\welcome_drawer.dart:67:33 - discarded_futures
   info - The line length exceeds the 80-character limit - lib\features\landing\widgets\welcome_drawer.dart:70:81 - lines_longer_than_80_chars
   info - The line length exceeds the 80-character limit - lib\features\landing\widgets\welcome_drawer.dart:90:81 - lines_longer_than_80_chars
   info - The line length exceeds the 80-character limit - lib\features\landing\widgets\welcome_drawer.dart:105:81 - lines_longer_than_80_chars
   info - 'withOpacity' is deprecated and shouldn't be used. Use .withValues() to avoid precision loss - lib\features\landing\widgets\welcome_drawer.dart:112:68 - deprecated_member_use
   info - The line length exceeds the 80-character limit - lib\features\landing\widgets\welcome_drawer.dart:112:81 - lines_longer_than_80_chars
   info - The line length exceeds the 80-character limit - lib\features\landing\widgets\welcome_drawer.dart:116:81 - lines_longer_than_80_chars
   info - Unnecessary use of a 'double' literal - lib\features\landing\widgets\welcome_drawer.dart:122:56 - prefer_int_literals
   info - 'withOpacity' is deprecated and shouldn't be used. Use .withValues() to avoid precision loss - lib\features\landing\widgets\welcome_drawer.dart:153:43 - deprecated_member_use
   info - 'withOpacity' is deprecated and shouldn't be used. Use .withValues() to avoid precision loss - lib\features\landing\widgets\welcome_drawer.dart:155:62 - deprecated_member_use
   info - Missing a newline at the end of the file - lib\features\landing\widgets\widgets.dart:5:35 - eol_at_end_of_file
   info - Don't invoke 'print' in production code - lib\features\medscanner\cubit\medscanner_cubit.dart:53:7 - avoid_print
   info - Catch clause should use 'on' to specify the type of exception being caught - lib\features\medscanner\cubit\medscanner_cubit.dart:54:7 - avoid_catches_without_on_clauses
   info - The expression has no effect and can be removed - lib\features\medscanner\cubit\medscanner_cubit.dart:57:50 - noop_primitive_operations
   info - Don't invoke 'print' in production code - lib\features\medscanner\cubit\medscanner_cubit.dart:59:7 - avoid_print
   info - The expression has no effect and can be removed - lib\features\medscanner\cubit\medscanner_cubit.dart:59:49 - noop_primitive_operations
   info - Don't invoke 'print' in production code - lib\features\medscanner\cubit\medscanner_cubit.dart:72:7 - avoid_print
   info - Don't invoke 'print' in production code - lib\features\medscanner\cubit\medscanner_cubit.dart:83:7 - avoid_print
   info - Don't invoke 'print' in production code - lib\features\medscanner\cubit\medscanner_cubit.dart:91:7 - avoid_print
   info - Don't invoke 'print' in production code - lib\features\medscanner\cubit\medscanner_cubit.dart:95:7 - avoid_print
   info - Don't invoke 'print' in production code - lib\features\medscanner\cubit\medscanner_cubit.dart:98:9 - avoid_print
   info - Don't invoke 'print' in production code - lib\features\medscanner\cubit\medscanner_cubit.dart:100:9 - avoid_print
   info - Don't invoke 'print' in production code - lib\features\medscanner\cubit\medscanner_cubit.dart:104:7 - avoid_print
   info - Don't invoke 'print' in production code - lib\features\medscanner\cubit\medscanner_cubit.dart:112:7 - avoid_print
   info - Don't invoke 'print' in production code - lib\features\medscanner\cubit\medscanner_cubit.dart:115:7 - avoid_print
   info - Don't invoke 'print' in production code - lib\features\medscanner\cubit\medscanner_cubit.dart:121:7 - avoid_print
   info - Catch clause should use 'on' to specify the type of exception being caught - lib\features\medscanner\cubit\medscanner_cubit.dart:138:7 - avoid_catches_without_on_clauses
   info - Don't invoke 'print' in production code - lib\features\medscanner\cubit\medscanner_cubit.dart:139:7 - avoid_print
   info - The expression has no effect and can be removed - lib\features\medscanner\cubit\medscanner_cubit.dart:139:32 - noop_primitive_operations
   info - Don't invoke 'print' in production code - lib\features\medscanner\cubit\medscanner_cubit.dart:152:7 - avoid_print
   info - Don't invoke 'print' in production code - lib\features\medscanner\cubit\medscanner_cubit.dart:163:7 - avoid_print
   info - Don't invoke 'print' in production code - lib\features\medscanner\cubit\medscanner_cubit.dart:166:7 - avoid_print
   info - Don't invoke 'print' in production code - lib\features\medscanner\cubit\medscanner_cubit.dart:169:7 - avoid_print
   info - Don't invoke 'print' in production code - lib\features\medscanner\cubit\medscanner_cubit.dart:172:7 - avoid_print
   info - Don't invoke 'print' in production code - lib\features\medscanner\cubit\medscanner_cubit.dart:177:7 - avoid_print
   info - Don't invoke 'print' in production code - lib\features\medscanner\cubit\medscanner_cubit.dart:183:7 - avoid_print
   info - Catch clause should use 'on' to specify the type of exception being caught - lib\features\medscanner\cubit\medscanner_cubit.dart:201:7 - avoid_catches_without_on_clauses
   info - Don't invoke 'print' in production code - lib\features\medscanner\cubit\medscanner_cubit.dart:202:7 - avoid_print
   info - The expression has no effect and can be removed - lib\features\medscanner\cubit\medscanner_cubit.dart:202:42 - noop_primitive_operations
   info - Missing a newline at the end of the file - lib\features\medscanner\cubit\medscanner_cubit.dart:242:2 - eol_at_end_of_file
   info - The value of the argument is redundant because it matches the default value - lib\features\medscanner\cubit\medscanner_state.dart:55:28 - avoid_redundant_argument_values
   info - The value of the argument is redundant because it matches the default value - lib\features\medscanner\cubit\medscanner_state.dart:61:26 - avoid_redundant_argument_values
   info - The value of the argument is redundant because it matches the default value - lib\features\medscanner\cubit\medscanner_state.dart:62:19 - avoid_redundant_argument_values
   info - Missing a newline at the end of the file - lib\features\medscanner\cubit\medscanner_state.dart:107:2 - eol_at_end_of_file
   info - Sort directive sections alphabetically - lib\features\medscanner\view\medscanner_page.dart:8:1 - directives_ordering
   info - 'Future'-returning calls in a non-'async' function - lib\features\medscanner\view\medscanner_page.dart:26:10 - discarded_futures
   info - 'Future'-returning calls in a non-'async' function - lib\features\medscanner\view\medscanner_page.dart:33:47 - discarded_futures
   info - The line length exceeds the 80-character limit - lib\features\medscanner\view\medscanner_page.dart:67:81 - lines_longer_than_80_chars
   info - 'withOpacity' is deprecated and shouldn't be used. Use .withValues() to avoid precision loss - lib\features\medscanner\view\medscanner_page.dart:76:53 - deprecated_member_use
   info - 'withOpacity' is deprecated and shouldn't be used. Use .withValues() to avoid precision loss - lib\features\medscanner\view\medscanner_page.dart:78:72 - deprecated_member_use
   info - The line length exceeds the 80-character limit - lib\features\medscanner\view\medscanner_page.dart:78:81 - lines_longer_than_80_chars
   info - The line length exceeds the 80-character limit - lib\features\medscanner\view\medscanner_page.dart:90:81 - lines_longer_than_80_chars
   info - 'withOpacity' is deprecated and shouldn't be used. Use .withValues() to avoid precision loss - lib\features\medscanner\view\medscanner_page.dart:99:53 - deprecated_member_use
   info - 'withOpacity' is deprecated and shouldn't be used. Use .withValues() to avoid precision loss - lib\features\medscanner\view\medscanner_page.dart:101:72 - deprecated_member_use
   info - The line length exceeds the 80-character limit - lib\features\medscanner\view\medscanner_page.dart:101:81 - lines_longer_than_80_chars
   info - 'Future'-returning calls in a non-'async' function - lib\features\medscanner\view\medscanner_page.dart:124:5 - discarded_futures
warning - The type argument(s) of the function 'showModalBottomSheet' can't be inferred - lib\features\medscanner\view\medscanner_page.dart:124:5 - inference_failure_on_function_invocation
   info - The line length exceeds the 80-character limit - lib\features\medscanner\view\medscanner_page.dart:154:81 - lines_longer_than_80_chars
   info - 'withOpacity' is deprecated and shouldn't be used. Use .withValues() to avoid precision loss - lib\features\medscanner\view\medscanner_page.dart:226:46 - deprecated_member_use
   info - Sort directive sections alphabetically - lib\features\medscanner\widgets\camera_preview_widget.dart:4:1 - directives_ordering
   info - The import of 'package:flutter_bloc/flutter_bloc.dart' is unnecessary because all of the used elements are also provided by the import of '../cubit/cubit.dart' - lib\features\medscanner\widgets\camera_preview_widget.dart:5:8 - unnecessary_import
   info - Sort directive sections alphabetically - lib\features\medscanner\widgets\camera_preview_widget.dart:6:1 - directives_ordering
   info - Use 'package:' imports for files in the 'lib' directory - lib\features\medscanner\widgets\camera_preview_widget.dart:7:8 - always_use_package_imports
   info - Sort directive sections alphabetically - lib\features\medscanner\widgets\camera_preview_widget.dart:8:1 - directives_ordering
   info - Use 'package:' imports for files in the 'lib' directory - lib\features\medscanner\widgets\camera_preview_widget.dart:8:8 - always_use_package_imports
   info - Use 'package:' imports for files in the 'lib' directory - lib\features\medscanner\widgets\camera_preview_widget.dart:9:8 - always_use_package_imports
   info - Unnecessary comparison to a boolean literal - lib\features\medscanner\widgets\camera_preview_widget.dart:25:43 - no_literal_bool_comparisons
   info - 'withOpacity' is deprecated and shouldn't be used. Use .withValues() to avoid precision loss - lib\features\medscanner\widgets\camera_preview_widget.dart:48:35 - deprecated_member_use
   info - 'withOpacity' is deprecated and shouldn't be used. Use .withValues() to avoid precision loss - lib\features\medscanner\widgets\camera_preview_widget.dart:67:39 - deprecated_member_use
   info - Use 'const' with the constructor to improve performance - lib\features\medscanner\widgets\camera_preview_widget.dart:102:11 - prefer_const_constructors
   info - Use 'const' with the constructor to improve performance - lib\features\medscanner\widgets\camera_preview_widget.dart:103:25 - prefer_const_constructors
   info - Missing a newline at the end of the file - lib\features\medscanner\widgets\camera_preview_widget.dart:165:2 - eol_at_end_of_file
   info - The import of 'package:flutter_bloc/flutter_bloc.dart' is unnecessary because all of the used elements are also provided by the import of '../cubit/cubit.dart' - lib\features\medscanner\widgets\medscanner_body.dart:6:8 - unnecessary_import
   info - Use 'package:' imports for files in the 'lib' directory - lib\features\medscanner\widgets\medscanner_body.dart:7:8 - always_use_package_imports
   info - Sort directive sections alphabetically - lib\features\medscanner\widgets\medscanner_body.dart:8:1 - directives_ordering
   info - Use 'package:' imports for files in the 'lib' directory - lib\features\medscanner\widgets\medscanner_body.dart:8:8 - always_use_package_imports
   info - Use 'package:' imports for files in the 'lib' directory - lib\features\medscanner\widgets\medscanner_body.dart:9:8 - always_use_package_imports
   info - Sort directive sections alphabetically - lib\features\medscanner\widgets\medscanner_body.dart:10:1 - directives_ordering
   info - Use 'package:' imports for files in the 'lib' directory - lib\features\medscanner\widgets\medscanner_body.dart:10:8 - always_use_package_imports
   info - The import of 'camera_preview_widget.dart' is unnecessary because all of the used elements are also provided by the import of 'package:cap_project/features/medscanner/widgets/widgets.dart' - lib\features\medscanner\widgets\medscanner_body.dart:11:8 - unnecessary_import
   info - Use 'package:' imports for files in the 'lib' directory - lib\features\medscanner\widgets\medscanner_body.dart:11:8 - always_use_package_imports
   info - The import of 'scan_result_widget.dart' is unnecessary because all of the used elements are also provided by the import of 'package:cap_project/features/medscanner/widgets/widgets.dart' - lib\features\medscanner\widgets\medscanner_body.dart:12:8 - unnecessary_import
   info - Use 'package:' imports for files in the 'lib' directory - lib\features\medscanner\widgets\medscanner_body.dart:12:8 - always_use_package_imports
   info - Unnecessary 'break' statement - lib\features\medscanner\widgets\medscanner_body.dart:31:15 - unnecessary_breaks
   info - Unnecessary 'break' statement - lib\features\medscanner\widgets\medscanner_body.dart:34:15 - unnecessary_breaks
   info - Unnecessary 'break' statement - lib\features\medscanner\widgets\medscanner_body.dart:37:15 - unnecessary_breaks
   info - Unnecessary 'break' statement - lib\features\medscanner\widgets\medscanner_body.dart:40:15 - unnecessary_breaks
   info - Unnecessary 'break' statement - lib\features\medscanner\widgets\medscanner_body.dart:43:15 - unnecessary_breaks
   info - 'withOpacity' is deprecated and shouldn't be used. Use .withValues() to avoid precision loss - lib\features\medscanner\widgets\medscanner_body.dart:107:33 - deprecated_member_use
   info - The line length exceeds the 80-character limit - lib\features\medscanner\widgets\medscanner_body.dart:145:81 - lines_longer_than_80_chars
   info - Use a 'ColoredBox' rather than a 'Container' with only a 'Color' - lib\features\medscanner\widgets\medscanner_body.dart:170:12 - use_colored_box
   info - Use 'const' with the constructor to improve performance - lib\features\medscanner\widgets\medscanner_body.dart:176:13 - prefer_const_constructors
   info - Use 'const' with the constructor to improve performance - lib\features\medscanner\widgets\medscanner_body.dart:177:27 - prefer_const_constructors
   info - 'withOpacity' is deprecated and shouldn't be used. Use .withValues() to avoid precision loss - lib\features\medscanner\widgets\medscanner_body.dart:212:31 - deprecated_member_use
   info - 'withOpacity' is deprecated and shouldn't be used. Use .withValues() to avoid precision loss - lib\features\medscanner\widgets\medscanner_body.dart:214:50 - deprecated_member_use
   info - 'withOpacity' is deprecated and shouldn't be used. Use .withValues() to avoid precision loss - lib\features\medscanner\widgets\medscanner_body.dart:252:35 - deprecated_member_use
   info - The import of 'package:flutter_bloc/flutter_bloc.dart' is unnecessary because all of the used elements are also provided by the import of '../cubit/cubit.dart' - lib\features\medscanner\widgets\scan_result_widget.dart:5:8 - unnecessary_import
   info - Use 'package:' imports for files in the 'lib' directory - lib\features\medscanner\widgets\scan_result_widget.dart:6:8 - always_use_package_imports
   info - Sort directive sections alphabetically - lib\features\medscanner\widgets\scan_result_widget.dart:7:1 - directives_ordering
   info - Use 'package:' imports for files in the 'lib' directory - lib\features\medscanner\widgets\scan_result_widget.dart:7:8 - always_use_package_imports
   info - Sort directive sections alphabetically - lib\features\medscanner\widgets\scan_result_widget.dart:8:1 - directives_ordering
   info - Use 'package:' imports for files in the 'lib' directory - lib\features\medscanner\widgets\scan_result_widget.dart:8:8 - always_use_package_imports
   info - Use 'package:' imports for files in the 'lib' directory - lib\features\medscanner\widgets\scan_result_widget.dart:9:8 - always_use_package_imports
   info - 'withOpacity' is deprecated and shouldn't be used. Use .withValues() to avoid precision loss - lib\features\medscanner\widgets\scan_result_widget.dart:33:42 - deprecated_member_use
   info - To-do comment doesn't follow the Flutter style - lib\features\medscanner\widgets\scan_result_widget.dart:105:15 - flutter_style_todos
   info - 'withOpacity' is deprecated and shouldn't be used. Use .withValues() to avoid precision loss - lib\features\medscanner\widgets\scan_result_widget.dart:138:40 - deprecated_member_use
   info - 'withOpacity' is deprecated and shouldn't be used. Use .withValues() to avoid precision loss - lib\features\medscanner\widgets\scan_result_widget.dart:141:42 - deprecated_member_use
   info - Use 'const' with the constructor to improve performance - lib\features\medscanner\widgets\scan_result_widget.dart:147:17 - prefer_const_constructors
   info - Unnecessary braces in a string interpolation - lib\features\medscanner\widgets\scan_result_widget.dart:189:16 - unnecessary_brace_in_string_interps
   info - 'withOpacity' is deprecated and shouldn't be used. Use .withValues() to avoid precision loss - lib\features\medscanner\widgets\scan_result_widget.dart:260:32 - deprecated_member_use
   info - 'withOpacity' is deprecated and shouldn't be used. Use .withValues() to avoid precision loss - lib\features\medscanner\widgets\scan_result_widget.dart:262:51 - deprecated_member_use
   info - Use 'const' with the constructor to improve performance - lib\features\medscanner\widgets\scan_result_widget.dart:269:15 - prefer_const_constructors
   info - Missing a newline at the end of the file - lib\features\medscanner\widgets\scan_result_widget.dart:303:2 - eol_at_end_of_file
   info - Missing a newline at the end of the file - lib\features\medscanner\widgets\widgets.dart:3:34 - eol_at_end_of_file
   info - Missing a newline at the end of the file - lib\main_development.dart:26:2 - eol_at_end_of_file
   info - Missing a newline at the end of the file - lib\main_production.dart:26:2 - eol_at_end_of_file
   info - Missing a newline at the end of the file - lib\main_staging.dart:26:2 - eol_at_end_of_file

