Analyzing test...                                               

  error - Target of URI doesn't exist: 'package:cap_project/counter/counter.dart' - test\app\view\app_test.dart:5:8 - uri_does_not_exist
  error - The named parameter 'config' is required, but there's no corresponding argument - test\app\view\app_test.dart:11:31 - missing_required_argument
  error - Undefined name 'CounterPage' - test\app\view\app_test.dart:12:26 - undefined_identifier
   info - Sort directive sections alphabetically - test\auth\cubit\auth_cubit_test.dart:3:1 - directives_ordering
  error - Classes and mixins can only implement other classes and mixins - test\auth\cubit\auth_cubit_test.dart:6:50 - implements_non_class
  error - Undefined class 'AuthRepository' - test\auth\cubit\auth_cubit_test.dart:9:8 - undefined_class
  error - The function 'AuthCubit' isn't defined - test\auth\cubit\auth_cubit_test.dart:17:21 - undefined_function
  error - Undefined name 'AuthStatus' - test\auth\cubit\auth_cubit_test.dart:18:34 - undefined_identifier
  error - The name 'AuthCubit' isn't a type, so it can't be used as a type argument - test\auth\cubit\auth_cubit_test.dart:21:14 - non_type_as_type_argument
  error - The name 'AuthState' isn't a type, so it can't be used as a type argument - test\auth\cubit\auth_cubit_test.dart:21:25 - non_type_as_type_argument
warning - The type argument(s) of the function 'any' can't be inferred - test\auth\cubit\auth_cubit_test.dart:26:51 - inference_failure_on_function_invocation
  error - The function 'AuthTokens' isn't defined - test\auth\cubit\auth_cubit_test.dart:27:38 - undefined_function
warning - The type argument(s) of the function 'any' can't be inferred - test\auth\cubit\auth_cubit_test.dart:31:46 - inference_failure_on_function_invocation
warning - This function has a nullable return type of 'FutureOr<Object?>', but ends without returning a value - test\auth\cubit\auth_cubit_test.dart:31:75 - body_might_complete_normally_nullable
  error - The function 'User' isn't defined - test\auth\cubit\auth_cubit_test.dart:33:38 - undefined_function
  error - The function 'AuthCubit' isn't defined - test\auth\cubit\auth_cubit_test.dart:34:16 - undefined_function
  error - The method 'signInWithGoogle' can't be unconditionally invoked because the receiver can be 'null' - test\auth\cubit\auth_cubit_test.dart:36:29 - unchecked_use_of_nullable_value
  error - The name 'AuthState' isn't a class - test\auth\cubit\auth_cubit_test.dart:38:15 - creation_with_non_type
  error - Undefined name 'AuthStatus' - test\auth\cubit\auth_cubit_test.dart:38:33 - undefined_identifier
  error - The function 'AuthState' isn't defined - test\auth\cubit\auth_cubit_test.dart:39:9 - undefined_function
  error - Undefined name 'AuthStatus' - test\auth\cubit\auth_cubit_test.dart:40:19 - undefined_identifier
  error - The function 'User' isn't defined - test\auth\cubit\auth_cubit_test.dart:41:17 - undefined_function
   info - Missing a newline at the end of the file - test\auth\cubit\auth_cubit_test.dart:46:2 - eol_at_end_of_file
   info - Missing documentation explaining why the diagnostic is ignored - test\auth\cubit\auth_state_test.dart:1:1 - document_ignores
   info - The diagnostic 'prefer_const_constructors' isn't produced in this file so it doesn't need to be ignored - test\auth\cubit\auth_state_test.dart:1:21 - unnecessary_ignore
   info - Sort directive sections alphabetically - test\auth\cubit\auth_state_test.dart:4:1 - directives_ordering
  error - Target of URI doesn't exist: 'package:cap_project/auth/cubit/cubit.dart' - test\auth\cubit\auth_state_test.dart:4:8 - uri_does_not_exist
  error - The function 'AuthState' isn't defined - test\auth\cubit\auth_state_test.dart:10:9 - undefined_function
  error - The name 'AuthState' isn't a class - test\auth\cubit\auth_state_test.dart:12:17 - creation_with_non_type
  error - The name 'AuthState' isn't a class - test\auth\cubit\auth_state_test.dart:20:17 - creation_with_non_type
  error - Const variables must be initialized with a constant value - test\auth\cubit\auth_state_test.dart:31:29 - const_initialized_with_non_constant_value
  error - The function 'AuthState' isn't defined - test\auth\cubit\auth_state_test.dart:31:29 - undefined_function
  error - Const variables must be initialized with a constant value - test\auth\cubit\auth_state_test.dart:45:29 - const_initialized_with_non_constant_value
  error - The function 'AuthState' isn't defined - test\auth\cubit\auth_state_test.dart:45:29 - undefined_function
  error - The function 'AuthState' isn't defined - test\auth\cubit\auth_state_test.dart:48:34 - undefined_function
   info - Missing documentation explaining why the diagnostic is ignored - test\auth\view\auth_page_test.dart:1:1 - document_ignores
   info - The diagnostic 'prefer_const_constructors' isn't produced in this file so it doesn't need to be ignored - test\auth\view\auth_page_test.dart:1:21 - unnecessary_ignore
   info - Sort directive sections alphabetically - test\auth\view\auth_page_test.dart:4:1 - directives_ordering
  error - Target of URI doesn't exist: 'package:cap_project/auth/auth.dart' - test\auth\view\auth_page_test.dart:4:8 - uri_does_not_exist
  error - Undefined name 'AuthPage' - test\auth\view\auth_page_test.dart:11:16 - undefined_identifier
warning - The generic type 'MaterialPageRoute<dynamic>' should have explicit type arguments but doesn't - test\auth\view\auth_page_test.dart:11:38 - strict_raw_type
  error - The function 'AuthPage' isn't defined - test\auth\view\auth_page_test.dart:16:49 - undefined_function
  error - Undefined name 'AuthView' - test\auth\view\auth_page_test.dart:17:26 - undefined_identifier
   info - Missing documentation explaining why the diagnostic is ignored - test\auth\view\widgets\auth_body_test.dart:1:1 - document_ignores
   info - The diagnostic 'prefer_const_constructors' isn't produced in this file so it doesn't need to be ignored - test\auth\view\widgets\auth_body_test.dart:1:21 - unnecessary_ignore
   info - Sort directive sections alphabetically - test\auth\view\widgets\auth_body_test.dart:4:1 - directives_ordering
  error - Target of URI doesn't exist: 'package:cap_project/auth/auth.dart' - test\auth\view\widgets\auth_body_test.dart:4:8 - uri_does_not_exist
  error - The function 'BlocProvider' isn't defined - test\auth\view\widgets\auth_body_test.dart:11:9 - undefined_function
  error - The function 'AuthCubit' isn't defined - test\auth\view\widgets\auth_body_test.dart:12:32 - undefined_function
  error - The function 'AuthBody' isn't defined - test\auth\view\widgets\auth_body_test.dart:13:36 - undefined_function
   info - Missing documentation explaining why the diagnostic is ignored - test\chat\cubit\chat_cubit_test.dart:1:1 - document_ignores
   info - The diagnostic 'prefer_const_constructors' isn't produced in this file so it doesn't need to be ignored - test\chat\cubit\chat_cubit_test.dart:1:21 - unnecessary_ignore
   info - Sort directive sections alphabetically - test\chat\cubit\chat_cubit_test.dart:5:1 - directives_ordering
  error - Target of URI doesn't exist: 'package:cap_project/chat/cubit/cubit.dart' - test\chat\cubit\chat_cubit_test.dart:5:8 - uri_does_not_exist
  error - The function 'ChatCubit' isn't defined - test\chat\cubit\chat_cubit_test.dart:12:11 - undefined_function
  error - The function 'ChatCubit' isn't defined - test\chat\cubit\chat_cubit_test.dart:19:25 - undefined_function
  error - The name 'ChatCubit' isn't a type, so it can't be used as a type argument - test\chat\cubit\chat_cubit_test.dart:23:14 - non_type_as_type_argument
  error - The name 'ChatState' isn't a type, so it can't be used as a type argument - test\chat\cubit\chat_cubit_test.dart:23:25 - non_type_as_type_argument
  error - Undefined name 'ChatCubit' - test\chat\cubit\chat_cubit_test.dart:25:14 - undefined_identifier
  error - The getter 'new' isn't defined for the type 'InvalidType' - test\chat\cubit\chat_cubit_test.dart:25:24 - undefined_getter
  error - The method 'yourCustomFunction' can't be unconditionally invoked because the receiver can be 'null' - test\chat\cubit\chat_cubit_test.dart:26:29 - unchecked_use_of_nullable_value
  error - The name 'ChatState' isn't a type, so it can't be used as a type argument - test\chat\cubit\chat_cubit_test.dart:27:22 - non_type_as_type_argument
   info - Missing documentation explaining why the diagnostic is ignored - test\chat\cubit\chat_state_test.dart:1:1 - document_ignores
   info - The diagnostic 'prefer_const_constructors' isn't produced in this file so it doesn't need to be ignored - test\chat\cubit\chat_state_test.dart:1:21 - unnecessary_ignore
   info - Sort directive sections alphabetically - test\chat\cubit\chat_state_test.dart:4:1 - directives_ordering
  error - Target of URI doesn't exist: 'package:cap_project/chat/cubit/cubit.dart' - test\chat\cubit\chat_state_test.dart:4:8 - uri_does_not_exist
  error - The function 'ChatState' isn't defined - test\chat\cubit\chat_state_test.dart:10:9 - undefined_function
  error - The name 'ChatState' isn't a class - test\chat\cubit\chat_state_test.dart:12:17 - creation_with_non_type
  error - The name 'ChatState' isn't a class - test\chat\cubit\chat_state_test.dart:20:17 - creation_with_non_type
  error - Const variables must be initialized with a constant value - test\chat\cubit\chat_state_test.dart:31:29 - const_initialized_with_non_constant_value
  error - The function 'ChatState' isn't defined - test\chat\cubit\chat_state_test.dart:31:29 - undefined_function
  error - Const variables must be initialized with a constant value - test\chat\cubit\chat_state_test.dart:45:29 - const_initialized_with_non_constant_value
  error - The function 'ChatState' isn't defined - test\chat\cubit\chat_state_test.dart:45:29 - undefined_function
  error - The function 'ChatState' isn't defined - test\chat\cubit\chat_state_test.dart:48:34 - undefined_function
   info - Missing documentation explaining why the diagnostic is ignored - test\chat\view\chat_page_test.dart:1:1 - document_ignores
   info - The diagnostic 'prefer_const_constructors' isn't produced in this file so it doesn't need to be ignored - test\chat\view\chat_page_test.dart:1:21 - unnecessary_ignore
   info - Sort directive sections alphabetically - test\chat\view\chat_page_test.dart:4:1 - directives_ordering
  error - Target of URI doesn't exist: 'package:cap_project/chat/chat.dart' - test\chat\view\chat_page_test.dart:4:8 - uri_does_not_exist
  error - Undefined name 'ChatPage' - test\chat\view\chat_page_test.dart:11:16 - undefined_identifier
warning - The generic type 'MaterialPageRoute<dynamic>' should have explicit type arguments but doesn't - test\chat\view\chat_page_test.dart:11:38 - strict_raw_type
  error - The function 'ChatPage' isn't defined - test\chat\view\chat_page_test.dart:16:49 - undefined_function
  error - Undefined name 'ChatView' - test\chat\view\chat_page_test.dart:17:26 - undefined_identifier
   info - Missing documentation explaining why the diagnostic is ignored - test\chat\view\widgets\chat_body_test.dart:1:1 - document_ignores
   info - The diagnostic 'prefer_const_constructors' isn't produced in this file so it doesn't need to be ignored - test\chat\view\widgets\chat_body_test.dart:1:21 - unnecessary_ignore
   info - Sort directive sections alphabetically - test\chat\view\widgets\chat_body_test.dart:4:1 - directives_ordering
  error - Target of URI doesn't exist: 'package:cap_project/chat/chat.dart' - test\chat\view\widgets\chat_body_test.dart:4:8 - uri_does_not_exist
  error - The function 'BlocProvider' isn't defined - test\chat\view\widgets\chat_body_test.dart:11:9 - undefined_function
  error - The function 'ChatCubit' isn't defined - test\chat\view\widgets\chat_body_test.dart:12:32 - undefined_function
  error - The function 'ChatBody' isn't defined - test\chat\view\widgets\chat_body_test.dart:13:36 - undefined_function
   info - Missing documentation explaining why the diagnostic is ignored - test\forum\cubit\forum_cubit_test.dart:1:1 - document_ignores
   info - The diagnostic 'prefer_const_constructors' isn't produced in this file so it doesn't need to be ignored - test\forum\cubit\forum_cubit_test.dart:1:21 - unnecessary_ignore
   info - Sort directive sections alphabetically - test\forum\cubit\forum_cubit_test.dart:5:1 - directives_ordering
  error - Target of URI doesn't exist: 'package:cap_project/forum/cubit/cubit.dart' - test\forum\cubit\forum_cubit_test.dart:5:8 - uri_does_not_exist
  error - The function 'ForumCubit' isn't defined - test\forum\cubit\forum_cubit_test.dart:12:11 - undefined_function
  error - The function 'ForumCubit' isn't defined - test\forum\cubit\forum_cubit_test.dart:19:26 - undefined_function
  error - The name 'ForumCubit' isn't a type, so it can't be used as a type argument - test\forum\cubit\forum_cubit_test.dart:23:14 - non_type_as_type_argument
  error - The name 'ForumState' isn't a type, so it can't be used as a type argument - test\forum\cubit\forum_cubit_test.dart:23:26 - non_type_as_type_argument
  error - Undefined name 'ForumCubit' - test\forum\cubit\forum_cubit_test.dart:25:14 - undefined_identifier
  error - The getter 'new' isn't defined for the type 'InvalidType' - test\forum\cubit\forum_cubit_test.dart:25:25 - undefined_getter
  error - The method 'yourCustomFunction' can't be unconditionally invoked because the receiver can be 'null' - test\forum\cubit\forum_cubit_test.dart:26:29 - unchecked_use_of_nullable_value
  error - The name 'ForumState' isn't a type, so it can't be used as a type argument - test\forum\cubit\forum_cubit_test.dart:27:22 - non_type_as_type_argument
   info - Missing documentation explaining why the diagnostic is ignored - test\forum\cubit\forum_state_test.dart:1:1 - document_ignores
   info - The diagnostic 'prefer_const_constructors' isn't produced in this file so it doesn't need to be ignored - test\forum\cubit\forum_state_test.dart:1:21 - unnecessary_ignore
   info - Sort directive sections alphabetically - test\forum\cubit\forum_state_test.dart:4:1 - directives_ordering
  error - Target of URI doesn't exist: 'package:cap_project/forum/cubit/cubit.dart' - test\forum\cubit\forum_state_test.dart:4:8 - uri_does_not_exist
  error - The function 'ForumState' isn't defined - test\forum\cubit\forum_state_test.dart:10:9 - undefined_function
  error - The name 'ForumState' isn't a class - test\forum\cubit\forum_state_test.dart:12:17 - creation_with_non_type
  error - The name 'ForumState' isn't a class - test\forum\cubit\forum_state_test.dart:20:17 - creation_with_non_type
  error - Const variables must be initialized with a constant value - test\forum\cubit\forum_state_test.dart:31:30 - const_initialized_with_non_constant_value
  error - The function 'ForumState' isn't defined - test\forum\cubit\forum_state_test.dart:31:30 - undefined_function
  error - Const variables must be initialized with a constant value - test\forum\cubit\forum_state_test.dart:45:30 - const_initialized_with_non_constant_value
  error - The function 'ForumState' isn't defined - test\forum\cubit\forum_state_test.dart:45:30 - undefined_function
  error - The function 'ForumState' isn't defined - test\forum\cubit\forum_state_test.dart:48:35 - undefined_function
   info - Missing documentation explaining why the diagnostic is ignored - test\forum\view\forum_page_test.dart:1:1 - document_ignores
   info - The diagnostic 'prefer_const_constructors' isn't produced in this file so it doesn't need to be ignored - test\forum\view\forum_page_test.dart:1:21 - unnecessary_ignore
   info - Sort directive sections alphabetically - test\forum\view\forum_page_test.dart:4:1 - directives_ordering
  error - Target of URI doesn't exist: 'package:cap_project/forum/forum.dart' - test\forum\view\forum_page_test.dart:4:8 - uri_does_not_exist
  error - Undefined name 'ForumPage' - test\forum\view\forum_page_test.dart:11:16 - undefined_identifier
warning - The generic type 'MaterialPageRoute<dynamic>' should have explicit type arguments but doesn't - test\forum\view\forum_page_test.dart:11:39 - strict_raw_type
  error - The function 'ForumPage' isn't defined - test\forum\view\forum_page_test.dart:16:49 - undefined_function
  error - Undefined name 'ForumView' - test\forum\view\forum_page_test.dart:17:26 - undefined_identifier
   info - Missing documentation explaining why the diagnostic is ignored - test\forum\view\widgets\forum_body_test.dart:1:1 - document_ignores
   info - The diagnostic 'prefer_const_constructors' isn't produced in this file so it doesn't need to be ignored - test\forum\view\widgets\forum_body_test.dart:1:21 - unnecessary_ignore
   info - Sort directive sections alphabetically - test\forum\view\widgets\forum_body_test.dart:4:1 - directives_ordering
  error - Target of URI doesn't exist: 'package:cap_project/forum/forum.dart' - test\forum\view\widgets\forum_body_test.dart:4:8 - uri_does_not_exist
  error - The function 'BlocProvider' isn't defined - test\forum\view\widgets\forum_body_test.dart:11:9 - undefined_function
  error - The function 'ForumCubit' isn't defined - test\forum\view\widgets\forum_body_test.dart:12:32 - undefined_function
  error - The function 'ForumBody' isn't defined - test\forum\view\widgets\forum_body_test.dart:13:36 - undefined_function
   info - Missing documentation explaining why the diagnostic is ignored - test\landing\cubit\landing_cubit_test.dart:1:1 - document_ignores
   info - The diagnostic 'prefer_const_constructors' isn't produced in this file so it doesn't need to be ignored - test\landing\cubit\landing_cubit_test.dart:1:21 - unnecessary_ignore
   info - Sort directive sections alphabetically - test\landing\cubit\landing_cubit_test.dart:5:1 - directives_ordering
  error - Target of URI doesn't exist: 'package:cap_project/landing/cubit/cubit.dart' - test\landing\cubit\landing_cubit_test.dart:5:8 - uri_does_not_exist
  error - The function 'LandingCubit' isn't defined - test\landing\cubit\landing_cubit_test.dart:12:11 - undefined_function
  error - The function 'LandingCubit' isn't defined - test\landing\cubit\landing_cubit_test.dart:19:28 - undefined_function
  error - The name 'LandingCubit' isn't a type, so it can't be used as a type argument - test\landing\cubit\landing_cubit_test.dart:23:14 - non_type_as_type_argument
  error - The name 'LandingState' isn't a type, so it can't be used as a type argument - test\landing\cubit\landing_cubit_test.dart:23:28 - non_type_as_type_argument
  error - Undefined name 'LandingCubit' - test\landing\cubit\landing_cubit_test.dart:25:14 - undefined_identifier
  error - The getter 'new' isn't defined for the type 'InvalidType' - test\landing\cubit\landing_cubit_test.dart:25:27 - undefined_getter
  error - The method 'yourCustomFunction' can't be unconditionally invoked because the receiver can be 'null' - test\landing\cubit\landing_cubit_test.dart:26:29 - unchecked_use_of_nullable_value
  error - The name 'LandingState' isn't a type, so it can't be used as a type argument - test\landing\cubit\landing_cubit_test.dart:27:22 - non_type_as_type_argument
   info - Missing documentation explaining why the diagnostic is ignored - test\landing\cubit\landing_state_test.dart:1:1 - document_ignores
   info - The diagnostic 'prefer_const_constructors' isn't produced in this file so it doesn't need to be ignored - test\landing\cubit\landing_state_test.dart:1:21 - unnecessary_ignore
   info - Sort directive sections alphabetically - test\landing\cubit\landing_state_test.dart:4:1 - directives_ordering
  error - Target of URI doesn't exist: 'package:cap_project/landing/cubit/cubit.dart' - test\landing\cubit\landing_state_test.dart:4:8 - uri_does_not_exist
  error - The function 'LandingState' isn't defined - test\landing\cubit\landing_state_test.dart:10:9 - undefined_function
  error - The name 'LandingState' isn't a class - test\landing\cubit\landing_state_test.dart:12:17 - creation_with_non_type
  error - The name 'LandingState' isn't a class - test\landing\cubit\landing_state_test.dart:20:17 - creation_with_non_type
  error - Const variables must be initialized with a constant value - test\landing\cubit\landing_state_test.dart:31:32 - const_initialized_with_non_constant_value
  error - The function 'LandingState' isn't defined - test\landing\cubit\landing_state_test.dart:31:32 - undefined_function
  error - Const variables must be initialized with a constant value - test\landing\cubit\landing_state_test.dart:45:32 - const_initialized_with_non_constant_value
  error - The function 'LandingState' isn't defined - test\landing\cubit\landing_state_test.dart:45:32 - undefined_function
  error - The function 'LandingState' isn't defined - test\landing\cubit\landing_state_test.dart:48:37 - undefined_function
   info - Missing documentation explaining why the diagnostic is ignored - test\landing\view\landing_page_test.dart:1:1 - document_ignores
   info - Sort directive sections alphabetically - test\landing\view\landing_page_test.dart:4:1 - directives_ordering
warning - The generic type 'MaterialPageRoute<dynamic>' should have explicit type arguments but doesn't - test\landing\view\landing_page_test.dart:11:41 - strict_raw_type
   info - Missing documentation explaining why the diagnostic is ignored - test\landing\view\widgets\landing_body_test.dart:1:1 - document_ignores
   info - The diagnostic 'prefer_const_constructors' isn't produced in this file so it doesn't need to be ignored - test\landing\view\widgets\landing_body_test.dart:1:21 - unnecessary_ignore
   info - Sort directive sections alphabetically - test\landing\view\widgets\landing_body_test.dart:4:1 - directives_ordering
  error - Target of URI doesn't exist: 'package:cap_project/landing/landing.dart' - test\landing\view\widgets\landing_body_test.dart:4:8 - uri_does_not_exist
  error - The function 'BlocProvider' isn't defined - test\landing\view\widgets\landing_body_test.dart:11:9 - undefined_function
  error - The function 'LandingCubit' isn't defined - test\landing\view\widgets\landing_body_test.dart:12:32 - undefined_function
  error - The function 'LandingBody' isn't defined - test\landing\view\widgets\landing_body_test.dart:13:36 - undefined_function
   info - Missing documentation explaining why the diagnostic is ignored - test\medscanner\cubit\medscanner_cubit_test.dart:1:1 - document_ignores
   info - The diagnostic 'prefer_const_constructors' isn't produced in this file so it doesn't need to be ignored - test\medscanner\cubit\medscanner_cubit_test.dart:1:21 - unnecessary_ignore
   info - Sort directive sections alphabetically - test\medscanner\cubit\medscanner_cubit_test.dart:5:1 - directives_ordering
  error - Target of URI doesn't exist: 'package:cap_project/medscanner/cubit/cubit.dart' - test\medscanner\cubit\medscanner_cubit_test.dart:5:8 - uri_does_not_exist
  error - The function 'MedscannerCubit' isn't defined - test\medscanner\cubit\medscanner_cubit_test.dart:12:11 - undefined_function
  error - The function 'MedscannerCubit' isn't defined - test\medscanner\cubit\medscanner_cubit_test.dart:19:31 - undefined_function
  error - The name 'MedscannerCubit' isn't a type, so it can't be used as a type argument - test\medscanner\cubit\medscanner_cubit_test.dart:23:14 - non_type_as_type_argument
  error - The name 'MedscannerState' isn't a type, so it can't be used as a type argument - test\medscanner\cubit\medscanner_cubit_test.dart:23:31 - non_type_as_type_argument
  error - Undefined name 'MedscannerCubit' - test\medscanner\cubit\medscanner_cubit_test.dart:25:14 - undefined_identifier
  error - The getter 'new' isn't defined for the type 'InvalidType' - test\medscanner\cubit\medscanner_cubit_test.dart:25:30 - undefined_getter
  error - The method 'yourCustomFunction' can't be unconditionally invoked because the receiver can be 'null' - test\medscanner\cubit\medscanner_cubit_test.dart:26:29 - unchecked_use_of_nullable_value
  error - The name 'MedscannerState' isn't a type, so it can't be used as a type argument - test\medscanner\cubit\medscanner_cubit_test.dart:27:22 - non_type_as_type_argument
   info - Missing documentation explaining why the diagnostic is ignored - test\medscanner\cubit\medscanner_state_test.dart:1:1 - document_ignores
   info - The diagnostic 'prefer_const_constructors' isn't produced in this file so it doesn't need to be ignored - test\medscanner\cubit\medscanner_state_test.dart:1:21 - unnecessary_ignore
   info - Sort directive sections alphabetically - test\medscanner\cubit\medscanner_state_test.dart:4:1 - directives_ordering
  error - Target of URI doesn't exist: 'package:cap_project/medscanner/cubit/cubit.dart' - test\medscanner\cubit\medscanner_state_test.dart:4:8 - uri_does_not_exist
  error - The function 'MedscannerState' isn't defined - test\medscanner\cubit\medscanner_state_test.dart:10:9 - undefined_function
  error - The name 'MedscannerState' isn't a class - test\medscanner\cubit\medscanner_state_test.dart:12:17 - creation_with_non_type
  error - The name 'MedscannerState' isn't a class - test\medscanner\cubit\medscanner_state_test.dart:20:17 - creation_with_non_type
  error - Const variables must be initialized with a constant value - test\medscanner\cubit\medscanner_state_test.dart:31:35 - const_initialized_with_non_constant_value
  error - The function 'MedscannerState' isn't defined - test\medscanner\cubit\medscanner_state_test.dart:31:35 - undefined_function
  error - Const variables must be initialized with a constant value - test\medscanner\cubit\medscanner_state_test.dart:45:35 - const_initialized_with_non_constant_value
  error - The function 'MedscannerState' isn't defined - test\medscanner\cubit\medscanner_state_test.dart:45:35 - undefined_function
  error - The function 'MedscannerState' isn't defined - test\medscanner\cubit\medscanner_state_test.dart:48:40 - undefined_function
   info - Missing documentation explaining why the diagnostic is ignored - test\medscanner\view\medscanner_page_test.dart:1:1 - document_ignores
   info - The diagnostic 'prefer_const_constructors' isn't produced in this file so it doesn't need to be ignored - test\medscanner\view\medscanner_page_test.dart:1:21 - unnecessary_ignore
   info - Sort directive sections alphabetically - test\medscanner\view\medscanner_page_test.dart:4:1 - directives_ordering
  error - Target of URI doesn't exist: 'package:cap_project/medscanner/medscanner.dart' - test\medscanner\view\medscanner_page_test.dart:4:8 - uri_does_not_exist
  error - Undefined name 'MedscannerPage' - test\medscanner\view\medscanner_page_test.dart:11:16 - undefined_identifier
warning - The generic type 'MaterialPageRoute<dynamic>' should have explicit type arguments but doesn't - test\medscanner\view\medscanner_page_test.dart:11:44 - strict_raw_type
  error - The function 'MedscannerPage' isn't defined - test\medscanner\view\medscanner_page_test.dart:16:49 - undefined_function
  error - Undefined name 'MedscannerView' - test\medscanner\view\medscanner_page_test.dart:17:26 - undefined_identifier
   info - Missing documentation explaining why the diagnostic is ignored - test\medscanner\view\widgets\medscanner_body_test.dart:1:1 - document_ignores
   info - The diagnostic 'prefer_const_constructors' isn't produced in this file so it doesn't need to be ignored - test\medscanner\view\widgets\medscanner_body_test.dart:1:21 - unnecessary_ignore
   info - Sort directive sections alphabetically - test\medscanner\view\widgets\medscanner_body_test.dart:4:1 - directives_ordering
  error - Target of URI doesn't exist: 'package:cap_project/medscanner/medscanner.dart' - test\medscanner\view\widgets\medscanner_body_test.dart:4:8 - uri_does_not_exist
  error - The function 'BlocProvider' isn't defined - test\medscanner\view\widgets\medscanner_body_test.dart:11:9 - undefined_function
  error - The function 'MedscannerCubit' isn't defined - test\medscanner\view\widgets\medscanner_body_test.dart:12:32 - undefined_function
  error - The function 'MedscannerBody' isn't defined - test\medscanner\view\widgets\medscanner_body_test.dart:13:36 - undefined_function
   info - Sort directive sections alphabetically - test\widget_test.dart:11:1 - directives_ordering
  error - Target of URI doesn't exist: 'package:cap_project/main.dart' - test\widget_test.dart:11:8 - uri_does_not_exist
  error - The name 'MyApp' isn't a class - test\widget_test.dart:16:35 - creation_with_non_type

